[0.231s] DEBUG:colcon:Command line arguments: ['/usr/bin/colcon', 'build', '--packages-select', 'excavator_auto_dig']
[0.231s] DEBUG:colcon:Parsed command line arguments: Namespace(log_base=None, log_level=None, verb_name='build', build_base='build', install_base='install', merge_install=False, symlink_install=False, test_result_base=None, continue_on_error=False, executor='parallel', parallel_workers=12, event_handlers=None, ignore_user_meta=False, metas=['./colcon.meta'], base_paths=['.'], packages_ignore=None, packages_ignore_regex=None, paths=None, packages_up_to=None, packages_up_to_regex=None, packages_above=None, packages_above_and_dependencies=None, packages_above_depth=None, packages_select_by_dep=None, packages_skip_by_dep=None, packages_skip_up_to=None, packages_select_build_failed=False, packages_skip_build_finished=False, packages_select_test_failures=False, packages_skip_test_passed=False, packages_select=['excavator_auto_dig'], packages_skip=None, packages_select_regex=None, packages_skip_regex=None, packages_start=None, packages_end=None, allow_overriding=[], cmake_args=None, cmake_target=None, cmake_target_skip_unavailable=False, cmake_clean_cache=False, cmake_clean_first=False, cmake_force_configure=False, ament_cmake_args=None, catkin_cmake_args=None, catkin_skip_building_tests=False, verb_parser=<colcon_defaults.argument_parser.defaults.DefaultArgumentsDecorator object at 0x7ba1f9057c40>, verb_extension=<colcon_core.verb.build.BuildVerb object at 0x7ba1f9057700>, main=<bound method BuildVerb.main of <colcon_core.verb.build.BuildVerb object at 0x7ba1f9057700>>)
[0.374s] Level 1:colcon.colcon_core.package_discovery:discover_packages(colcon_meta) check parameters
[0.374s] Level 1:colcon.colcon_core.package_discovery:discover_packages(recursive) check parameters
[0.374s] Level 1:colcon.colcon_core.package_discovery:discover_packages(ignore) check parameters
[0.374s] Level 1:colcon.colcon_core.package_discovery:discover_packages(path) check parameters
[0.374s] Level 1:colcon.colcon_core.package_discovery:discover_packages(colcon_meta) discover
[0.374s] Level 1:colcon.colcon_core.package_discovery:discover_packages(recursive) discover
[0.375s] INFO:colcon.colcon_core.package_discovery:Crawling recursively for packages in '/home/ubuntu2204/mujoco_develop/excavator_ros2_ws'
[0.375s] Level 1:colcon.colcon_core.package_identification:_identify(.) by extensions ['ignore', 'ignore_ament_install']
[0.375s] Level 1:colcon.colcon_core.package_identification:_identify(.) by extension 'ignore'
[0.375s] Level 1:colcon.colcon_core.package_identification:_identify(.) by extension 'ignore_ament_install'
[0.375s] Level 1:colcon.colcon_core.package_identification:_identify(.) by extensions ['colcon_pkg']
[0.375s] Level 1:colcon.colcon_core.package_identification:_identify(.) by extension 'colcon_pkg'
[0.375s] Level 1:colcon.colcon_core.package_identification:_identify(.) by extensions ['colcon_meta']
[0.375s] Level 1:colcon.colcon_core.package_identification:_identify(.) by extension 'colcon_meta'
[0.375s] Level 1:colcon.colcon_core.package_identification:_identify(.) by extensions ['ros']
[0.375s] Level 1:colcon.colcon_core.package_identification:_identify(.) by extension 'ros'
[0.385s] Level 1:colcon.colcon_core.package_identification:_identify(.) by extensions ['cmake', 'python']
[0.385s] Level 1:colcon.colcon_core.package_identification:_identify(.) by extension 'cmake'
[0.385s] Level 1:colcon.colcon_core.package_identification:_identify(.) by extension 'python'
[0.385s] Level 1:colcon.colcon_core.package_identification:_identify(.) by extensions ['python_setup_py']
[0.385s] Level 1:colcon.colcon_core.package_identification:_identify(.) by extension 'python_setup_py'
[0.385s] Level 1:colcon.colcon_core.package_identification:_identify(build) by extensions ['ignore', 'ignore_ament_install']
[0.385s] Level 1:colcon.colcon_core.package_identification:_identify(build) by extension 'ignore'
[0.385s] Level 1:colcon.colcon_core.package_identification:_identify(build) ignored
[0.385s] Level 1:colcon.colcon_core.package_identification:_identify(install) by extensions ['ignore', 'ignore_ament_install']
[0.385s] Level 1:colcon.colcon_core.package_identification:_identify(install) by extension 'ignore'
[0.385s] Level 1:colcon.colcon_core.package_identification:_identify(install) ignored
[0.385s] Level 1:colcon.colcon_core.package_identification:_identify(log) by extensions ['ignore', 'ignore_ament_install']
[0.385s] Level 1:colcon.colcon_core.package_identification:_identify(log) by extension 'ignore'
[0.386s] Level 1:colcon.colcon_core.package_identification:_identify(log) ignored
[0.386s] Level 1:colcon.colcon_core.package_identification:_identify(src) by extensions ['ignore', 'ignore_ament_install']
[0.386s] Level 1:colcon.colcon_core.package_identification:_identify(src) by extension 'ignore'
[0.386s] Level 1:colcon.colcon_core.package_identification:_identify(src) by extension 'ignore_ament_install'
[0.386s] Level 1:colcon.colcon_core.package_identification:_identify(src) by extensions ['colcon_pkg']
[0.386s] Level 1:colcon.colcon_core.package_identification:_identify(src) by extension 'colcon_pkg'
[0.386s] Level 1:colcon.colcon_core.package_identification:_identify(src) by extensions ['colcon_meta']
[0.386s] Level 1:colcon.colcon_core.package_identification:_identify(src) by extension 'colcon_meta'
[0.386s] Level 1:colcon.colcon_core.package_identification:_identify(src) by extensions ['ros']
[0.386s] Level 1:colcon.colcon_core.package_identification:_identify(src) by extension 'ros'
[0.386s] Level 1:colcon.colcon_core.package_identification:_identify(src) by extensions ['cmake', 'python']
[0.386s] Level 1:colcon.colcon_core.package_identification:_identify(src) by extension 'cmake'
[0.386s] Level 1:colcon.colcon_core.package_identification:_identify(src) by extension 'python'
[0.386s] Level 1:colcon.colcon_core.package_identification:_identify(src) by extensions ['python_setup_py']
[0.386s] Level 1:colcon.colcon_core.package_identification:_identify(src) by extension 'python_setup_py'
[0.386s] Level 1:colcon.colcon_core.package_identification:_identify(src/excavator_auto_dig) by extensions ['ignore', 'ignore_ament_install']
[0.386s] Level 1:colcon.colcon_core.package_identification:_identify(src/excavator_auto_dig) by extension 'ignore'
[0.386s] Level 1:colcon.colcon_core.package_identification:_identify(src/excavator_auto_dig) by extension 'ignore_ament_install'
[0.386s] Level 1:colcon.colcon_core.package_identification:_identify(src/excavator_auto_dig) by extensions ['colcon_pkg']
[0.386s] Level 1:colcon.colcon_core.package_identification:_identify(src/excavator_auto_dig) by extension 'colcon_pkg'
[0.386s] Level 1:colcon.colcon_core.package_identification:_identify(src/excavator_auto_dig) by extensions ['colcon_meta']
[0.386s] Level 1:colcon.colcon_core.package_identification:_identify(src/excavator_auto_dig) by extension 'colcon_meta'
[0.386s] Level 1:colcon.colcon_core.package_identification:_identify(src/excavator_auto_dig) by extensions ['ros']
[0.386s] Level 1:colcon.colcon_core.package_identification:_identify(src/excavator_auto_dig) by extension 'ros'
[0.388s] DEBUG:colcon.colcon_core.package_identification:Package 'src/excavator_auto_dig' with type 'ros.ament_cmake' and name 'excavator_auto_dig'
[0.388s] Level 1:colcon.colcon_core.package_identification:_identify(src/excavator_ros2_bridge) by extensions ['ignore', 'ignore_ament_install']
[0.388s] Level 1:colcon.colcon_core.package_identification:_identify(src/excavator_ros2_bridge) by extension 'ignore'
[0.388s] Level 1:colcon.colcon_core.package_identification:_identify(src/excavator_ros2_bridge) by extension 'ignore_ament_install'
[0.388s] Level 1:colcon.colcon_core.package_identification:_identify(src/excavator_ros2_bridge) by extensions ['colcon_pkg']
[0.388s] Level 1:colcon.colcon_core.package_identification:_identify(src/excavator_ros2_bridge) by extension 'colcon_pkg'
[0.388s] Level 1:colcon.colcon_core.package_identification:_identify(src/excavator_ros2_bridge) by extensions ['colcon_meta']
[0.388s] Level 1:colcon.colcon_core.package_identification:_identify(src/excavator_ros2_bridge) by extension 'colcon_meta'
[0.388s] Level 1:colcon.colcon_core.package_identification:_identify(src/excavator_ros2_bridge) by extensions ['ros']
[0.388s] Level 1:colcon.colcon_core.package_identification:_identify(src/excavator_ros2_bridge) by extension 'ros'
[0.390s] DEBUG:colcon.colcon_core.package_identification:Package 'src/excavator_ros2_bridge' with type 'ros.ament_cmake' and name 'excavator_ros2_bridge'
[0.390s] Level 1:colcon.colcon_core.package_identification:_identify(src/excavator_simulate_ros2) by extensions ['ignore', 'ignore_ament_install']
[0.390s] Level 1:colcon.colcon_core.package_identification:_identify(src/excavator_simulate_ros2) by extension 'ignore'
[0.390s] Level 1:colcon.colcon_core.package_identification:_identify(src/excavator_simulate_ros2) by extension 'ignore_ament_install'
[0.390s] Level 1:colcon.colcon_core.package_identification:_identify(src/excavator_simulate_ros2) by extensions ['colcon_pkg']
[0.390s] Level 1:colcon.colcon_core.package_identification:_identify(src/excavator_simulate_ros2) by extension 'colcon_pkg'
[0.390s] Level 1:colcon.colcon_core.package_identification:_identify(src/excavator_simulate_ros2) by extensions ['colcon_meta']
[0.390s] Level 1:colcon.colcon_core.package_identification:_identify(src/excavator_simulate_ros2) by extension 'colcon_meta'
[0.390s] Level 1:colcon.colcon_core.package_identification:_identify(src/excavator_simulate_ros2) by extensions ['ros']
[0.390s] Level 1:colcon.colcon_core.package_identification:_identify(src/excavator_simulate_ros2) by extension 'ros'
[0.391s] DEBUG:colcon.colcon_core.package_identification:Package 'src/excavator_simulate_ros2' with type 'ros.ament_cmake' and name 'excavator_simulate_ros2'
[0.391s] Level 1:colcon.colcon_core.package_identification:_identify(src/excavator_viewer) by extensions ['ignore', 'ignore_ament_install']
[0.391s] Level 1:colcon.colcon_core.package_identification:_identify(src/excavator_viewer) by extension 'ignore'
[0.391s] Level 1:colcon.colcon_core.package_identification:_identify(src/excavator_viewer) by extension 'ignore_ament_install'
[0.391s] Level 1:colcon.colcon_core.package_identification:_identify(src/excavator_viewer) by extensions ['colcon_pkg']
[0.391s] Level 1:colcon.colcon_core.package_identification:_identify(src/excavator_viewer) by extension 'colcon_pkg'
[0.391s] Level 1:colcon.colcon_core.package_identification:_identify(src/excavator_viewer) by extensions ['colcon_meta']
[0.391s] Level 1:colcon.colcon_core.package_identification:_identify(src/excavator_viewer) by extension 'colcon_meta'
[0.391s] Level 1:colcon.colcon_core.package_identification:_identify(src/excavator_viewer) by extensions ['ros']
[0.391s] Level 1:colcon.colcon_core.package_identification:_identify(src/excavator_viewer) by extension 'ros'
[0.391s] DEBUG:colcon.colcon_core.package_identification:Package 'src/excavator_viewer' with type 'ros.ament_cmake' and name 'excavator_viewer'
[0.391s] Level 1:colcon.colcon_core.package_discovery:discover_packages(recursive) using defaults
[0.391s] Level 1:colcon.colcon_core.package_discovery:discover_packages(ignore) discover
[0.391s] Level 1:colcon.colcon_core.package_discovery:discover_packages(ignore) using defaults
[0.391s] Level 1:colcon.colcon_core.package_discovery:discover_packages(path) discover
[0.391s] Level 1:colcon.colcon_core.package_discovery:discover_packages(path) using defaults
[0.416s] INFO:colcon.colcon_core.package_selection:Skipping not selected package 'excavator_ros2_bridge' in 'src/excavator_ros2_bridge'
[0.416s] INFO:colcon.colcon_core.package_selection:Skipping not selected package 'excavator_simulate_ros2' in 'src/excavator_simulate_ros2'
[0.416s] INFO:colcon.colcon_core.package_selection:Skipping not selected package 'excavator_viewer' in 'src/excavator_viewer'
[0.416s] Level 1:colcon.colcon_core.package_discovery:discover_packages(prefix_path) check parameters
[0.416s] Level 1:colcon.colcon_core.package_discovery:discover_packages(prefix_path) discover
[0.419s] DEBUG:colcon.colcon_installed_package_information.package_discovery:Found 21 installed packages in /home/ubuntu2204/wslearning/install
[0.420s] DEBUG:colcon.colcon_installed_package_information.package_discovery:Found 468 installed packages in /opt/ros/humble
[0.422s] Level 1:colcon.colcon_core.package_discovery:discover_packages(prefix_path) using defaults
[0.458s] Level 5:colcon.colcon_core.verb:set package 'excavator_auto_dig' build argument 'cmake_args' from command line to 'None'
[0.458s] Level 5:colcon.colcon_core.verb:set package 'excavator_auto_dig' build argument 'cmake_target' from command line to 'None'
[0.458s] Level 5:colcon.colcon_core.verb:set package 'excavator_auto_dig' build argument 'cmake_target_skip_unavailable' from command line to 'False'
[0.458s] Level 5:colcon.colcon_core.verb:set package 'excavator_auto_dig' build argument 'cmake_clean_cache' from command line to 'False'
[0.458s] Level 5:colcon.colcon_core.verb:set package 'excavator_auto_dig' build argument 'cmake_clean_first' from command line to 'False'
[0.458s] Level 5:colcon.colcon_core.verb:set package 'excavator_auto_dig' build argument 'cmake_force_configure' from command line to 'False'
[0.458s] Level 5:colcon.colcon_core.verb:set package 'excavator_auto_dig' build argument 'ament_cmake_args' from command line to 'None'
[0.458s] Level 5:colcon.colcon_core.verb:set package 'excavator_auto_dig' build argument 'catkin_cmake_args' from command line to 'None'
[0.458s] Level 5:colcon.colcon_core.verb:set package 'excavator_auto_dig' build argument 'catkin_skip_building_tests' from command line to 'False'
[0.458s] DEBUG:colcon.colcon_core.verb:Building package 'excavator_auto_dig' with the following arguments: {'ament_cmake_args': None, 'build_base': '/home/ubuntu2204/mujoco_develop/excavator_ros2_ws/build/excavator_auto_dig', 'catkin_cmake_args': None, 'catkin_skip_building_tests': False, 'cmake_args': None, 'cmake_clean_cache': False, 'cmake_clean_first': False, 'cmake_force_configure': False, 'cmake_target': None, 'cmake_target_skip_unavailable': False, 'install_base': '/home/ubuntu2204/mujoco_develop/excavator_ros2_ws/install/excavator_auto_dig', 'merge_install': False, 'path': '/home/ubuntu2204/mujoco_develop/excavator_ros2_ws/src/excavator_auto_dig', 'symlink_install': False, 'test_result_base': None}
[0.459s] INFO:colcon.colcon_core.executor:Executing jobs using 'parallel' executor
[0.460s] DEBUG:colcon.colcon_parallel_executor.executor.parallel:run_until_complete
[0.461s] INFO:colcon.colcon_ros.task.ament_cmake.build:Building ROS package in '/home/ubuntu2204/mujoco_develop/excavator_ros2_ws/src/excavator_auto_dig' with build type 'ament_cmake'
[0.461s] INFO:colcon.colcon_cmake.task.cmake.build:Building CMake package in '/home/ubuntu2204/mujoco_develop/excavator_ros2_ws/src/excavator_auto_dig'
[0.463s] INFO:colcon.colcon_core.plugin_system:Skipping extension 'colcon_core.shell.bat': Not used on non-Windows systems
[0.463s] INFO:colcon.colcon_core.shell:Skip shell extension 'powershell' for command environment: Not usable outside of PowerShell
[0.463s] DEBUG:colcon.colcon_core.shell:Skip shell extension 'dsv' for command environment
[0.471s] DEBUG:colcon.colcon_core.event_handler.log_command:Invoking command in '/home/ubuntu2204/mujoco_develop/excavator_ros2_ws/build/excavator_auto_dig': CMAKE_PREFIX_PATH=${CMAKE_PREFIX_PATH}:/home/ubuntu2204/wslearning/install/learning_urdf:/home/ubuntu2204/wslearning/install/learning_topic:/home/ubuntu2204/wslearning/install/learning_tf:/home/ubuntu2204/wslearning/install/learning_service:/home/ubuntu2204/wslearning/install/learning_qos:/home/ubuntu2204/wslearning/install/learning_pkg_python:/home/ubuntu2204/wslearning/install/learning_parameter:/home/ubuntu2204/wslearning/install/learning_node:/home/ubuntu2204/wslearning/install/learning_launch:/home/ubuntu2204/wslearning/install/learning_action:/home/ubuntu2204/wslearning/install/learning_gazebo_harmonic:/home/ubuntu2204/wslearning/install/learning_gazebo:/home/ubuntu2204/wslearning/install/learning_cv:/opt/ros/humble /usr/bin/cmake --build /home/ubuntu2204/mujoco_develop/excavator_ros2_ws/build/excavator_auto_dig -- -j12 -l12
[12.043s] DEBUG:colcon.colcon_core.event_handler.log_command:Invoked command in '/home/ubuntu2204/mujoco_develop/excavator_ros2_ws/build/excavator_auto_dig' returned '0': CMAKE_PREFIX_PATH=${CMAKE_PREFIX_PATH}:/home/ubuntu2204/wslearning/install/learning_urdf:/home/ubuntu2204/wslearning/install/learning_topic:/home/ubuntu2204/wslearning/install/learning_tf:/home/ubuntu2204/wslearning/install/learning_service:/home/ubuntu2204/wslearning/install/learning_qos:/home/ubuntu2204/wslearning/install/learning_pkg_python:/home/ubuntu2204/wslearning/install/learning_parameter:/home/ubuntu2204/wslearning/install/learning_node:/home/ubuntu2204/wslearning/install/learning_launch:/home/ubuntu2204/wslearning/install/learning_action:/home/ubuntu2204/wslearning/install/learning_gazebo_harmonic:/home/ubuntu2204/wslearning/install/learning_gazebo:/home/ubuntu2204/wslearning/install/learning_cv:/opt/ros/humble /usr/bin/cmake --build /home/ubuntu2204/mujoco_develop/excavator_ros2_ws/build/excavator_auto_dig -- -j12 -l12
[12.052s] DEBUG:colcon.colcon_core.event_handler.log_command:Invoking command in '/home/ubuntu2204/mujoco_develop/excavator_ros2_ws/build/excavator_auto_dig': CMAKE_PREFIX_PATH=${CMAKE_PREFIX_PATH}:/home/ubuntu2204/wslearning/install/learning_urdf:/home/ubuntu2204/wslearning/install/learning_topic:/home/ubuntu2204/wslearning/install/learning_tf:/home/ubuntu2204/wslearning/install/learning_service:/home/ubuntu2204/wslearning/install/learning_qos:/home/ubuntu2204/wslearning/install/learning_pkg_python:/home/ubuntu2204/wslearning/install/learning_parameter:/home/ubuntu2204/wslearning/install/learning_node:/home/ubuntu2204/wslearning/install/learning_launch:/home/ubuntu2204/wslearning/install/learning_action:/home/ubuntu2204/wslearning/install/learning_gazebo_harmonic:/home/ubuntu2204/wslearning/install/learning_gazebo:/home/ubuntu2204/wslearning/install/learning_cv:/opt/ros/humble /usr/bin/cmake --install /home/ubuntu2204/mujoco_develop/excavator_ros2_ws/build/excavator_auto_dig
[12.061s] Level 1:colcon.colcon_core.environment:create_environment_scripts_only(excavator_auto_dig)
[12.062s] DEBUG:colcon.colcon_core.event_handler.log_command:Invoked command in '/home/ubuntu2204/mujoco_develop/excavator_ros2_ws/build/excavator_auto_dig' returned '0': CMAKE_PREFIX_PATH=${CMAKE_PREFIX_PATH}:/home/ubuntu2204/wslearning/install/learning_urdf:/home/ubuntu2204/wslearning/install/learning_topic:/home/ubuntu2204/wslearning/install/learning_tf:/home/ubuntu2204/wslearning/install/learning_service:/home/ubuntu2204/wslearning/install/learning_qos:/home/ubuntu2204/wslearning/install/learning_pkg_python:/home/ubuntu2204/wslearning/install/learning_parameter:/home/ubuntu2204/wslearning/install/learning_node:/home/ubuntu2204/wslearning/install/learning_launch:/home/ubuntu2204/wslearning/install/learning_action:/home/ubuntu2204/wslearning/install/learning_gazebo_harmonic:/home/ubuntu2204/wslearning/install/learning_gazebo:/home/ubuntu2204/wslearning/install/learning_cv:/opt/ros/humble /usr/bin/cmake --install /home/ubuntu2204/mujoco_develop/excavator_ros2_ws/build/excavator_auto_dig
[12.063s] Level 1:colcon.colcon_core.environment:checking '/home/ubuntu2204/mujoco_develop/excavator_ros2_ws/install/excavator_auto_dig' for CMake module files
[12.064s] Level 1:colcon.colcon_core.environment:checking '/home/ubuntu2204/mujoco_develop/excavator_ros2_ws/install/excavator_auto_dig' for CMake config files
[12.064s] Level 1:colcon.colcon_core.shell:create_environment_hook('excavator_auto_dig', 'cmake_prefix_path')
[12.064s] INFO:colcon.colcon_core.shell:Creating environment hook '/home/ubuntu2204/mujoco_develop/excavator_ros2_ws/install/excavator_auto_dig/share/excavator_auto_dig/hook/cmake_prefix_path.ps1'
[12.064s] INFO:colcon.colcon_core.shell:Creating environment descriptor '/home/ubuntu2204/mujoco_develop/excavator_ros2_ws/install/excavator_auto_dig/share/excavator_auto_dig/hook/cmake_prefix_path.dsv'
[12.065s] INFO:colcon.colcon_core.shell:Creating environment hook '/home/ubuntu2204/mujoco_develop/excavator_ros2_ws/install/excavator_auto_dig/share/excavator_auto_dig/hook/cmake_prefix_path.sh'
[12.065s] Level 1:colcon.colcon_core.environment:checking '/home/ubuntu2204/mujoco_develop/excavator_ros2_ws/install/excavator_auto_dig/lib'
[12.066s] Level 1:colcon.colcon_core.environment:checking '/home/ubuntu2204/mujoco_develop/excavator_ros2_ws/install/excavator_auto_dig/bin'
[12.066s] Level 1:colcon.colcon_core.environment:checking '/home/ubuntu2204/mujoco_develop/excavator_ros2_ws/install/excavator_auto_dig/lib/pkgconfig/excavator_auto_dig.pc'
[12.066s] Level 1:colcon.colcon_core.environment:checking '/home/ubuntu2204/mujoco_develop/excavator_ros2_ws/install/excavator_auto_dig/lib/python3.10/site-packages'
[12.066s] Level 1:colcon.colcon_core.environment:checking '/home/ubuntu2204/mujoco_develop/excavator_ros2_ws/install/excavator_auto_dig/bin'
[12.067s] INFO:colcon.colcon_core.shell:Creating package script '/home/ubuntu2204/mujoco_develop/excavator_ros2_ws/install/excavator_auto_dig/share/excavator_auto_dig/package.ps1'
[12.068s] INFO:colcon.colcon_core.shell:Creating package descriptor '/home/ubuntu2204/mujoco_develop/excavator_ros2_ws/install/excavator_auto_dig/share/excavator_auto_dig/package.dsv'
[12.069s] INFO:colcon.colcon_core.shell:Creating package script '/home/ubuntu2204/mujoco_develop/excavator_ros2_ws/install/excavator_auto_dig/share/excavator_auto_dig/package.sh'
[12.069s] INFO:colcon.colcon_core.shell:Creating package script '/home/ubuntu2204/mujoco_develop/excavator_ros2_ws/install/excavator_auto_dig/share/excavator_auto_dig/package.bash'
[12.070s] INFO:colcon.colcon_core.shell:Creating package script '/home/ubuntu2204/mujoco_develop/excavator_ros2_ws/install/excavator_auto_dig/share/excavator_auto_dig/package.zsh'
[12.071s] Level 1:colcon.colcon_core.environment:create_file_with_runtime_dependencies(/home/ubuntu2204/mujoco_develop/excavator_ros2_ws/install/excavator_auto_dig/share/colcon-core/packages/excavator_auto_dig)
[12.071s] Level 1:colcon.colcon_core.environment:create_environment_scripts_only(excavator_auto_dig)
[12.071s] Level 1:colcon.colcon_core.environment:checking '/home/ubuntu2204/mujoco_develop/excavator_ros2_ws/install/excavator_auto_dig' for CMake module files
[12.072s] Level 1:colcon.colcon_core.environment:checking '/home/ubuntu2204/mujoco_develop/excavator_ros2_ws/install/excavator_auto_dig' for CMake config files
[12.072s] Level 1:colcon.colcon_core.shell:create_environment_hook('excavator_auto_dig', 'cmake_prefix_path')
[12.072s] INFO:colcon.colcon_core.shell:Creating environment hook '/home/ubuntu2204/mujoco_develop/excavator_ros2_ws/install/excavator_auto_dig/share/excavator_auto_dig/hook/cmake_prefix_path.ps1'
[12.073s] INFO:colcon.colcon_core.shell:Creating environment descriptor '/home/ubuntu2204/mujoco_develop/excavator_ros2_ws/install/excavator_auto_dig/share/excavator_auto_dig/hook/cmake_prefix_path.dsv'
[12.073s] INFO:colcon.colcon_core.shell:Creating environment hook '/home/ubuntu2204/mujoco_develop/excavator_ros2_ws/install/excavator_auto_dig/share/excavator_auto_dig/hook/cmake_prefix_path.sh'
[12.074s] Level 1:colcon.colcon_core.environment:checking '/home/ubuntu2204/mujoco_develop/excavator_ros2_ws/install/excavator_auto_dig/lib'
[12.074s] Level 1:colcon.colcon_core.environment:checking '/home/ubuntu2204/mujoco_develop/excavator_ros2_ws/install/excavator_auto_dig/bin'
[12.074s] Level 1:colcon.colcon_core.environment:checking '/home/ubuntu2204/mujoco_develop/excavator_ros2_ws/install/excavator_auto_dig/lib/pkgconfig/excavator_auto_dig.pc'
[12.075s] Level 1:colcon.colcon_core.environment:checking '/home/ubuntu2204/mujoco_develop/excavator_ros2_ws/install/excavator_auto_dig/lib/python3.10/site-packages'
[12.075s] Level 1:colcon.colcon_core.environment:checking '/home/ubuntu2204/mujoco_develop/excavator_ros2_ws/install/excavator_auto_dig/bin'
[12.075s] INFO:colcon.colcon_core.shell:Creating package script '/home/ubuntu2204/mujoco_develop/excavator_ros2_ws/install/excavator_auto_dig/share/excavator_auto_dig/package.ps1'
[12.076s] INFO:colcon.colcon_core.shell:Creating package descriptor '/home/ubuntu2204/mujoco_develop/excavator_ros2_ws/install/excavator_auto_dig/share/excavator_auto_dig/package.dsv'
[12.076s] INFO:colcon.colcon_core.shell:Creating package script '/home/ubuntu2204/mujoco_develop/excavator_ros2_ws/install/excavator_auto_dig/share/excavator_auto_dig/package.sh'
[12.077s] INFO:colcon.colcon_core.shell:Creating package script '/home/ubuntu2204/mujoco_develop/excavator_ros2_ws/install/excavator_auto_dig/share/excavator_auto_dig/package.bash'
[12.077s] INFO:colcon.colcon_core.shell:Creating package script '/home/ubuntu2204/mujoco_develop/excavator_ros2_ws/install/excavator_auto_dig/share/excavator_auto_dig/package.zsh'
[12.077s] Level 1:colcon.colcon_core.environment:create_file_with_runtime_dependencies(/home/ubuntu2204/mujoco_develop/excavator_ros2_ws/install/excavator_auto_dig/share/colcon-core/packages/excavator_auto_dig)
[12.077s] DEBUG:colcon.colcon_parallel_executor.executor.parallel:closing loop
[12.078s] DEBUG:colcon.colcon_parallel_executor.executor.parallel:loop closed
[12.078s] DEBUG:colcon.colcon_parallel_executor.executor.parallel:run_until_complete finished with '0'
[12.078s] DEBUG:colcon.colcon_core.event_reactor:joining thread
[12.149s] INFO:colcon.colcon_core.plugin_system:Skipping extension 'colcon_notification.desktop_notification.notify_send': Could not find 'notify-send'
[12.149s] INFO:colcon.colcon_core.plugin_system:Skipping extension 'colcon_notification.desktop_notification.terminal_notifier': Not used on non-Darwin systems
[12.149s] INFO:colcon.colcon_core.plugin_system:Skipping extension 'colcon_notification.desktop_notification.win32': Not used on non-Windows systems
[12.149s] INFO:colcon.colcon_notification.desktop_notification:Sending desktop notification using 'notify2'
[12.151s] DEBUG:colcon.colcon_notification.desktop_notification.notify2:Failed to initialize notify2: org.freedesktop.DBus.Error.ServiceUnknown: The name org.freedesktop.Notifications was not provided by any .service files
[12.151s] DEBUG:colcon.colcon_core.event_reactor:joined thread
[12.151s] INFO:colcon.colcon_core.shell:Creating prefix script '/home/ubuntu2204/mujoco_develop/excavator_ros2_ws/install/local_setup.ps1'
[12.152s] INFO:colcon.colcon_core.shell:Creating prefix util module '/home/ubuntu2204/mujoco_develop/excavator_ros2_ws/install/_local_setup_util_ps1.py'
[12.153s] INFO:colcon.colcon_core.shell:Creating prefix chain script '/home/ubuntu2204/mujoco_develop/excavator_ros2_ws/install/setup.ps1'
[12.154s] INFO:colcon.colcon_core.shell:Creating prefix script '/home/ubuntu2204/mujoco_develop/excavator_ros2_ws/install/local_setup.sh'
[12.154s] INFO:colcon.colcon_core.shell:Creating prefix util module '/home/ubuntu2204/mujoco_develop/excavator_ros2_ws/install/_local_setup_util_sh.py'
[12.155s] INFO:colcon.colcon_core.shell:Creating prefix chain script '/home/ubuntu2204/mujoco_develop/excavator_ros2_ws/install/setup.sh'
[12.156s] INFO:colcon.colcon_core.shell:Creating prefix script '/home/ubuntu2204/mujoco_develop/excavator_ros2_ws/install/local_setup.bash'
[12.156s] INFO:colcon.colcon_core.shell:Creating prefix chain script '/home/ubuntu2204/mujoco_develop/excavator_ros2_ws/install/setup.bash'
[12.157s] INFO:colcon.colcon_core.shell:Creating prefix script '/home/ubuntu2204/mujoco_develop/excavator_ros2_ws/install/local_setup.zsh'
[12.158s] INFO:colcon.colcon_core.shell:Creating prefix chain script '/home/ubuntu2204/mujoco_develop/excavator_ros2_ws/install/setup.zsh'
