[0.009s] Invoking command in '/home/ubuntu2204/mujoco_develop/excavator_ros2_ws/build/excavator_viewer': CMAKE_PREFIX_PATH=${CMAKE_PREFIX_PATH}:/home/ubuntu2204/wslearning/install/learning_urdf:/home/ubuntu2204/wslearning/install/learning_topic:/home/ubuntu2204/wslearning/install/learning_tf:/home/ubuntu2204/wslearning/install/learning_service:/home/ubuntu2204/wslearning/install/learning_qos:/home/ubuntu2204/wslearning/install/learning_pkg_python:/home/ubuntu2204/wslearning/install/learning_parameter:/home/ubuntu2204/wslearning/install/learning_node:/home/ubuntu2204/wslearning/install/learning_launch:/home/ubuntu2204/wslearning/install/learning_action:/home/ubuntu2204/wslearning/install/learning_gazebo_harmonic:/home/ubuntu2204/wslearning/install/learning_gazebo:/home/ubuntu2204/wslearning/install/learning_cv:/opt/ros/humble /usr/bin/cmake /home/ubuntu2204/mujoco_develop/excavator_ros2_ws/src/excavator_viewer -DCMAKE_BUILD_TYPE=Release -DCMAKE_INSTALL_PREFIX=/home/ubuntu2204/mujoco_develop/excavator_ros2_ws/install/excavator_viewer
[0.200s] -- The C compiler identification is GNU 11.4.0
[0.753s] -- The CXX compiler identification is GNU 12.3.0
[1.166s] -- Detecting C compiler ABI info
[1.321s] -- Detecting C compiler ABI info - done
[1.326s] -- Check for working C compiler: /usr/bin/cc - skipped
[1.327s] -- Detecting C compile features
[1.327s] -- Detecting C compile features - done
[1.329s] -- Detecting CXX compiler ABI info
[1.514s] -- Detecting CXX compiler ABI info - done
[1.518s] -- Check for working CXX compiler: /usr/bin/c++ - skipped
[1.518s] -- Detecting CXX compile features
[1.519s] -- Detecting CXX compile features - done
[1.524s] -- Found ament_cmake: 1.3.14 (/opt/ros/humble/share/ament_cmake/cmake)
[1.635s] -- Found Python3: /usr/bin/python3 (found version "3.10.12") found components: Interpreter 
[1.719s] -- Found rclcpp: 16.0.19 (/opt/ros/humble/share/rclcpp/cmake)
[1.930s] -- Found rosidl_generator_c: 3.1.8 (/opt/ros/humble/share/rosidl_generator_c/cmake)
[1.936s] -- Found rosidl_adapter: 3.1.8 (/opt/ros/humble/share/rosidl_adapter/cmake)
[1.943s] -- Found rosidl_generator_cpp: 3.1.8 (/opt/ros/humble/share/rosidl_generator_cpp/cmake)
[1.956s] -- Using all available rosidl_typesupport_c: rosidl_typesupport_fastrtps_c;rosidl_typesupport_introspection_c
[1.973s] -- Using all available rosidl_typesupport_cpp: rosidl_typesupport_fastrtps_cpp;rosidl_typesupport_introspection_cpp
[2.013s] -- Found rmw_implementation_cmake: 6.1.2 (/opt/ros/humble/share/rmw_implementation_cmake/cmake)
[2.017s] -- Found rmw_fastrtps_cpp: 6.2.10 (/opt/ros/humble/share/rmw_fastrtps_cpp/cmake)
[3.655s] -- Found OpenSSL: /usr/lib/x86_64-linux-gnu/libcrypto.so (found version "3.0.2")  
[5.398s] -- Found FastRTPS: /opt/ros/humble/include  
[8.741s] -- Using RMW implementation 'rmw_fastrtps_cpp' as default
[8.751s] -- Looking for pthread.h
[8.904s] -- Looking for pthread.h - found
[8.905s] -- Performing Test CMAKE_HAVE_LIBC_PTHREAD
[9.057s] -- Performing Test CMAKE_HAVE_LIBC_PTHREAD - Success
[9.058s] -- Found Threads: TRUE  
[9.101s] -- Found sensor_msgs: 4.9.1 (/opt/ros/humble/share/sensor_msgs/cmake)
[9.736s] CMake Warning (dev) at /usr/share/cmake-3.22/Modules/FindOpenGL.cmake:315 (message):
[9.736s]   Policy CMP0072 is not set: FindOpenGL prefers GLVND by default when
[9.736s]   available.  Run "cmake --help-policy CMP0072" for policy details.  Use the
[9.736s]   cmake_policy command to set the policy and suppress this warning.
[9.736s] 
[9.736s]   FindOpenGL found both a legacy GL library:
[9.736s] 
[9.736s]     OPENGL_gl_LIBRARY: /usr/lib/x86_64-linux-gnu/libGL.so
[9.736s] 
[9.736s]   and GLVND libraries for OpenGL and GLX:
[9.736s] 
[9.736s]     OPENGL_opengl_LIBRARY: /usr/lib/x86_64-linux-gnu/libOpenGL.so
[9.736s]     OPENGL_glx_LIBRARY: /usr/lib/x86_64-linux-gnu/libGLX.so
[9.737s] 
[9.737s]   OpenGL_GL_PREFERENCE has not been set to "GLVND" or "LEGACY", so for
[9.737s]   compatibility with CMake 3.10 and below the legacy GL library will be used.
[9.737s] Call Stack (most recent call first):
[9.737s]   CMakeLists.txt:20 (find_package)
[9.737s] This warning is for project developers.  Use -Wno-dev to suppress it.
[9.737s] 
[9.737s] -- Found OpenGL: /usr/lib/x86_64-linux-gnu/libOpenGL.so   
[9.788s] -- Configuring done
[9.796s] -- Generating done
[9.799s] -- Build files have been written to: /home/ubuntu2204/mujoco_develop/excavator_ros2_ws/build/excavator_viewer
[9.805s] Invoked command in '/home/ubuntu2204/mujoco_develop/excavator_ros2_ws/build/excavator_viewer' returned '0': CMAKE_PREFIX_PATH=${CMAKE_PREFIX_PATH}:/home/ubuntu2204/wslearning/install/learning_urdf:/home/ubuntu2204/wslearning/install/learning_topic:/home/ubuntu2204/wslearning/install/learning_tf:/home/ubuntu2204/wslearning/install/learning_service:/home/ubuntu2204/wslearning/install/learning_qos:/home/ubuntu2204/wslearning/install/learning_pkg_python:/home/ubuntu2204/wslearning/install/learning_parameter:/home/ubuntu2204/wslearning/install/learning_node:/home/ubuntu2204/wslearning/install/learning_launch:/home/ubuntu2204/wslearning/install/learning_action:/home/ubuntu2204/wslearning/install/learning_gazebo_harmonic:/home/ubuntu2204/wslearning/install/learning_gazebo:/home/ubuntu2204/wslearning/install/learning_cv:/opt/ros/humble /usr/bin/cmake /home/ubuntu2204/mujoco_develop/excavator_ros2_ws/src/excavator_viewer -DCMAKE_BUILD_TYPE=Release -DCMAKE_INSTALL_PREFIX=/home/ubuntu2204/mujoco_develop/excavator_ros2_ws/install/excavator_viewer
[9.806s] Invoking command in '/home/ubuntu2204/mujoco_develop/excavator_ros2_ws/build/excavator_viewer': CMAKE_PREFIX_PATH=${CMAKE_PREFIX_PATH}:/home/ubuntu2204/wslearning/install/learning_urdf:/home/ubuntu2204/wslearning/install/learning_topic:/home/ubuntu2204/wslearning/install/learning_tf:/home/ubuntu2204/wslearning/install/learning_service:/home/ubuntu2204/wslearning/install/learning_qos:/home/ubuntu2204/wslearning/install/learning_pkg_python:/home/ubuntu2204/wslearning/install/learning_parameter:/home/ubuntu2204/wslearning/install/learning_node:/home/ubuntu2204/wslearning/install/learning_launch:/home/ubuntu2204/wslearning/install/learning_action:/home/ubuntu2204/wslearning/install/learning_gazebo_harmonic:/home/ubuntu2204/wslearning/install/learning_gazebo:/home/ubuntu2204/wslearning/install/learning_cv:/opt/ros/humble /usr/bin/cmake --build /home/ubuntu2204/mujoco_develop/excavator_ros2_ws/build/excavator_viewer -- -j12 -l12
[9.839s] [ 50%] Building CXX object CMakeFiles/mujoco_viewer.dir/src/mujoco_viewer.cpp.o
[17.532s] [100%] Linking CXX executable mujoco_viewer
[17.742s] /usr/bin/ld: /home/ubuntu2204/mujoco_develop/excavator_ros2_ws/src/excavator_viewer/../../../excavator_simulator_mujoco/build/lib/libglfw3.a(x11_init.c.o): in function `_glfwGrabErrorHandlerX11':
[17.742s] x11_init.c:(.text._glfwGrabErrorHandlerX11+0x1a): undefined reference to `XSetErrorHandler'
[17.742s] /usr/bin/ld: /home/ubuntu2204/mujoco_develop/excavator_ros2_ws/src/excavator_viewer/../../../excavator_simulator_mujoco/build/lib/libglfw3.a(x11_init.c.o): in function `_glfwReleaseErrorHandlerX11':
[17.742s] x11_init.c:(.text._glfwReleaseErrorHandlerX11+0x12): undefined reference to `XSync'
[17.742s] /usr/bin/ld: x11_init.c:(.text._glfwReleaseErrorHandlerX11+0x1e): undefined reference to `XSetErrorHandler'
[17.742s] /usr/bin/ld: /home/ubuntu2204/mujoco_develop/excavator_ros2_ws/src/excavator_viewer/../../../excavator_simulator_mujoco/build/lib/libglfw3.a(x11_init.c.o): in function `_glfwInputErrorX11':
[17.742s] x11_init.c:(.text._glfwInputErrorX11+0x30): undefined reference to `XGetErrorText'
[17.743s] /usr/bin/ld: /home/ubuntu2204/mujoco_develop/excavator_ros2_ws/src/excavator_viewer/../../../excavator_simulator_mujoco/build/lib/libglfw3.a(x11_init.c.o): in function `_glfwPlatformInit':
[17.744s] x11_init.c:(.text._glfwPlatformInit+0x3c): undefined reference to `XInitThreads'
[17.744s] /usr/bin/ld: x11_init.c:(.text._glfwPlatformInit+0x41): undefined reference to `XrmInitialize'
[17.744s] /usr/bin/ld: x11_init.c:(.text._glfwPlatformInit+0x48): undefined reference to `XOpenDisplay'
[17.744s] /usr/bin/ld: x11_init.c:(.text._glfwPlatformInit+0x89): undefined reference to `XrmUniqueQuark'
[17.744s] /usr/bin/ld: x11_init.c:(.text._glfwPlatformInit+0x9c): undefined reference to `XResourceManagerString'
[17.744s] /usr/bin/ld: x11_init.c:(.text._glfwPlatformInit+0xb5): undefined reference to `XrmGetStringDatabase'
[17.744s] /usr/bin/ld: x11_init.c:(.text._glfwPlatformInit+0xee): undefined reference to `XrmGetResource'
[17.744s] /usr/bin/ld: x11_init.c:(.text._glfwPlatformInit+0x138): undefined reference to `XrmDestroyDatabase'
[17.744s] /usr/bin/ld: x11_init.c:(.text._glfwPlatformInit+0x3fa): undefined reference to `XQueryExtension'
[17.744s] /usr/bin/ld: x11_init.c:(.text._glfwPlatformInit+0x8b0): undefined reference to `XkbQueryExtension'
[17.744s] /usr/bin/ld: x11_init.c:(.text._glfwPlatformInit+0x8d1): undefined reference to `XkbSetDetectableAutoRepeat'
[17.744s] /usr/bin/ld: x11_init.c:(.text._glfwPlatformInit+0x8fd): undefined reference to `XkbGetState'
[17.744s] /usr/bin/ld: x11_init.c:(.text._glfwPlatformInit+0x92e): undefined reference to `XkbSelectEventDetails'
[17.744s] /usr/bin/ld: x11_init.c:(.text._glfwPlatformInit+0xa4a): undefined reference to `XkbGetMap'
[17.744s] /usr/bin/ld: x11_init.c:(.text._glfwPlatformInit+0xa61): undefined reference to `XkbGetNames'
[17.744s] /usr/bin/ld: x11_init.c:(.text._glfwPlatformInit+0xa9f): undefined reference to `XkbFreeNames'
[17.744s] /usr/bin/ld: x11_init.c:(.text._glfwPlatformInit+0xaae): undefined reference to `XkbFreeKeyboard'
[17.744s] /usr/bin/ld: x11_init.c:(.text._glfwPlatformInit+0xac9): undefined reference to `XDisplayKeycodes'
[17.744s] /usr/bin/ld: x11_init.c:(.text._glfwPlatformInit+0xaea): undefined reference to `XGetKeyboardMapping'
[17.744s] /usr/bin/ld: x11_init.c:(.text._glfwPlatformInit+0xb02): undefined reference to `XFree'
[17.744s] /usr/bin/ld: x11_init.c:(.text._glfwPlatformInit+0xb17): undefined reference to `XInternAtom'
[17.744s] /usr/bin/ld: x11_init.c:(.text._glfwPlatformInit+0xb33): undefined reference to `XInternAtom'
[17.744s] /usr/bin/ld: x11_init.c:(.text._glfwPlatformInit+0xb4f): undefined reference to `XInternAtom'
[17.744s] /usr/bin/ld: x11_init.c:(.text._glfwPlatformInit+0xb6b): undefined reference to `XInternAtom'
[17.744s] /usr/bin/ld: x11_init.c:(.text._glfwPlatformInit+0xb87): undefined reference to `XInternAtom'
[17.744s] /usr/bin/ld: /home/ubuntu2204/mujoco_develop/excavator_ros2_ws/src/excavator_viewer/../../../excavator_simulator_mujoco/build/lib/libglfw3.a(x11_init.c.o):x11_init.c:(.text._glfwPlatformInit+0xba3): more undefined references to `XInternAtom' follow
[17.744s] /usr/bin/ld: /home/ubuntu2204/mujoco_develop/excavator_ros2_ws/src/excavator_viewer/../../../excavator_simulator_mujoco/build/lib/libglfw3.a(x11_init.c.o): in function `_glfwPlatformInit':
[17.744s] x11_init.c:(.text._glfwPlatformInit+0xf3d): undefined reference to `XSetErrorHandler'
[17.744s] /usr/bin/ld: x11_init.c:(.text._glfwPlatformInit+0xf82): undefined reference to `XSync'
[17.744s] /usr/bin/ld: x11_init.c:(.text._glfwPlatformInit+0xf8e): undefined reference to `XSetErrorHandler'
[17.744s] /usr/bin/ld: x11_init.c:(.text._glfwPlatformInit+0xfae): undefined reference to `XFree'
[17.744s] /usr/bin/ld: x11_init.c:(.text._glfwPlatformInit+0xfb8): undefined reference to `XFree'
[17.744s] /usr/bin/ld: x11_init.c:(.text._glfwPlatformInit+0x1004): undefined reference to `XInternAtom'
[17.744s] /usr/bin/ld: x11_init.c:(.text._glfwPlatformInit+0x103e): undefined reference to `XInternAtom'
[17.744s] /usr/bin/ld: x11_init.c:(.text._glfwPlatformInit+0x1078): undefined reference to `XInternAtom'
[17.744s] /usr/bin/ld: x11_init.c:(.text._glfwPlatformInit+0x10b2): undefined reference to `XInternAtom'
[17.744s] /usr/bin/ld: x11_init.c:(.text._glfwPlatformInit+0x10ec): undefined reference to `XInternAtom'
[17.744s] /usr/bin/ld: /home/ubuntu2204/mujoco_develop/excavator_ros2_ws/src/excavator_viewer/../../../excavator_simulator_mujoco/build/lib/libglfw3.a(x11_init.c.o):x11_init.c:(.text._glfwPlatformInit+0x1126): more undefined references to `XInternAtom' follow
[17.744s] /usr/bin/ld: /home/ubuntu2204/mujoco_develop/excavator_ros2_ws/src/excavator_viewer/../../../excavator_simulator_mujoco/build/lib/libglfw3.a(x11_init.c.o): in function `_glfwPlatformInit':
[17.744s] x11_init.c:(.text._glfwPlatformInit+0x1941): undefined reference to `XFree'
[17.744s] /usr/bin/ld: x11_init.c:(.text._glfwPlatformInit+0x1995): undefined reference to `XCreateWindow'
[17.744s] /usr/bin/ld: x11_init.c:(.text._glfwPlatformInit+0x1a7b): undefined reference to `XSupportsLocale'
[17.744s] /usr/bin/ld: x11_init.c:(.text._glfwPlatformInit+0x1a8f): undefined reference to `XSetLocaleModifiers'
[17.744s] /usr/bin/ld: x11_init.c:(.text._glfwPlatformInit+0x1aa1): undefined reference to `XOpenIM'
[17.745s] /usr/bin/ld: x11_init.c:(.text._glfwPlatformInit+0x1ace): undefined reference to `XGetIMValues'
[17.745s] /usr/bin/ld: x11_init.c:(.text._glfwPlatformInit+0x1b02): undefined reference to `XFree'
[17.745s] /usr/bin/ld: x11_init.c:(.text._glfwPlatformInit+0x1b0e): undefined reference to `XCloseIM'
[17.745s] /usr/bin/ld: x11_init.c:(.text._glfwPlatformInit+0x1bc0): undefined reference to `XFree'
[17.745s] /usr/bin/ld: /home/ubuntu2204/mujoco_develop/excavator_ros2_ws/src/excavator_viewer/../../../excavator_simulator_mujoco/build/lib/libglfw3.a(x11_init.c.o): in function `_glfwPlatformTerminate':
[17.745s] x11_init.c:(.text._glfwPlatformTerminate+0x21): undefined reference to `XGetSelectionOwner'
[17.745s] /usr/bin/ld: x11_init.c:(.text._glfwPlatformTerminate+0x45): undefined reference to `XDestroyWindow'
[17.745s] /usr/bin/ld: x11_init.c:(.text._glfwPlatformTerminate+0x68): undefined reference to `XFreeCursor'
[17.745s] /usr/bin/ld: x11_init.c:(.text._glfwPlatformTerminate+0x9c): undefined reference to `XCloseIM'
[17.745s] /usr/bin/ld: x11_init.c:(.text._glfwPlatformTerminate+0xb8): undefined reference to `XCloseDisplay'
[17.745s] /usr/bin/ld: /home/ubuntu2204/mujoco_develop/excavator_ros2_ws/src/excavator_viewer/../../../excavator_simulator_mujoco/build/lib/libglfw3.a(x11_monitor.c.o): in function `_glfwPollMonitorsX11':
[17.745s] x11_monitor.c:(.text._glfwPollMonitorsX11+0x372): undefined reference to `XFree'
[17.745s] /usr/bin/ld: /home/ubuntu2204/mujoco_develop/excavator_ros2_ws/src/excavator_viewer/../../../excavator_simulator_mujoco/build/lib/libglfw3.a(x11_monitor.c.o): in function `_glfwPlatformGetMonitorWorkarea':
[17.745s] x11_monitor.c:(.text._glfwPlatformGetMonitorWorkarea+0x235): undefined reference to `XFree'
[17.745s] /usr/bin/ld: x11_monitor.c:(.text._glfwPlatformGetMonitorWorkarea+0x244): undefined reference to `XFree'
[17.745s] /usr/bin/ld: /home/ubuntu2204/mujoco_develop/excavator_ros2_ws/src/excavator_viewer/../../../excavator_simulator_mujoco/build/lib/libglfw3.a(x11_window.c.o): in function `_glfwGetWindowPropertyX11':
[17.745s] x11_window.c:(.text._glfwGetWindowPropertyX11+0x4f): undefined reference to `XGetWindowProperty'
[17.745s] /usr/bin/ld: /home/ubuntu2204/mujoco_develop/excavator_ros2_ws/src/excavator_viewer/../../../excavator_simulator_mujoco/build/lib/libglfw3.a(x11_window.c.o): in function `_glfwPushSelectionToManagerX11':
[17.745s] x11_window.c:(.text._glfwPushSelectionToManagerX11+0x3b): undefined reference to `XConvertSelection'
[17.745s] /usr/bin/ld: x11_window.c:(.text._glfwPushSelectionToManagerX11+0x74): undefined reference to `XCheckIfEvent'
[17.745s] /usr/bin/ld: x11_window.c:(.text._glfwPushSelectionToManagerX11+0xb9): undefined reference to `XPending'
[17.745s] /usr/bin/ld: /home/ubuntu2204/mujoco_develop/excavator_ros2_ws/src/excavator_viewer/../../../excavator_simulator_mujoco/build/lib/libglfw3.a(x11_window.c.o): in function `handleSelectionRequest':
[17.745s] x11_window.c:(.text.handleSelectionRequest+0x167): undefined reference to `XGetWindowProperty'
[17.745s] /usr/bin/ld: x11_window.c:(.text.handleSelectionRequest+0x1dd): undefined reference to `XChangeProperty'
[17.745s] /usr/bin/ld: x11_window.c:(.text.handleSelectionRequest+0x250): undefined reference to `XChangeProperty'
[17.745s] /usr/bin/ld: x11_window.c:(.text.handleSelectionRequest+0x25e): undefined reference to `XFree'
[17.745s] /usr/bin/ld: x11_window.c:(.text.handleSelectionRequest+0x2d8): undefined reference to `XChangeProperty'
[17.745s] /usr/bin/ld: x11_window.c:(.text.handleSelectionRequest+0x334): undefined reference to `XSendEvent'
[17.745s] /usr/bin/ld: /home/ubuntu2204/mujoco_develop/excavator_ros2_ws/src/excavator_viewer/../../../excavator_simulator_mujoco/build/lib/libglfw3.a(x11_window.c.o): in function `_glfwPlatformCreateWindow':
[17.745s] x11_window.c:(.text._glfwPlatformCreateWindow+0x154): undefined reference to `XCreateColormap'
[17.745s] /usr/bin/ld: x11_window.c:(.text._glfwPlatformCreateWindow+0x239): undefined reference to `XCreateWindow'
[17.745s] /usr/bin/ld: x11_window.c:(.text._glfwPlatformCreateWindow+0x26e): undefined reference to `XSaveContext'
[17.745s] /usr/bin/ld: x11_window.c:(.text._glfwPlatformCreateWindow+0x2c1): undefined reference to `XChangeProperty'
[17.745s] /usr/bin/ld: x11_window.c:(.text._glfwPlatformCreateWindow+0x38b): undefined reference to `XChangeProperty'
[17.745s] /usr/bin/ld: x11_window.c:(.text._glfwPlatformCreateWindow+0x3ca): undefined reference to `XSetWMProtocols'
[17.745s] /usr/bin/ld: x11_window.c:(.text._glfwPlatformCreateWindow+0x401): undefined reference to `XChangeProperty'
[17.745s] /usr/bin/ld: x11_window.c:(.text._glfwPlatformCreateWindow+0x446): undefined reference to `XChangeProperty'
[17.745s] /usr/bin/ld: x11_window.c:(.text._glfwPlatformCreateWindow+0x44f): undefined reference to `XAllocWMHints'
[17.745s] /usr/bin/ld: x11_window.c:(.text._glfwPlatformCreateWindow+0x47f): undefined reference to `XSetWMHints'
[17.745s] /usr/bin/ld: x11_window.c:(.text._glfwPlatformCreateWindow+0x487): undefined reference to `XFree'
[17.745s] /usr/bin/ld: x11_window.c:(.text._glfwPlatformCreateWindow+0x49b): undefined reference to `XAllocClassHint'
[17.745s] /usr/bin/ld: x11_window.c:(.text._glfwPlatformCreateWindow+0x536): undefined reference to `XSetClassHint'
[17.745s] /usr/bin/ld: x11_window.c:(.text._glfwPlatformCreateWindow+0x53e): undefined reference to `XFree'
[17.745s] /usr/bin/ld: x11_window.c:(.text._glfwPlatformCreateWindow+0x572): undefined reference to `XChangeProperty'
[17.745s] /usr/bin/ld: x11_window.c:(.text._glfwPlatformCreateWindow+0x5af): undefined reference to `Xutf8SetWMProperties'
[17.745s] /usr/bin/ld: x11_window.c:(.text._glfwPlatformCreateWindow+0x601): undefined reference to `XChangeProperty'
[17.746s] /usr/bin/ld: x11_window.c:(.text._glfwPlatformCreateWindow+0x661): undefined reference to `XChangeProperty'
[17.746s] /usr/bin/ld: x11_window.c:(.text._glfwPlatformCreateWindow+0x672): undefined reference to `XFlush'
[17.746s] /usr/bin/ld: x11_window.c:(.text._glfwPlatformCreateWindow+0x6ab): undefined reference to `XCreateIC'
[17.746s] /usr/bin/ld: x11_window.c:(.text._glfwPlatformCreateWindow+0x70f): undefined reference to `XGetICValues'
[17.746s] /usr/bin/ld: x11_window.c:(.text._glfwPlatformCreateWindow+0x735): undefined reference to `XSelectInput'
[17.746s] /usr/bin/ld: x11_window.c:(.text._glfwPlatformCreateWindow+0x762): undefined reference to `XTranslateCoordinates'
[17.746s] /usr/bin/ld: x11_window.c:(.text._glfwPlatformCreateWindow+0x795): undefined reference to `XGetWindowAttributes'
[17.746s] /usr/bin/ld: x11_window.c:(.text._glfwPlatformCreateWindow+0x86d): undefined reference to `XGetWindowAttributes'
[17.746s] /usr/bin/ld: x11_window.c:(.text._glfwPlatformCreateWindow+0x88b): undefined reference to `XMapWindow'
[17.746s] /usr/bin/ld: x11_window.c:(.text._glfwPlatformCreateWindow+0x8d9): undefined reference to `XGetWindowAttributes'
[17.746s] /usr/bin/ld: x11_window.c:(.text._glfwPlatformCreateWindow+0x8f7): undefined reference to `XMapWindow'
[17.746s] /usr/bin/ld: x11_window.c:(.text._glfwPlatformCreateWindow+0x91b): undefined reference to `XFlush'
[17.746s] /usr/bin/ld: /home/ubuntu2204/mujoco_develop/excavator_ros2_ws/src/excavator_viewer/../../../excavator_simulator_mujoco/build/lib/libglfw3.a(x11_window.c.o): in function `_glfwPlatformShowWindow':
[17.746s] x11_window.c:(.text._glfwPlatformShowWindow+0x26): undefined reference to `XGetWindowAttributes'
[17.746s] /usr/bin/ld: x11_window.c:(.text._glfwPlatformShowWindow+0x40): undefined reference to `XMapWindow'
[17.746s] /usr/bin/ld: /home/ubuntu2204/mujoco_develop/excavator_ros2_ws/src/excavator_viewer/../../../excavator_simulator_mujoco/build/lib/libglfw3.a(x11_window.c.o): in function `updateWindowMode':
[17.746s] x11_window.c:(.text.updateWindowMode+0xe3): undefined reference to `XSendEvent'
[17.746s] /usr/bin/ld: x11_window.c:(.text.updateWindowMode+0x1a1): undefined reference to `XSendEvent'
[17.746s] /usr/bin/ld: x11_window.c:(.text.updateWindowMode+0x1cb): undefined reference to `XDeleteProperty'
[17.746s] /usr/bin/ld: x11_window.c:(.text.updateWindowMode+0x280): undefined reference to `XSendEvent'
[17.746s] /usr/bin/ld: x11_window.c:(.text.updateWindowMode+0x2b6): undefined reference to `XChangeWindowAttributes'
[17.746s] /usr/bin/ld: x11_window.c:(.text.updateWindowMode+0x305): undefined reference to `XChangeProperty'
[17.746s] /usr/bin/ld: x11_window.c:(.text.updateWindowMode+0x32e): undefined reference to `XChangeWindowAttributes'
[17.746s] /usr/bin/ld: x11_window.c:(.text.updateWindowMode+0x35d): undefined reference to `XDeleteProperty'
[17.746s] /usr/bin/ld: /home/ubuntu2204/mujoco_develop/excavator_ros2_ws/src/excavator_viewer/../../../excavator_simulator_mujoco/build/lib/libglfw3.a(x11_window.c.o): in function `acquireMonitor':
[17.746s] x11_window.c:(.text.acquireMonitor+0x81): undefined reference to `XMoveResizeWindow'
[17.746s] /usr/bin/ld: x11_window.c:(.text.acquireMonitor+0xbd): undefined reference to `XGetScreenSaver'
[17.746s] /usr/bin/ld: x11_window.c:(.text.acquireMonitor+0xd5): undefined reference to `XSetScreenSaver'
[17.746s] /usr/bin/ld: /home/ubuntu2204/mujoco_develop/excavator_ros2_ws/src/excavator_viewer/../../../excavator_simulator_mujoco/build/lib/libglfw3.a(x11_window.c.o): in function `_glfwPlatformFocusWindow':
[17.746s] x11_window.c:(.text._glfwPlatformFocusWindow+0xb9): undefined reference to `XSendEvent'
[17.746s] /usr/bin/ld: x11_window.c:(.text._glfwPlatformFocusWindow+0xd1): undefined reference to `XGetWindowAttributes'
[17.746s] /usr/bin/ld: x11_window.c:(.text._glfwPlatformFocusWindow+0xeb): undefined reference to `XRaiseWindow'
[17.746s] /usr/bin/ld: x11_window.c:(.text._glfwPlatformFocusWindow+0x105): undefined reference to `XSetInputFocus'
[17.746s] /usr/bin/ld: x11_window.c:(.text._glfwPlatformFocusWindow+0x111): undefined reference to `XFlush'
[17.746s] /usr/bin/ld: /home/ubuntu2204/mujoco_develop/excavator_ros2_ws/src/excavator_viewer/../../../excavator_simulator_mujoco/build/lib/libglfw3.a(x11_window.c.o): in function `_glfwPlatformDestroyWindow':
[17.746s] x11_window.c:(.text._glfwPlatformDestroyWindow+0x5f): undefined reference to `XDestroyIC'
[17.746s] /usr/bin/ld: x11_window.c:(.text._glfwPlatformDestroyWindow+0x9a): undefined reference to `XDeleteContext'
[17.746s] /usr/bin/ld: x11_window.c:(.text._glfwPlatformDestroyWindow+0xad): undefined reference to `XUnmapWindow'
[17.746s] /usr/bin/ld: x11_window.c:(.text._glfwPlatformDestroyWindow+0xc0): undefined reference to `XDestroyWindow'
[17.746s] /usr/bin/ld: x11_window.c:(.text._glfwPlatformDestroyWindow+0xe3): undefined reference to `XFreeColormap'
[17.746s] /usr/bin/ld: x11_window.c:(.text._glfwPlatformDestroyWindow+0x101): undefined reference to `XFlush'
[17.746s] /usr/bin/ld: x11_window.c:(.text._glfwPlatformDestroyWindow+0x129): undefined reference to `XSetScreenSaver'
[17.747s] /usr/bin/ld: /home/ubuntu2204/mujoco_develop/excavator_ros2_ws/src/excavator_viewer/../../../excavator_simulator_mujoco/build/lib/libglfw3.a(x11_window.c.o): in function `_glfwPlatformSetWindowTitle':
[17.747s] x11_window.c:(.text._glfwPlatformSetWindowTitle+0x47): undefined reference to `Xutf8SetWMProperties'
[17.747s] /usr/bin/ld: x11_window.c:(.text._glfwPlatformSetWindowTitle+0x8b): undefined reference to `XChangeProperty'
[17.747s] /usr/bin/ld: x11_window.c:(.text._glfwPlatformSetWindowTitle+0xd9): undefined reference to `XChangeProperty'
[17.747s] /usr/bin/ld: x11_window.c:(.text._glfwPlatformSetWindowTitle+0xf7): undefined reference to `XFlush'
[17.747s] /usr/bin/ld: /home/ubuntu2204/mujoco_develop/excavator_ros2_ws/src/excavator_viewer/../../../excavator_simulator_mujoco/build/lib/libglfw3.a(x11_window.c.o): in function `_glfwPlatformSetWindowIcon':
[17.747s] x11_window.c:(.text._glfwPlatformSetWindowIcon+0x5c): undefined reference to `XDeleteProperty'
[17.747s] /usr/bin/ld: x11_window.c:(.text._glfwPlatformSetWindowIcon+0x19f): undefined reference to `XChangeProperty'
[17.747s] /usr/bin/ld: x11_window.c:(.text._glfwPlatformSetWindowIcon+0x1cc): undefined reference to `XFlush'
[17.747s] /usr/bin/ld: /home/ubuntu2204/mujoco_develop/excavator_ros2_ws/src/excavator_viewer/../../../excavator_simulator_mujoco/build/lib/libglfw3.a(x11_window.c.o): in function `_glfwPlatformGetWindowPos':
[17.747s] x11_window.c:(.text._glfwPlatformGetWindowPos+0x41): undefined reference to `XTranslateCoordinates'
[17.747s] /usr/bin/ld: /home/ubuntu2204/mujoco_develop/excavator_ros2_ws/src/excavator_viewer/../../../excavator_simulator_mujoco/build/lib/libglfw3.a(x11_window.c.o): in function `_glfwPlatformSetWindowPos':
[17.747s] x11_window.c:(.text._glfwPlatformSetWindowPos+0x34): undefined reference to `XGetWindowAttributes'
[17.747s] /usr/bin/ld: x11_window.c:(.text._glfwPlatformSetWindowPos+0x40): undefined reference to `XAllocSizeHints'
[17.747s] /usr/bin/ld: x11_window.c:(.text._glfwPlatformSetWindowPos+0x5f): undefined reference to `XGetWMNormalHints'
[17.747s] /usr/bin/ld: x11_window.c:(.text._glfwPlatformSetWindowPos+0x86): undefined reference to `XSetWMNormalHints'
[17.747s] /usr/bin/ld: x11_window.c:(.text._glfwPlatformSetWindowPos+0x8e): undefined reference to `XFree'
[17.747s] /usr/bin/ld: x11_window.c:(.text._glfwPlatformSetWindowPos+0xa8): undefined reference to `XMoveWindow'
[17.747s] /usr/bin/ld: x11_window.c:(.text._glfwPlatformSetWindowPos+0xb5): undefined reference to `XFlush'
[17.747s] /usr/bin/ld: /home/ubuntu2204/mujoco_develop/excavator_ros2_ws/src/excavator_viewer/../../../excavator_simulator_mujoco/build/lib/libglfw3.a(x11_window.c.o): in function `_glfwPlatformWindowVisible':
[17.747s] x11_window.c:(.text._glfwPlatformWindowVisible+0x23): undefined reference to `XGetWindowAttributes'
[17.747s] /usr/bin/ld: /home/ubuntu2204/mujoco_develop/excavator_ros2_ws/src/excavator_viewer/../../../excavator_simulator_mujoco/build/lib/libglfw3.a(x11_window.c.o): in function `_glfwPlatformGetWindowSize':
[17.747s] x11_window.c:(.text._glfwPlatformGetWindowSize+0x2c): undefined reference to `XGetWindowAttributes'
[17.747s] /usr/bin/ld: /home/ubuntu2204/mujoco_develop/excavator_ros2_ws/src/excavator_viewer/../../../excavator_simulator_mujoco/build/lib/libglfw3.a(x11_window.c.o): in function `_glfwPlatformSetWindowSize':
[17.747s] x11_window.c:(.text._glfwPlatformSetWindowSize+0x56): undefined reference to `XResizeWindow'
[17.747s] /usr/bin/ld: x11_window.c:(.text._glfwPlatformSetWindowSize+0x6d): undefined reference to `XFlush'
[17.747s] /usr/bin/ld: /home/ubuntu2204/mujoco_develop/excavator_ros2_ws/src/excavator_viewer/../../../excavator_simulator_mujoco/build/lib/libglfw3.a(x11_window.c.o): in function `updateNormalHints':
[17.747s] x11_window.c:(.text.updateNormalHints+0x10): undefined reference to `XAllocSizeHints'
[17.747s] /usr/bin/ld: x11_window.c:(.text.updateNormalHints+0x42): undefined reference to `XSetWMNormalHints'
[17.747s] /usr/bin/ld: x11_window.c:(.text.updateNormalHints+0x54): undefined reference to `XFree'
[17.747s] /usr/bin/ld: /home/ubuntu2204/mujoco_develop/excavator_ros2_ws/src/excavator_viewer/../../../excavator_simulator_mujoco/build/lib/libglfw3.a(x11_window.c.o): in function `_glfwPlatformSetWindowSizeLimits':
[17.747s] x11_window.c:(.text._glfwPlatformSetWindowSizeLimits+0x26): undefined reference to `XGetWindowAttributes'
[17.747s] /usr/bin/ld: x11_window.c:(.text._glfwPlatformSetWindowSizeLimits+0x42): undefined reference to `XFlush'
[17.747s] /usr/bin/ld: /home/ubuntu2204/mujoco_develop/excavator_ros2_ws/src/excavator_viewer/../../../excavator_simulator_mujoco/build/lib/libglfw3.a(x11_window.c.o): in function `_glfwPlatformSetWindowAspectRatio':
[17.747s] x11_window.c:(.text._glfwPlatformSetWindowAspectRatio+0x26): undefined reference to `XGetWindowAttributes'
[17.747s] /usr/bin/ld: x11_window.c:(.text._glfwPlatformSetWindowAspectRatio+0x42): undefined reference to `XFlush'
[17.747s] /usr/bin/ld: /home/ubuntu2204/mujoco_develop/excavator_ros2_ws/src/excavator_viewer/../../../excavator_simulator_mujoco/build/lib/libglfw3.a(x11_window.c.o): in function `_glfwPlatformGetFramebufferSize':
[17.747s] x11_window.c:(.text._glfwPlatformGetFramebufferSize+0x2c): undefined reference to `XGetWindowAttributes'
[17.748s] /usr/bin/ld: /home/ubuntu2204/mujoco_develop/excavator_ros2_ws/src/excavator_viewer/../../../excavator_simulator_mujoco/build/lib/libglfw3.a(x11_window.c.o): in function `_glfwPlatformGetWindowFrameSize':
[17.748s] x11_window.c:(.text._glfwPlatformGetWindowFrameSize+0x6d): undefined reference to `XGetWindowAttributes'
[17.748s] /usr/bin/ld: x11_window.c:(.text._glfwPlatformGetWindowFrameSize+0x145): undefined reference to `XSendEvent'
[17.748s] /usr/bin/ld: x11_window.c:(.text._glfwPlatformGetWindowFrameSize+0x163): undefined reference to `XCheckIfEvent'
[17.748s] /usr/bin/ld: x11_window.c:(.text._glfwPlatformGetWindowFrameSize+0x1c6): undefined reference to `XGetWindowProperty'
[17.748s] /usr/bin/ld: x11_window.c:(.text._glfwPlatformGetWindowFrameSize+0x22a): undefined reference to `XFree'
[17.748s] /usr/bin/ld: x11_window.c:(.text._glfwPlatformGetWindowFrameSize+0x259): undefined reference to `XCheckIfEvent'
[17.748s] /usr/bin/ld: x11_window.c:(.text._glfwPlatformGetWindowFrameSize+0x27c): undefined reference to `XPending'
[17.748s] /usr/bin/ld: x11_window.c:(.text._glfwPlatformGetWindowFrameSize+0x2ac): undefined reference to `XPending'
[17.748s] /usr/bin/ld: /home/ubuntu2204/mujoco_develop/excavator_ros2_ws/src/excavator_viewer/../../../excavator_simulator_mujoco/build/lib/libglfw3.a(x11_window.c.o): in function `_glfwPlatformIconifyWindow':
[17.748s] x11_window.c:(.text._glfwPlatformIconifyWindow+0x3d): undefined reference to `XIconifyWindow'
[17.748s] /usr/bin/ld: x11_window.c:(.text._glfwPlatformIconifyWindow+0x4a): undefined reference to `XFlush'
[17.748s] /usr/bin/ld: /home/ubuntu2204/mujoco_develop/excavator_ros2_ws/src/excavator_viewer/../../../excavator_simulator_mujoco/build/lib/libglfw3.a(x11_window.c.o): in function `_glfwPlatformRestoreWindow':
[17.748s] x11_window.c:(.text._glfwPlatformRestoreWindow+0x92): undefined reference to `XGetWindowProperty'
[17.748s] /usr/bin/ld: x11_window.c:(.text._glfwPlatformRestoreWindow+0xa9): undefined reference to `XFree'
[17.748s] /usr/bin/ld: x11_window.c:(.text._glfwPlatformRestoreWindow+0xc1): undefined reference to `XMapWindow'
[17.748s] /usr/bin/ld: x11_window.c:(.text._glfwPlatformRestoreWindow+0xd8): undefined reference to `XFree'
[17.748s] /usr/bin/ld: x11_window.c:(.text._glfwPlatformRestoreWindow+0xf0): undefined reference to `XGetWindowAttributes'
[17.748s] /usr/bin/ld: x11_window.c:(.text._glfwPlatformRestoreWindow+0x1cf): undefined reference to `XSendEvent'
[17.748s] /usr/bin/ld: x11_window.c:(.text._glfwPlatformRestoreWindow+0x1db): undefined reference to `XFlush'
[17.748s] /usr/bin/ld: /home/ubuntu2204/mujoco_develop/excavator_ros2_ws/src/excavator_viewer/../../../excavator_simulator_mujoco/build/lib/libglfw3.a(x11_window.c.o): in function `_glfwPlatformWindowIconified':
[17.748s] x11_window.c:(.text._glfwPlatformWindowIconified+0x63): undefined reference to `XGetWindowProperty'
[17.748s] /usr/bin/ld: x11_window.c:(.text._glfwPlatformWindowIconified+0x82): undefined reference to `XFree'
[17.748s] /usr/bin/ld: /home/ubuntu2204/mujoco_develop/excavator_ros2_ws/src/excavator_viewer/../../../excavator_simulator_mujoco/build/lib/libglfw3.a(x11_window.c.o): in function `waitForVisibilityNotify':
[17.748s] x11_window.c:(.text.waitForVisibilityNotify+0x3a): undefined reference to `XCheckTypedWindowEvent'
[17.748s] /usr/bin/ld: x11_window.c:(.text.waitForVisibilityNotify+0x7f): undefined reference to `XCheckTypedWindowEvent'
[17.748s] /usr/bin/ld: x11_window.c:(.text.waitForVisibilityNotify+0xb9): undefined reference to `XPending'
[17.748s] /usr/bin/ld: /home/ubuntu2204/mujoco_develop/excavator_ros2_ws/src/excavator_viewer/../../../excavator_simulator_mujoco/build/lib/libglfw3.a(x11_window.c.o): in function `_glfwPlatformMaximizeWindow':
[17.748s] x11_window.c:(.text._glfwPlatformMaximizeWindow+0x5d): undefined reference to `XGetWindowAttributes'
[17.748s] /usr/bin/ld: x11_window.c:(.text._glfwPlatformMaximizeWindow+0x11e): undefined reference to `XSendEvent'
[17.748s] /usr/bin/ld: x11_window.c:(.text._glfwPlatformMaximizeWindow+0x178): undefined reference to `XGetWindowProperty'
[17.749s] /usr/bin/ld: x11_window.c:(.text._glfwPlatformMaximizeWindow+0x1fa): undefined reference to `XFree'
[17.749s] /usr/bin/ld: x11_window.c:(.text._glfwPlatformMaximizeWindow+0x22f): undefined reference to `XChangeProperty'
[17.749s] /usr/bin/ld: x11_window.c:(.text._glfwPlatformMaximizeWindow+0x240): undefined reference to `XFlush'
[17.749s] /usr/bin/ld: /home/ubuntu2204/mujoco_develop/excavator_ros2_ws/src/excavator_viewer/../../../excavator_simulator_mujoco/build/lib/libglfw3.a(x11_window.c.o): in function `_glfwPlatformHideWindow':
[17.749s] x11_window.c:(.text._glfwPlatformHideWindow+0x1a): undefined reference to `XUnmapWindow'
[17.749s] /usr/bin/ld: x11_window.c:(.text._glfwPlatformHideWindow+0x27): undefined reference to `XFlush'
[17.749s] /usr/bin/ld: /home/ubuntu2204/mujoco_develop/excavator_ros2_ws/src/excavator_viewer/../../../excavator_simulator_mujoco/build/lib/libglfw3.a(x11_window.c.o): in function `_glfwPlatformRequestWindowAttention':
[17.749s] x11_window.c:(.text._glfwPlatformRequestWindowAttention+0xc8): undefined reference to `XSendEvent'
[17.749s] /usr/bin/ld: /home/ubuntu2204/mujoco_develop/excavator_ros2_ws/src/excavator_viewer/../../../excavator_simulator_mujoco/build/lib/libglfw3.a(x11_window.c.o): in function `_glfwPlatformSetWindowMonitor':
[17.749s] x11_window.c:(.text._glfwPlatformSetWindowMonitor+0x96): undefined reference to `XChangeProperty'
[17.749s] /usr/bin/ld: x11_window.c:(.text._glfwPlatformSetWindowMonitor+0xf4): undefined reference to `XSetScreenSaver'
[17.749s] /usr/bin/ld: x11_window.c:(.text._glfwPlatformSetWindowMonitor+0x133): undefined reference to `XGetWindowAttributes'
[17.749s] /usr/bin/ld: x11_window.c:(.text._glfwPlatformSetWindowMonitor+0x14d): undefined reference to `XMapRaised'
[17.749s] /usr/bin/ld: x11_window.c:(.text._glfwPlatformSetWindowMonitor+0x1b7): undefined reference to `XMoveResizeWindow'
[17.749s] /usr/bin/ld: x11_window.c:(.text._glfwPlatformSetWindowMonitor+0x1ca): undefined reference to `XFlush'
[17.749s] /usr/bin/ld: x11_window.c:(.text._glfwPlatformSetWindowMonitor+0x215): undefined reference to `XMoveResizeWindow'
[17.749s] /usr/bin/ld: x11_window.c:(.text._glfwPlatformSetWindowMonitor+0x239): undefined reference to `XFlush'
[17.749s] /usr/bin/ld: /home/ubuntu2204/mujoco_develop/excavator_ros2_ws/src/excavator_viewer/../../../excavator_simulator_mujoco/build/lib/libglfw3.a(x11_window.c.o): in function `_glfwPlatformSetWindowDecorated':
[17.749s] x11_window.c:(.text._glfwPlatformSetWindowDecorated+0x58): undefined reference to `XChangeProperty'
[17.749s] /usr/bin/ld: /home/ubuntu2204/mujoco_develop/excavator_ros2_ws/src/excavator_viewer/../../../excavator_simulator_mujoco/build/lib/libglfw3.a(x11_window.c.o): in function `_glfwPlatformSetWindowFloating':
[17.749s] x11_window.c:(.text._glfwPlatformSetWindowFloating+0x4f): undefined reference to `XGetWindowAttributes'
[17.749s] /usr/bin/ld: x11_window.c:(.text._glfwPlatformSetWindowFloating+0x114): undefined reference to `XSendEvent'
[17.749s] /usr/bin/ld: x11_window.c:(.text._glfwPlatformSetWindowFloating+0x167): undefined reference to `XGetWindowProperty'
[17.749s] /usr/bin/ld: x11_window.c:(.text._glfwPlatformSetWindowFloating+0x20a): undefined reference to `XChangeProperty'
[17.749s] /usr/bin/ld: x11_window.c:(.text._glfwPlatformSetWindowFloating+0x21f): undefined reference to `XFree'
[17.749s] /usr/bin/ld: x11_window.c:(.text._glfwPlatformSetWindowFloating+0x22b): undefined reference to `XFlush'
[17.749s] /usr/bin/ld: /home/ubuntu2204/mujoco_develop/excavator_ros2_ws/src/excavator_viewer/../../../excavator_simulator_mujoco/build/lib/libglfw3.a(x11_window.c.o): in function `_glfwPlatformWindowFocused':
[17.750s] x11_window.c:(.text._glfwPlatformWindowFocused+0x1f): undefined reference to `XGetInputFocus'
[17.750s] /usr/bin/ld: /home/ubuntu2204/mujoco_develop/excavator_ros2_ws/src/excavator_viewer/../../../excavator_simulator_mujoco/build/lib/libglfw3.a(x11_window.c.o): in function `_glfwPlatformWindowMaximized':
[17.750s] x11_window.c:(.text._glfwPlatformWindowMaximized+0x82): undefined reference to `XGetWindowProperty'
[17.750s] /usr/bin/ld: x11_window.c:(.text._glfwPlatformWindowMaximized+0xd6): undefined reference to `XFree'
[17.750s] /usr/bin/ld: /home/ubuntu2204/mujoco_develop/excavator_ros2_ws/src/excavator_viewer/../../../excavator_simulator_mujoco/build/lib/libglfw3.a(x11_window.c.o): in function `_glfwPlatformWindowHovered':
[17.750s] x11_window.c:(.text._glfwPlatformWindowHovered+0x95): undefined reference to `XQueryPointer'
[17.750s] /usr/bin/ld: /home/ubuntu2204/mujoco_develop/excavator_ros2_ws/src/excavator_viewer/../../../excavator_simulator_mujoco/build/lib/libglfw3.a(x11_window.c.o): in function `_glfwPlatformFramebufferTransparent':
[17.750s] x11_window.c:(.text._glfwPlatformFramebufferTransparent+0x20): undefined reference to `XGetSelectionOwner'
[17.750s] /usr/bin/ld: /home/ubuntu2204/mujoco_develop/excavator_ros2_ws/src/excavator_viewer/../../../excavator_simulator_mujoco/build/lib/libglfw3.a(x11_window.c.o): in function `_glfwPlatformSetWindowResizable':
[17.750s] x11_window.c:(.text._glfwPlatformSetWindowResizable+0x26): undefined reference to `XGetWindowAttributes'
[17.750s] /usr/bin/ld: /home/ubuntu2204/mujoco_develop/excavator_ros2_ws/src/excavator_viewer/../../../excavator_simulator_mujoco/build/lib/libglfw3.a(x11_window.c.o): in function `_glfwPlatformGetWindowOpacity':
[17.750s] x11_window.c:(.text._glfwPlatformGetWindowOpacity+0x20): undefined reference to `XGetSelectionOwner'
[17.750s] /usr/bin/ld: x11_window.c:(.text._glfwPlatformGetWindowOpacity+0x7a): undefined reference to `XGetWindowProperty'
[17.750s] /usr/bin/ld: x11_window.c:(.text._glfwPlatformGetWindowOpacity+0xc8): undefined reference to `XFree'
[17.750s] /usr/bin/ld: /home/ubuntu2204/mujoco_develop/excavator_ros2_ws/src/excavator_viewer/../../../excavator_simulator_mujoco/build/lib/libglfw3.a(x11_window.c.o): in function `_glfwPlatformSetWindowOpacity':
[17.750s] x11_window.c:(.text._glfwPlatformSetWindowOpacity+0x4d): undefined reference to `XChangeProperty'
[17.750s] /usr/bin/ld: /home/ubuntu2204/mujoco_develop/excavator_ros2_ws/src/excavator_viewer/../../../excavator_simulator_mujoco/build/lib/libglfw3.a(x11_window.c.o): in function `_glfwPlatformPollEvents':
[17.750s] x11_window.c:(.text._glfwPlatformPollEvents+0x53): undefined reference to `XPending'
[17.750s] /usr/bin/ld: x11_window.c:(.text._glfwPlatformPollEvents+0x60): undefined reference to `XQLength'
[17.750s] /usr/bin/ld: x11_window.c:(.text._glfwPlatformPollEvents+0x99): undefined reference to `XQLength'
[17.750s] /usr/bin/ld: x11_window.c:(.text._glfwPlatformPollEvents+0xb1): undefined reference to `XNextEvent'
[17.750s] /usr/bin/ld: x11_window.c:(.text._glfwPlatformPollEvents+0xe9): undefined reference to `XFilterEvent'
[17.750s] /usr/bin/ld: x11_window.c:(.text._glfwPlatformPollEvents+0x1b4): undefined reference to `XGetEventData'
[17.750s] /usr/bin/ld: x11_window.c:(.text._glfwPlatformPollEvents+0x218): undefined reference to `XFreeEventData'
[17.750s] /usr/bin/ld: x11_window.c:(.text._glfwPlatformPollEvents+0x255): undefined reference to `XFindContext'
[17.750s] /usr/bin/ld: x11_window.c:(.text._glfwPlatformPollEvents+0x370): undefined reference to `Xutf8LookupString'
[17.750s] /usr/bin/ld: x11_window.c:(.text._glfwPlatformPollEvents+0x580): undefined reference to `XDefineCursor'
[17.750s] /usr/bin/ld: x11_window.c:(.text._glfwPlatformPollEvents+0x60f): undefined reference to `XSetICFocus'
[17.750s] /usr/bin/ld: x11_window.c:(.text._glfwPlatformPollEvents+0x662): undefined reference to `XUnsetICFocus'
[17.750s] /usr/bin/ld: x11_window.c:(.text._glfwPlatformPollEvents+0x792): undefined reference to `XTranslateCoordinates'
[17.750s] /usr/bin/ld: x11_window.c:(.text._glfwPlatformPollEvents+0x864): undefined reference to `XGetWindowProperty'
[17.750s] /usr/bin/ld: x11_window.c:(.text._glfwPlatformPollEvents+0x880): undefined reference to `XFree'
[17.750s] /usr/bin/ld: x11_window.c:(.text._glfwPlatformPollEvents+0x919): undefined reference to `XSetScreenSaver'
[17.751s] /usr/bin/ld: x11_window.c:(.text._glfwPlatformPollEvents+0x978): undefined reference to `XGetWindowProperty'
[17.751s] /usr/bin/ld: x11_window.c:(.text._glfwPlatformPollEvents+0x9eb): undefined reference to `XFree'
[17.751s] /usr/bin/ld: x11_window.c:(.text._glfwPlatformPollEvents+0xac5): undefined reference to `XSendEvent'
[17.751s] /usr/bin/ld: x11_window.c:(.text._glfwPlatformPollEvents+0xad2): undefined reference to `XFlush'
[17.751s] /usr/bin/ld: x11_window.c:(.text._glfwPlatformPollEvents+0xb42): undefined reference to `XLookupString'
[17.751s] /usr/bin/ld: x11_window.c:(.text._glfwPlatformPollEvents+0xb95): undefined reference to `XEventsQueued'
[17.751s] /usr/bin/ld: x11_window.c:(.text._glfwPlatformPollEvents+0xbad): undefined reference to `XPeekEvent'
[17.751s] /usr/bin/ld: x11_window.c:(.text._glfwPlatformPollEvents+0xd9d): undefined reference to `XGetWindowProperty'
[17.751s] /usr/bin/ld: x11_window.c:(.text._glfwPlatformPollEvents+0xdf1): undefined reference to `Xutf8LookupString'
[17.751s] /usr/bin/ld: x11_window.c:(.text._glfwPlatformPollEvents+0xeba): undefined reference to `XIconifyWindow'
[17.753s] /usr/bin/ld: x11_window.c:(.text._glfwPlatformPollEvents+0xec7): undefined reference to `XFlush'
[17.753s] /usr/bin/ld: x11_window.c:(.text._glfwPlatformPollEvents+0xf5b): undefined reference to `XSendEvent'
[17.753s] /usr/bin/ld: x11_window.c:(.text._glfwPlatformPollEvents+0xfbe): undefined reference to `XTranslateCoordinates'
[17.753s] /usr/bin/ld: x11_window.c:(.text._glfwPlatformPollEvents+0x110f): undefined reference to `XFree'
[17.753s] /usr/bin/ld: x11_window.c:(.text._glfwPlatformPollEvents+0x1216): undefined reference to `XConvertSelection'
[17.753s] /usr/bin/ld: x11_window.c:(.text._glfwPlatformPollEvents+0x1245): undefined reference to `XGetWindowAttributes'
[17.753s] /usr/bin/ld: x11_window.c:(.text._glfwPlatformPollEvents+0x12ac): undefined reference to `XWarpPointer'
[17.754s] /usr/bin/ld: x11_window.c:(.text._glfwPlatformPollEvents+0x12bd): undefined reference to `XFlush'
[17.754s] /usr/bin/ld: x11_window.c:(.text._glfwPlatformPollEvents+0x12ca): undefined reference to `XFlush'
[17.754s] /usr/bin/ld: /home/ubuntu2204/mujoco_develop/excavator_ros2_ws/src/excavator_viewer/../../../excavator_simulator_mujoco/build/lib/libglfw3.a(x11_window.c.o): in function `_glfwPlatformSetCursorPos':
[17.754s] x11_window.c:(.text._glfwPlatformSetCursorPos+0x43): undefined reference to `XWarpPointer'
[17.754s] /usr/bin/ld: x11_window.c:(.text._glfwPlatformSetCursorPos+0x54): undefined reference to `XFlush'
[17.754s] /usr/bin/ld: /home/ubuntu2204/mujoco_develop/excavator_ros2_ws/src/excavator_viewer/../../../excavator_simulator_mujoco/build/lib/libglfw3.a(x11_window.c.o): in function `_glfwPlatformWaitEvents':
[17.754s] x11_window.c:(.text._glfwPlatformWaitEvents+0x5f): undefined reference to `XPending'
[17.754s] /usr/bin/ld: x11_window.c:(.text._glfwPlatformWaitEvents+0x6f): undefined reference to `XPending'
[17.754s] /usr/bin/ld: x11_window.c:(.text._glfwPlatformWaitEvents+0x94): undefined reference to `XPending'
[17.754s] /usr/bin/ld: /home/ubuntu2204/mujoco_develop/excavator_ros2_ws/src/excavator_viewer/../../../excavator_simulator_mujoco/build/lib/libglfw3.a(x11_window.c.o): in function `_glfwPlatformWaitEventsTimeout':
[17.754s] x11_window.c:(.text._glfwPlatformWaitEventsTimeout+0x6a): undefined reference to `XPending'
[17.755s] /usr/bin/ld: x11_window.c:(.text._glfwPlatformWaitEventsTimeout+0x7a): undefined reference to `XPending'
[17.755s] /usr/bin/ld: /home/ubuntu2204/mujoco_develop/excavator_ros2_ws/src/excavator_viewer/../../../excavator_simulator_mujoco/build/lib/libglfw3.a(x11_window.c.o):x11_window.c:(.text._glfwPlatformWaitEventsTimeout+0xa9): more undefined references to `XPending' follow
[17.755s] /usr/bin/ld: /home/ubuntu2204/mujoco_develop/excavator_ros2_ws/src/excavator_viewer/../../../excavator_simulator_mujoco/build/lib/libglfw3.a(x11_window.c.o): in function `_glfwPlatformGetCursorPos':
[17.755s] x11_window.c:(.text._glfwPlatformGetCursorPos+0x55): undefined reference to `XQueryPointer'
[17.755s] /usr/bin/ld: /home/ubuntu2204/mujoco_develop/excavator_ros2_ws/src/excavator_viewer/../../../excavator_simulator_mujoco/build/lib/libglfw3.a(x11_window.c.o): in function `_glfwPlatformSetCursorMode':
[17.755s] x11_window.c:(.text._glfwPlatformSetCursorMode+0x27): undefined reference to `XGetInputFocus'
[17.755s] /usr/bin/ld: x11_window.c:(.text._glfwPlatformSetCursorMode+0x91): undefined reference to `XDefineCursor'
[17.755s] /usr/bin/ld: x11_window.c:(.text._glfwPlatformSetCursorMode+0xa4): undefined reference to `XFlush'
[17.755s] /usr/bin/ld: x11_window.c:(.text._glfwPlatformSetCursorMode+0xaf): undefined reference to `XUndefineCursor'
[17.755s] /usr/bin/ld: /home/ubuntu2204/mujoco_develop/excavator_ros2_ws/src/excavator_viewer/../../../excavator_simulator_mujoco/build/lib/libglfw3.a(x11_window.c.o): in function `disableCursor':
[17.756s] x11_window.c:(.text.disableCursor+0xa6): undefined reference to `XQueryPointer'
[17.756s] /usr/bin/ld: x11_window.c:(.text.disableCursor+0x108): undefined reference to `XDefineCursor'
[17.756s] /usr/bin/ld: x11_window.c:(.text.disableCursor+0x10f): undefined reference to `XUndefineCursor'
[17.756s] /usr/bin/ld: x11_window.c:(.text.disableCursor+0x14e): undefined reference to `XGrabPointer'
[17.756s] /usr/bin/ld: /home/ubuntu2204/mujoco_develop/excavator_ros2_ws/src/excavator_viewer/../../../excavator_simulator_mujoco/build/lib/libglfw3.a(x11_window.c.o): in function `enableCursor':
[17.756s] x11_window.c:(.text.enableCursor+0x72): undefined reference to `XUngrabPointer'
[17.756s] /usr/bin/ld: x11_window.c:(.text.enableCursor+0xb7): undefined reference to `XWarpPointer'
[17.757s] /usr/bin/ld: x11_window.c:(.text.enableCursor+0xc7): undefined reference to `XFlush'
[17.757s] /usr/bin/ld: x11_window.c:(.text.enableCursor+0x107): undefined reference to `XDefineCursor'
[17.757s] /usr/bin/ld: x11_window.c:(.text.enableCursor+0x114): undefined reference to `XUndefineCursor'
[17.757s] /usr/bin/ld: /home/ubuntu2204/mujoco_develop/excavator_ros2_ws/src/excavator_viewer/../../../excavator_simulator_mujoco/build/lib/libglfw3.a(x11_window.c.o): in function `_glfwPlatformGetScancodeName':
[17.757s] x11_window.c:(.text._glfwPlatformGetScancodeName+0x47): undefined reference to `XkbKeycodeToKeysym'
[17.757s] /usr/bin/ld: /home/ubuntu2204/mujoco_develop/excavator_ros2_ws/src/excavator_viewer/../../../excavator_simulator_mujoco/build/lib/libglfw3.a(x11_window.c.o): in function `_glfwPlatformCreateStandardCursor':
[17.757s] x11_window.c:(.text._glfwPlatformCreateStandardCursor+0x30): undefined reference to `XCreateFontCursor'
[17.757s] /usr/bin/ld: /home/ubuntu2204/mujoco_develop/excavator_ros2_ws/src/excavator_viewer/../../../excavator_simulator_mujoco/build/lib/libglfw3.a(x11_window.c.o): in function `_glfwPlatformDestroyCursor':
[17.757s] x11_window.c:(.text._glfwPlatformDestroyCursor+0x18): undefined reference to `XFreeCursor'
[17.757s] /usr/bin/ld: /home/ubuntu2204/mujoco_develop/excavator_ros2_ws/src/excavator_viewer/../../../excavator_simulator_mujoco/build/lib/libglfw3.a(x11_window.c.o): in function `_glfwPlatformSetCursor':
[17.757s] x11_window.c:(.text._glfwPlatformSetCursor+0x30): undefined reference to `XDefineCursor'
[17.757s] /usr/bin/ld: x11_window.c:(.text._glfwPlatformSetCursor+0x3d): undefined reference to `XFlush'
[17.758s] /usr/bin/ld: x11_window.c:(.text._glfwPlatformSetCursor+0x44): undefined reference to `XUndefineCursor'
[17.758s] /usr/bin/ld: x11_window.c:(.text._glfwPlatformSetCursor+0x51): undefined reference to `XFlush'
[17.758s] /usr/bin/ld: /home/ubuntu2204/mujoco_develop/excavator_ros2_ws/src/excavator_viewer/../../../excavator_simulator_mujoco/build/lib/libglfw3.a(x11_window.c.o): in function `_glfwPlatformSetClipboardString':
[17.758s] x11_window.c:(.text._glfwPlatformSetClipboardString+0x3e): undefined reference to `XSetSelectionOwner'
[17.758s] /usr/bin/ld: x11_window.c:(.text._glfwPlatformSetClipboardString+0x51): undefined reference to `XGetSelectionOwner'
[17.758s] /usr/bin/ld: /home/ubuntu2204/mujoco_develop/excavator_ros2_ws/src/excavator_viewer/../../../excavator_simulator_mujoco/build/lib/libglfw3.a(x11_window.c.o): in function `getSelectionString':
[17.759s] x11_window.c:(.text.getSelectionString+0x4f): undefined reference to `XGetSelectionOwner'
[17.759s] /usr/bin/ld: x11_window.c:(.text.getSelectionString+0xac): undefined reference to `XConvertSelection'
[17.759s] /usr/bin/ld: x11_window.c:(.text.getSelectionString+0xc7): undefined reference to `XCheckTypedWindowEvent'
[17.759s] /usr/bin/ld: x11_window.c:(.text.getSelectionString+0xf8): undefined reference to `XPending'
[17.759s] /usr/bin/ld: x11_window.c:(.text.getSelectionString+0x159): undefined reference to `XCheckIfEvent'
[17.759s] /usr/bin/ld: x11_window.c:(.text.getSelectionString+0x1a7): undefined reference to `XGetWindowProperty'
[17.760s] /usr/bin/ld: x11_window.c:(.text.getSelectionString+0x216): undefined reference to `XCheckIfEvent'
[17.760s] /usr/bin/ld: x11_window.c:(.text.getSelectionString+0x248): undefined reference to `XPending'
[17.760s] /usr/bin/ld: x11_window.c:(.text.getSelectionString+0x286): undefined reference to `XFree'
[17.760s] /usr/bin/ld: x11_window.c:(.text.getSelectionString+0x2d4): undefined reference to `XGetWindowProperty'
[17.760s] /usr/bin/ld: x11_window.c:(.text.getSelectionString+0x4b6): undefined reference to `XFree'
[17.760s] /usr/bin/ld: /home/ubuntu2204/mujoco_develop/excavator_ros2_ws/src/excavator_viewer/../../../excavator_simulator_mujoco/build/lib/libglfw3.a(x11_window.c.o): in function `_glfwPlatformGetPhysicalDevicePresentationSupport':
[17.760s] x11_window.c:(.text._glfwPlatformGetPhysicalDevicePresentationSupport+0x37): undefined reference to `XVisualIDFromVisual'
[17.760s] /usr/bin/ld: /home/ubuntu2204/mujoco_develop/excavator_ros2_ws/src/excavator_viewer/../../../excavator_simulator_mujoco/build/lib/libglfw3.a(x11_window.c.o): in function `glfwSetX11SelectionString':
[17.760s] x11_window.c:(.text.glfwSetX11SelectionString+0x46): undefined reference to `XSetSelectionOwner'
[17.760s] /usr/bin/ld: x11_window.c:(.text.glfwSetX11SelectionString+0x59): undefined reference to `XGetSelectionOwner'
[17.760s] /usr/bin/ld: /home/ubuntu2204/mujoco_develop/excavator_ros2_ws/src/excavator_viewer/../../../excavator_simulator_mujoco/build/lib/libglfw3.a(glx_context.c.o): in function `chooseGLXFBConfig':
[17.760s] glx_context.c:(.text.chooseGLXFBConfig+0x18a): undefined reference to `XFree'
[17.761s] /usr/bin/ld: glx_context.c:(.text.chooseGLXFBConfig+0x3dd): undefined reference to `XFree'
[17.761s] /usr/bin/ld: /home/ubuntu2204/mujoco_develop/excavator_ros2_ws/src/excavator_viewer/../../../excavator_simulator_mujoco/build/lib/libglfw3.a(glx_context.c.o): in function `_glfwChooseVisualGLX':
[17.761s] glx_context.c:(.text._glfwChooseVisualGLX+0x46): undefined reference to `XFree'
[17.761s] /usr/bin/ld: /home/ubuntu2204/mujoco_develop/excavator_ros2_ws/src/excavator_viewer/../../../excavator_simulator_mujoco/build/lib/libglfw3.a(egl_context.c.o): in function `chooseEGLConfig':
[17.761s] egl_context.c:(.text.chooseEGLConfig+0x2ba): undefined reference to `XGetVisualInfo'
[17.761s] /usr/bin/ld: egl_context.c:(.text.chooseEGLConfig+0x2e6): undefined reference to `XFree'
[17.761s] /usr/bin/ld: /home/ubuntu2204/mujoco_develop/excavator_ros2_ws/src/excavator_viewer/../../../excavator_simulator_mujoco/build/lib/libglfw3.a(egl_context.c.o): in function `_glfwChooseVisualEGL':
[17.761s] egl_context.c:(.text._glfwChooseVisualEGL+0x80): undefined reference to `XGetVisualInfo'
[17.761s] /usr/bin/ld: egl_context.c:(.text._glfwChooseVisualEGL+0x99): undefined reference to `XFree'
[17.761s] collect2: error: ld returned 1 exit status
[17.761s] gmake[2]: *** [CMakeFiles/mujoco_viewer.dir/build.make:176: mujoco_viewer] Error 1
[17.762s] gmake[1]: *** [CMakeFiles/Makefile2:137: CMakeFiles/mujoco_viewer.dir/all] Error 2
[17.762s] gmake: *** [Makefile:146: all] Error 2
[17.762s] Invoked command in '/home/ubuntu2204/mujoco_develop/excavator_ros2_ws/build/excavator_viewer' returned '2': CMAKE_PREFIX_PATH=${CMAKE_PREFIX_PATH}:/home/ubuntu2204/wslearning/install/learning_urdf:/home/ubuntu2204/wslearning/install/learning_topic:/home/ubuntu2204/wslearning/install/learning_tf:/home/ubuntu2204/wslearning/install/learning_service:/home/ubuntu2204/wslearning/install/learning_qos:/home/ubuntu2204/wslearning/install/learning_pkg_python:/home/ubuntu2204/wslearning/install/learning_parameter:/home/ubuntu2204/wslearning/install/learning_node:/home/ubuntu2204/wslearning/install/learning_launch:/home/ubuntu2204/wslearning/install/learning_action:/home/ubuntu2204/wslearning/install/learning_gazebo_harmonic:/home/ubuntu2204/wslearning/install/learning_gazebo:/home/ubuntu2204/wslearning/install/learning_cv:/opt/ros/humble /usr/bin/cmake --build /home/ubuntu2204/mujoco_develop/excavator_ros2_ws/build/excavator_viewer -- -j12 -l12
