[0.008s] Invoking command in '/home/ubuntu2204/mujoco_develop/excavator_ros2_ws/build/excavator_simulate_ros2': CMAKE_PREFIX_PATH=${CMAKE_PREFIX_PATH}:/home/ubuntu2204/wslearning/install/learning_urdf:/home/ubuntu2204/wslearning/install/learning_topic:/home/ubuntu2204/wslearning/install/learning_tf:/home/ubuntu2204/wslearning/install/learning_service:/home/ubuntu2204/wslearning/install/learning_qos:/home/ubuntu2204/wslearning/install/learning_pkg_python:/home/ubuntu2204/wslearning/install/learning_parameter:/home/ubuntu2204/wslearning/install/learning_node:/home/ubuntu2204/wslearning/install/learning_launch:/home/ubuntu2204/wslearning/install/learning_action:/home/ubuntu2204/wslearning/install/learning_gazebo_harmonic:/home/ubuntu2204/wslearning/install/learning_gazebo:/home/ubuntu2204/wslearning/install/learning_cv:/opt/ros/humble /usr/bin/cmake /home/ubuntu2204/mujoco_develop/excavator_ros2_ws/src/excavator_simulate_ros2 -DCMAKE_INSTALL_PREFIX=/home/ubuntu2204/mujoco_develop/excavator_ros2_ws/install/excavator_simulate_ros2
[0.016s] -- Found ament_cmake: 1.3.14 (/opt/ros/humble/share/ament_cmake/cmake)
[0.119s] -- Found rclcpp: 16.0.19 (/opt/ros/humble/share/rclcpp/cmake)
[0.314s] -- Found rosidl_generator_c: 3.1.8 (/opt/ros/humble/share/rosidl_generator_c/cmake)
[0.317s] -- Found rosidl_adapter: 3.1.8 (/opt/ros/humble/share/rosidl_adapter/cmake)
[0.320s] -- Found rosidl_generator_cpp: 3.1.8 (/opt/ros/humble/share/rosidl_generator_cpp/cmake)
[0.328s] -- Using all available rosidl_typesupport_c: rosidl_typesupport_fastrtps_c;rosidl_typesupport_introspection_c
[0.336s] -- Using all available rosidl_typesupport_cpp: rosidl_typesupport_fastrtps_cpp;rosidl_typesupport_introspection_cpp
[0.360s] -- Found rmw_implementation_cmake: 6.1.2 (/opt/ros/humble/share/rmw_implementation_cmake/cmake)
[0.362s] -- Found rmw_fastrtps_cpp: 6.2.10 (/opt/ros/humble/share/rmw_fastrtps_cpp/cmake)
[9.037s] -- Using RMW implementation 'rmw_fastrtps_cpp' as default
[9.069s] -- Found sensor_msgs: 4.9.1 (/opt/ros/humble/share/sensor_msgs/cmake)
[11.015s] -- Configuring done
[11.023s] -- Generating done
[11.027s] -- Build files have been written to: /home/ubuntu2204/mujoco_develop/excavator_ros2_ws/build/excavator_simulate_ros2
[11.033s] Invoked command in '/home/ubuntu2204/mujoco_develop/excavator_ros2_ws/build/excavator_simulate_ros2' returned '0': CMAKE_PREFIX_PATH=${CMAKE_PREFIX_PATH}:/home/ubuntu2204/wslearning/install/learning_urdf:/home/ubuntu2204/wslearning/install/learning_topic:/home/ubuntu2204/wslearning/install/learning_tf:/home/ubuntu2204/wslearning/install/learning_service:/home/ubuntu2204/wslearning/install/learning_qos:/home/ubuntu2204/wslearning/install/learning_pkg_python:/home/ubuntu2204/wslearning/install/learning_parameter:/home/ubuntu2204/wslearning/install/learning_node:/home/ubuntu2204/wslearning/install/learning_launch:/home/ubuntu2204/wslearning/install/learning_action:/home/ubuntu2204/wslearning/install/learning_gazebo_harmonic:/home/ubuntu2204/wslearning/install/learning_gazebo:/home/ubuntu2204/wslearning/install/learning_cv:/opt/ros/humble /usr/bin/cmake /home/ubuntu2204/mujoco_develop/excavator_ros2_ws/src/excavator_simulate_ros2 -DCMAKE_INSTALL_PREFIX=/home/ubuntu2204/mujoco_develop/excavator_ros2_ws/install/excavator_simulate_ros2
[11.034s] Invoking command in '/home/ubuntu2204/mujoco_develop/excavator_ros2_ws/build/excavator_simulate_ros2': CMAKE_PREFIX_PATH=${CMAKE_PREFIX_PATH}:/home/ubuntu2204/wslearning/install/learning_urdf:/home/ubuntu2204/wslearning/install/learning_topic:/home/ubuntu2204/wslearning/install/learning_tf:/home/ubuntu2204/wslearning/install/learning_service:/home/ubuntu2204/wslearning/install/learning_qos:/home/ubuntu2204/wslearning/install/learning_pkg_python:/home/ubuntu2204/wslearning/install/learning_parameter:/home/ubuntu2204/wslearning/install/learning_node:/home/ubuntu2204/wslearning/install/learning_launch:/home/ubuntu2204/wslearning/install/learning_action:/home/ubuntu2204/wslearning/install/learning_gazebo_harmonic:/home/ubuntu2204/wslearning/install/learning_gazebo:/home/ubuntu2204/wslearning/install/learning_cv:/opt/ros/humble /usr/bin/cmake --build /home/ubuntu2204/mujoco_develop/excavator_ros2_ws/build/excavator_simulate_ros2 -- -j12 -l12
[11.074s] [ 50%] Building CXX object CMakeFiles/simulate_ros2.dir/src/main.cc.o
[18.695s] [100%] Linking CXX executable simulate_ros2
[19.219s] [100%] Built target simulate_ros2
[19.230s] Invoked command in '/home/ubuntu2204/mujoco_develop/excavator_ros2_ws/build/excavator_simulate_ros2' returned '0': CMAKE_PREFIX_PATH=${CMAKE_PREFIX_PATH}:/home/ubuntu2204/wslearning/install/learning_urdf:/home/ubuntu2204/wslearning/install/learning_topic:/home/ubuntu2204/wslearning/install/learning_tf:/home/ubuntu2204/wslearning/install/learning_service:/home/ubuntu2204/wslearning/install/learning_qos:/home/ubuntu2204/wslearning/install/learning_pkg_python:/home/ubuntu2204/wslearning/install/learning_parameter:/home/ubuntu2204/wslearning/install/learning_node:/home/ubuntu2204/wslearning/install/learning_launch:/home/ubuntu2204/wslearning/install/learning_action:/home/ubuntu2204/wslearning/install/learning_gazebo_harmonic:/home/ubuntu2204/wslearning/install/learning_gazebo:/home/ubuntu2204/wslearning/install/learning_cv:/opt/ros/humble /usr/bin/cmake --build /home/ubuntu2204/mujoco_develop/excavator_ros2_ws/build/excavator_simulate_ros2 -- -j12 -l12
[19.241s] Invoking command in '/home/ubuntu2204/mujoco_develop/excavator_ros2_ws/build/excavator_simulate_ros2': CMAKE_PREFIX_PATH=${CMAKE_PREFIX_PATH}:/home/ubuntu2204/wslearning/install/learning_urdf:/home/ubuntu2204/wslearning/install/learning_topic:/home/ubuntu2204/wslearning/install/learning_tf:/home/ubuntu2204/wslearning/install/learning_service:/home/ubuntu2204/wslearning/install/learning_qos:/home/ubuntu2204/wslearning/install/learning_pkg_python:/home/ubuntu2204/wslearning/install/learning_parameter:/home/ubuntu2204/wslearning/install/learning_node:/home/ubuntu2204/wslearning/install/learning_launch:/home/ubuntu2204/wslearning/install/learning_action:/home/ubuntu2204/wslearning/install/learning_gazebo_harmonic:/home/ubuntu2204/wslearning/install/learning_gazebo:/home/ubuntu2204/wslearning/install/learning_cv:/opt/ros/humble /usr/bin/cmake --install /home/ubuntu2204/mujoco_develop/excavator_ros2_ws/build/excavator_simulate_ros2
[19.248s] -- Install configuration: ""
[19.248s] -- Installing: /home/ubuntu2204/mujoco_develop/excavator_ros2_ws/install/excavator_simulate_ros2/lib/excavator_simulate_ros2/simulate_ros2
[19.251s] -- Set runtime path of "/home/ubuntu2204/mujoco_develop/excavator_ros2_ws/install/excavator_simulate_ros2/lib/excavator_simulate_ros2/simulate_ros2" to ""
[19.251s] -- Installing: /home/ubuntu2204/mujoco_develop/excavator_ros2_ws/install/excavator_simulate_ros2/share/ament_index/resource_index/package_run_dependencies/excavator_simulate_ros2
[19.251s] -- Installing: /home/ubuntu2204/mujoco_develop/excavator_ros2_ws/install/excavator_simulate_ros2/share/ament_index/resource_index/parent_prefix_path/excavator_simulate_ros2
[19.251s] -- Installing: /home/ubuntu2204/mujoco_develop/excavator_ros2_ws/install/excavator_simulate_ros2/share/excavator_simulate_ros2/environment/ament_prefix_path.sh
[19.252s] -- Installing: /home/ubuntu2204/mujoco_develop/excavator_ros2_ws/install/excavator_simulate_ros2/share/excavator_simulate_ros2/environment/ament_prefix_path.dsv
[19.252s] -- Installing: /home/ubuntu2204/mujoco_develop/excavator_ros2_ws/install/excavator_simulate_ros2/share/excavator_simulate_ros2/environment/path.sh
[19.252s] -- Installing: /home/ubuntu2204/mujoco_develop/excavator_ros2_ws/install/excavator_simulate_ros2/share/excavator_simulate_ros2/environment/path.dsv
[19.252s] -- Installing: /home/ubuntu2204/mujoco_develop/excavator_ros2_ws/install/excavator_simulate_ros2/share/excavator_simulate_ros2/local_setup.bash
[19.252s] -- Installing: /home/ubuntu2204/mujoco_develop/excavator_ros2_ws/install/excavator_simulate_ros2/share/excavator_simulate_ros2/local_setup.sh
[19.252s] -- Installing: /home/ubuntu2204/mujoco_develop/excavator_ros2_ws/install/excavator_simulate_ros2/share/excavator_simulate_ros2/local_setup.zsh
[19.253s] -- Installing: /home/ubuntu2204/mujoco_develop/excavator_ros2_ws/install/excavator_simulate_ros2/share/excavator_simulate_ros2/local_setup.dsv
[19.253s] -- Installing: /home/ubuntu2204/mujoco_develop/excavator_ros2_ws/install/excavator_simulate_ros2/share/excavator_simulate_ros2/package.dsv
[19.253s] -- Installing: /home/ubuntu2204/mujoco_develop/excavator_ros2_ws/install/excavator_simulate_ros2/share/ament_index/resource_index/packages/excavator_simulate_ros2
[19.253s] -- Installing: /home/ubuntu2204/mujoco_develop/excavator_ros2_ws/install/excavator_simulate_ros2/share/excavator_simulate_ros2/cmake/excavator_simulate_ros2Config.cmake
[19.253s] -- Installing: /home/ubuntu2204/mujoco_develop/excavator_ros2_ws/install/excavator_simulate_ros2/share/excavator_simulate_ros2/cmake/excavator_simulate_ros2Config-version.cmake
[19.253s] -- Installing: /home/ubuntu2204/mujoco_develop/excavator_ros2_ws/install/excavator_simulate_ros2/share/excavator_simulate_ros2/package.xml
[19.255s] Invoked command in '/home/ubuntu2204/mujoco_develop/excavator_ros2_ws/build/excavator_simulate_ros2' returned '0': CMAKE_PREFIX_PATH=${CMAKE_PREFIX_PATH}:/home/ubuntu2204/wslearning/install/learning_urdf:/home/ubuntu2204/wslearning/install/learning_topic:/home/ubuntu2204/wslearning/install/learning_tf:/home/ubuntu2204/wslearning/install/learning_service:/home/ubuntu2204/wslearning/install/learning_qos:/home/ubuntu2204/wslearning/install/learning_pkg_python:/home/ubuntu2204/wslearning/install/learning_parameter:/home/ubuntu2204/wslearning/install/learning_node:/home/ubuntu2204/wslearning/install/learning_launch:/home/ubuntu2204/wslearning/install/learning_action:/home/ubuntu2204/wslearning/install/learning_gazebo_harmonic:/home/ubuntu2204/wslearning/install/learning_gazebo:/home/ubuntu2204/wslearning/install/learning_cv:/opt/ros/humble /usr/bin/cmake --install /home/ubuntu2204/mujoco_develop/excavator_ros2_ws/build/excavator_simulate_ros2
