[35m[1mConsolidate compiler generated dependencies of target demo_node[0m
[ 50%] [32mBuilding CXX object CMakeFiles/demo_node.dir/src/demo_node.cpp.o[0m
[100%] [32m[1mLinking CXX executable demo_node[0m
[100%] Built target demo_node
-- Install configuration: ""
-- Installing: /home/ubuntu2204/mujoco_develop/excavator_ros2_ws/install/excavator_demo/lib/excavator_demo/demo_node
-- Set runtime path of "/home/ubuntu2204/mujoco_develop/excavator_ros2_ws/install/excavator_demo/lib/excavator_demo/demo_node" to ""
-- Up-to-date: /home/ubuntu2204/mujoco_develop/excavator_ros2_ws/install/excavator_demo/include
-- Up-to-date: /home/ubuntu2204/mujoco_develop/excavator_ros2_ws/install/excavator_demo/include/excavator_demo
-- Installing: /home/ubuntu2204/mujoco_develop/excavator_ros2_ws/install/excavator_demo/include/excavator_demo/demo_node.hpp
-- Up-to-date: /home/ubuntu2204/mujoco_develop/excavator_ros2_ws/install/excavator_demo/share/excavator_demo/launch
-- Up-to-date: /home/ubuntu2204/mujoco_develop/excavator_ros2_ws/install/excavator_demo/share/excavator_demo/launch/demo.launch.py
-- Up-to-date: /home/ubuntu2204/mujoco_develop/excavator_ros2_ws/install/excavator_demo/share/ament_index/resource_index/package_run_dependencies/excavator_demo
-- Up-to-date: /home/ubuntu2204/mujoco_develop/excavator_ros2_ws/install/excavator_demo/share/ament_index/resource_index/parent_prefix_path/excavator_demo
-- Up-to-date: /home/ubuntu2204/mujoco_develop/excavator_ros2_ws/install/excavator_demo/share/excavator_demo/environment/ament_prefix_path.sh
-- Up-to-date: /home/ubuntu2204/mujoco_develop/excavator_ros2_ws/install/excavator_demo/share/excavator_demo/environment/ament_prefix_path.dsv
-- Up-to-date: /home/ubuntu2204/mujoco_develop/excavator_ros2_ws/install/excavator_demo/share/excavator_demo/environment/path.sh
-- Up-to-date: /home/ubuntu2204/mujoco_develop/excavator_ros2_ws/install/excavator_demo/share/excavator_demo/environment/path.dsv
-- Up-to-date: /home/ubuntu2204/mujoco_develop/excavator_ros2_ws/install/excavator_demo/share/excavator_demo/local_setup.bash
-- Up-to-date: /home/ubuntu2204/mujoco_develop/excavator_ros2_ws/install/excavator_demo/share/excavator_demo/local_setup.sh
-- Up-to-date: /home/ubuntu2204/mujoco_develop/excavator_ros2_ws/install/excavator_demo/share/excavator_demo/local_setup.zsh
-- Up-to-date: /home/ubuntu2204/mujoco_develop/excavator_ros2_ws/install/excavator_demo/share/excavator_demo/local_setup.dsv
-- Installing: /home/ubuntu2204/mujoco_develop/excavator_ros2_ws/install/excavator_demo/share/excavator_demo/package.dsv
-- Up-to-date: /home/ubuntu2204/mujoco_develop/excavator_ros2_ws/install/excavator_demo/share/ament_index/resource_index/packages/excavator_demo
-- Up-to-date: /home/ubuntu2204/mujoco_develop/excavator_ros2_ws/install/excavator_demo/share/excavator_demo/cmake/excavator_demoConfig.cmake
-- Up-to-date: /home/ubuntu2204/mujoco_develop/excavator_ros2_ws/install/excavator_demo/share/excavator_demo/cmake/excavator_demoConfig-version.cmake
-- Up-to-date: /home/ubuntu2204/mujoco_develop/excavator_ros2_ws/install/excavator_demo/share/excavator_demo/package.xml
