In file included from /opt/ros/humble/include/rclcpp/rclcpp/logging.hpp:24,
                 from /opt/ros/humble/include/rclcpp/rclcpp/client.hpp:40,
                 from /opt/ros/humble/include/rclcpp/rclcpp/callback_group.hpp:24,
                 from /opt/ros/humble/include/rclcpp/rclcpp/any_executable.hpp:20,
                 from /opt/ros/humble/include/rclcpp/rclcpp/memory_strategy.hpp:25,
                 from /opt/ros/humble/include/rclcpp/rclcpp/memory_strategies.hpp:18,
                 from /opt/ros/humble/include/rclcpp/rclcpp/executor_options.hpp:20,
                 from /opt/ros/humble/include/rclcpp/rclcpp/executor.hpp:37,
                 from /opt/ros/humble/include/rclcpp/rclcpp/executors/multi_threaded_executor.hpp:25,
                 from /opt/ros/humble/include/rclcpp/rclcpp/executors.hpp:21,
                 from /opt/ros/humble/include/rclcpp/rclcpp/rclcpp.hpp:155,
                 from /home/ubuntu2204/mujoco_develop/excavator_ros2_ws/src/excavator_demo/include/excavator_demo/demo_node.hpp:9,
                 from /home/ubuntu2204/mujoco_develop/excavator_ros2_ws/src/excavator_demo/src/demo_node.cpp:4:
/home/ubuntu2204/mujoco_develop/excavator_ros2_ws/src/excavator_demo/src/demo_node.cpp: In member function ‘void excavator_demo::DemoNode::control_loop()’:
/home/ubuntu2204/mujoco_develop/excavator_ros2_ws/src/excavator_demo/src/demo_node.cpp:116:39: warning: format ‘%ld’ expects argument of type ‘long int’, but argument 5 has type ‘int’ [-Wformat=]
  116 |       RCLCPP_INFO(this->get_logger(), "航点 %ld/%ld",
      |                                       ^~~~~~~~~~~~~~
  117 |                   current_wp_ + 1, waypoints_.size());
      |                   ~~~~~~~~~~~~~~~      
      |                               |
      |                               int
/home/ubuntu2204/mujoco_develop/excavator_ros2_ws/src/excavator_demo/src/demo_node.cpp:116:47: note: format string is defined here
  116 |       RCLCPP_INFO(this->get_logger(), "航点 %ld/%ld",
      |                                             ~~^
      |                                               |
      |                                               long int
      |                                             %d
