[0.008s] Invoking command in '/home/ubuntu2204/mujoco_develop/excavator_ros2_ws/build/excavator_simulate_ros2': CMAKE_PREFIX_PATH=${CMAKE_PREFIX_PATH}:/home/ubuntu2204/wslearning/install/learning_urdf:/home/ubuntu2204/wslearning/install/learning_topic:/home/ubuntu2204/wslearning/install/learning_tf:/home/ubuntu2204/wslearning/install/learning_service:/home/ubuntu2204/wslearning/install/learning_qos:/home/ubuntu2204/wslearning/install/learning_pkg_python:/home/ubuntu2204/wslearning/install/learning_parameter:/home/ubuntu2204/wslearning/install/learning_node:/home/ubuntu2204/wslearning/install/learning_launch:/home/ubuntu2204/wslearning/install/learning_action:/home/ubuntu2204/wslearning/install/learning_gazebo_harmonic:/home/ubuntu2204/wslearning/install/learning_gazebo:/home/ubuntu2204/wslearning/install/learning_cv:/opt/ros/humble /usr/bin/cmake /home/ubuntu2204/mujoco_develop/excavator_ros2_ws/src/excavator_simulate_ros2 -DCMAKE_INSTALL_PREFIX=/home/ubuntu2204/mujoco_develop/excavator_ros2_ws/install/excavator_simulate_ros2
[0.234s] -- The C compiler identification is GNU 11.4.0
[0.860s] -- The CXX compiler identification is GNU 12.3.0
[1.325s] -- Detecting C compiler ABI info
[1.488s] -- Detecting C compiler ABI info - done
[1.492s] -- Check for working C compiler: /usr/bin/cc - skipped
[1.492s] -- Detecting C compile features
[1.493s] -- Detecting C compile features - done
[1.495s] -- Detecting CXX compiler ABI info
[1.663s] -- Detecting CXX compiler ABI info - done
[1.668s] -- Check for working CXX compiler: /usr/bin/c++ - skipped
[1.668s] -- Detecting CXX compile features
[1.669s] -- Detecting CXX compile features - done
[1.672s] -- Found ament_cmake: 1.3.14 (/opt/ros/humble/share/ament_cmake/cmake)
[1.797s] -- Found Python3: /usr/bin/python3 (found version "3.10.12") found components: Interpreter 
[1.879s] -- Found rclcpp: 16.0.19 (/opt/ros/humble/share/rclcpp/cmake)
[2.071s] -- Found rosidl_generator_c: 3.1.8 (/opt/ros/humble/share/rosidl_generator_c/cmake)
[2.077s] -- Found rosidl_adapter: 3.1.8 (/opt/ros/humble/share/rosidl_adapter/cmake)
[2.085s] -- Found rosidl_generator_cpp: 3.1.8 (/opt/ros/humble/share/rosidl_generator_cpp/cmake)
[2.097s] -- Using all available rosidl_typesupport_c: rosidl_typesupport_fastrtps_c;rosidl_typesupport_introspection_c
[2.114s] -- Using all available rosidl_typesupport_cpp: rosidl_typesupport_fastrtps_cpp;rosidl_typesupport_introspection_cpp
[2.159s] -- Found rmw_implementation_cmake: 6.1.2 (/opt/ros/humble/share/rmw_implementation_cmake/cmake)
[2.162s] -- Found rmw_fastrtps_cpp: 6.2.10 (/opt/ros/humble/share/rmw_fastrtps_cpp/cmake)
[3.933s] -- Found OpenSSL: /usr/lib/x86_64-linux-gnu/libcrypto.so (found version "3.0.2")  
[5.869s] -- Found FastRTPS: /opt/ros/humble/include  
[9.435s] -- Using RMW implementation 'rmw_fastrtps_cpp' as default
[9.445s] -- Looking for pthread.h
[9.606s] -- Looking for pthread.h - found
[9.606s] -- Performing Test CMAKE_HAVE_LIBC_PTHREAD
[9.767s] -- Performing Test CMAKE_HAVE_LIBC_PTHREAD - Success
[9.768s] -- Found Threads: TRUE  
[9.810s] -- Found sensor_msgs: 4.9.1 (/opt/ros/humble/share/sensor_msgs/cmake)
[10.382s] -- Found OpenGL: /usr/lib/x86_64-linux-gnu/libOpenGL.so   
[15.297s] -- Found X11: /usr/include   
[15.297s] -- Looking for XOpenDisplay in /usr/lib/x86_64-linux-gnu/libX11.so;/usr/lib/x86_64-linux-gnu/libXext.so
[15.470s] -- Looking for XOpenDisplay in /usr/lib/x86_64-linux-gnu/libX11.so;/usr/lib/x86_64-linux-gnu/libXext.so - found
[15.470s] -- Looking for gethostbyname
[15.633s] -- Looking for gethostbyname - found
[15.633s] -- Looking for connect
[15.803s] -- Looking for connect - found
[15.803s] -- Looking for remove
[15.960s] -- Looking for remove - found
[15.960s] -- Looking for shmat
[16.127s] -- Looking for shmat - found
[16.127s] -- Looking for IceConnectionNumber in ICE
[16.285s] -- Looking for IceConnectionNumber in ICE - found
[16.336s] -- Configuring done
[16.337s] CMake Error: The following variables are used in this project, but they are set to NOTFOUND.
[16.337s] Please set them or make sure they are set and tested correctly in the CMake files:
[16.337s] GLFW_LIB
[16.337s]     linked by target "simulate_ros2" in directory /home/ubuntu2204/mujoco_develop/excavator_ros2_ws/src/excavator_simulate_ros2
[16.337s] SIMULATE_LIB
[16.337s]     linked by target "simulate_ros2" in directory /home/ubuntu2204/mujoco_develop/excavator_ros2_ws/src/excavator_simulate_ros2
[16.337s] 
[16.348s] -- Generating done
[16.349s] CMake Generate step failed.  Build files cannot be regenerated correctly.
[16.359s] Invoked command in '/home/ubuntu2204/mujoco_develop/excavator_ros2_ws/build/excavator_simulate_ros2' returned '1': CMAKE_PREFIX_PATH=${CMAKE_PREFIX_PATH}:/home/ubuntu2204/wslearning/install/learning_urdf:/home/ubuntu2204/wslearning/install/learning_topic:/home/ubuntu2204/wslearning/install/learning_tf:/home/ubuntu2204/wslearning/install/learning_service:/home/ubuntu2204/wslearning/install/learning_qos:/home/ubuntu2204/wslearning/install/learning_pkg_python:/home/ubuntu2204/wslearning/install/learning_parameter:/home/ubuntu2204/wslearning/install/learning_node:/home/ubuntu2204/wslearning/install/learning_launch:/home/ubuntu2204/wslearning/install/learning_action:/home/ubuntu2204/wslearning/install/learning_gazebo_harmonic:/home/ubuntu2204/wslearning/install/learning_gazebo:/home/ubuntu2204/wslearning/install/learning_cv:/opt/ros/humble /usr/bin/cmake /home/ubuntu2204/mujoco_develop/excavator_ros2_ws/src/excavator_simulate_ros2 -DCMAKE_INSTALL_PREFIX=/home/ubuntu2204/mujoco_develop/excavator_ros2_ws/install/excavator_simulate_ros2
