-- Found ament_cmake: 1.3.14 (/opt/ros/humble/share/ament_cmake/cmake)
-- Found rclcpp: 16.0.19 (/opt/ros/humble/share/rclcpp/cmake)
-- Found rosidl_generator_c: 3.1.8 (/opt/ros/humble/share/rosidl_generator_c/cmake)
-- Found rosidl_adapter: 3.1.8 (/opt/ros/humble/share/rosidl_adapter/cmake)
-- Found rosidl_generator_cpp: 3.1.8 (/opt/ros/humble/share/rosidl_generator_cpp/cmake)
-- Using all available rosidl_typesupport_c: rosidl_typesupport_fastrtps_c;rosidl_typesupport_introspection_c
-- Using all available rosidl_typesupport_cpp: rosidl_typesupport_fastrtps_cpp;rosidl_typesupport_introspection_cpp
-- Found rmw_implementation_cmake: 6.1.2 (/opt/ros/humble/share/rmw_implementation_cmake/cmake)
-- Found rmw_fastrtps_cpp: 6.2.10 (/opt/ros/humble/share/rmw_fastrtps_cpp/cmake)
-- Using RMW implementation 'rmw_fastrtps_cpp' as default
-- Found sensor_msgs: 4.9.1 (/opt/ros/humble/share/sensor_msgs/cmake)
-- Configuring done
-- Generating done
-- Build files have been written to: /home/ubuntu2204/mujoco_develop/excavator_ros2_ws/build/excavator_viewer
Consolidate compiler generated dependencies of target mujoco_viewer
[ 50%] Building CXX object CMakeFiles/mujoco_viewer.dir/src/mujoco_viewer.cpp.o
[100%] Linking CXX executable mujoco_viewer
[100%] Built target mujoco_viewer
-- Install configuration: "Release"
-- Installing: /home/ubuntu2204/mujoco_develop/excavator_ros2_ws/install/excavator_viewer/lib/excavator_viewer/mujoco_viewer
-- Set runtime path of "/home/ubuntu2204/mujoco_develop/excavator_ros2_ws/install/excavator_viewer/lib/excavator_viewer/mujoco_viewer" to "/home/ubuntu2204/mujoco_develop/excavator_ros2_ws/src/excavator_viewer/../../../excavator_simulator_mujoco/build/lib"
-- Up-to-date: /home/ubuntu2204/mujoco_develop/excavator_ros2_ws/install/excavator_viewer/share/excavator_viewer/launch
-- Up-to-date: /home/ubuntu2204/mujoco_develop/excavator_ros2_ws/install/excavator_viewer/share/excavator_viewer/launch/viewer.launch.py
-- Up-to-date: /home/ubuntu2204/mujoco_develop/excavator_ros2_ws/install/excavator_viewer/share/ament_index/resource_index/package_run_dependencies/excavator_viewer
-- Up-to-date: /home/ubuntu2204/mujoco_develop/excavator_ros2_ws/install/excavator_viewer/share/ament_index/resource_index/parent_prefix_path/excavator_viewer
-- Up-to-date: /home/ubuntu2204/mujoco_develop/excavator_ros2_ws/install/excavator_viewer/share/excavator_viewer/environment/ament_prefix_path.sh
-- Installing: /home/ubuntu2204/mujoco_develop/excavator_ros2_ws/install/excavator_viewer/share/excavator_viewer/environment/ament_prefix_path.dsv
-- Up-to-date: /home/ubuntu2204/mujoco_develop/excavator_ros2_ws/install/excavator_viewer/share/excavator_viewer/environment/path.sh
-- Installing: /home/ubuntu2204/mujoco_develop/excavator_ros2_ws/install/excavator_viewer/share/excavator_viewer/environment/path.dsv
-- Up-to-date: /home/ubuntu2204/mujoco_develop/excavator_ros2_ws/install/excavator_viewer/share/excavator_viewer/local_setup.bash
-- Up-to-date: /home/ubuntu2204/mujoco_develop/excavator_ros2_ws/install/excavator_viewer/share/excavator_viewer/local_setup.sh
-- Up-to-date: /home/ubuntu2204/mujoco_develop/excavator_ros2_ws/install/excavator_viewer/share/excavator_viewer/local_setup.zsh
-- Installing: /home/ubuntu2204/mujoco_develop/excavator_ros2_ws/install/excavator_viewer/share/excavator_viewer/local_setup.dsv
-- Installing: /home/ubuntu2204/mujoco_develop/excavator_ros2_ws/install/excavator_viewer/share/excavator_viewer/package.dsv
-- Up-to-date: /home/ubuntu2204/mujoco_develop/excavator_ros2_ws/install/excavator_viewer/share/ament_index/resource_index/packages/excavator_viewer
-- Up-to-date: /home/ubuntu2204/mujoco_develop/excavator_ros2_ws/install/excavator_viewer/share/excavator_viewer/cmake/excavator_viewerConfig.cmake
-- Up-to-date: /home/ubuntu2204/mujoco_develop/excavator_ros2_ws/install/excavator_viewer/share/excavator_viewer/cmake/excavator_viewerConfig-version.cmake
-- Up-to-date: /home/ubuntu2204/mujoco_develop/excavator_ros2_ws/install/excavator_viewer/share/excavator_viewer/package.xml
