The system is: Linux - 6.6.87.2-microsoft-standard-WSL2 - x86_64
Compiling the C compiler identification source file "CMakeCCompilerId.c" succeeded.
Compiler: /usr/bin/clang 
Build flags: 
Id flags:  

The output was:
0


Compilation of the C compiler identification source "CMakeCCompilerId.c" produced "a.out"

The C compiler identification is Clang, found in "/home/ubuntu2204/mujoco_develop/excavator_simulator_mujoco/build/CMakeFiles/3.22.1/CompilerIdC/a.out"

Compiling the CXX compiler identification source file "CMakeCXXCompilerId.cpp" succeeded.
Compiler: /usr/bin/clang++ 
Build flags: 
Id flags:  

The output was:
0


Compilation of the CXX compiler identification source "CMakeCXXCompilerId.cpp" produced "a.out"

The CXX compiler identification is Clang, found in "/home/ubuntu2204/mujoco_develop/excavator_simulator_mujoco/build/CMakeFiles/3.22.1/CompilerIdCXX/a.out"

Detecting C compiler ABI info compiled with the following output:
Change Dir: /home/ubuntu2204/mujoco_develop/excavator_simulator_mujoco/build/CMakeFiles/CMakeTmp

Run Build Command(s):/usr/bin/gmake -f Makefile cmTC_0a49a/fast && /usr/bin/gmake  -f CMakeFiles/cmTC_0a49a.dir/build.make CMakeFiles/cmTC_0a49a.dir/build
gmake[1]: Entering directory '/home/ubuntu2204/mujoco_develop/excavator_simulator_mujoco/build/CMakeFiles/CMakeTmp'
Building C object CMakeFiles/cmTC_0a49a.dir/CMakeCCompilerABI.c.o
/usr/bin/clang   -v -MD -MT CMakeFiles/cmTC_0a49a.dir/CMakeCCompilerABI.c.o -MF CMakeFiles/cmTC_0a49a.dir/CMakeCCompilerABI.c.o.d -o CMakeFiles/cmTC_0a49a.dir/CMakeCCompilerABI.c.o -c /usr/share/cmake-3.22/Modules/CMakeCCompilerABI.c
Ubuntu clang version 14.0.0-1ubuntu1.1
Target: x86_64-pc-linux-gnu
Thread model: posix
InstalledDir: /usr/bin
Found candidate GCC installation: /usr/bin/../lib/gcc/x86_64-linux-gnu/11
Found candidate GCC installation: /usr/bin/../lib/gcc/x86_64-linux-gnu/12
Selected GCC installation: /usr/bin/../lib/gcc/x86_64-linux-gnu/12
Candidate multilib: .;@m64
Selected multilib: .;@m64
 (in-process)
 "/usr/lib/llvm-14/bin/clang" -cc1 -triple x86_64-pc-linux-gnu -emit-obj -mrelax-all --mrelax-relocations -disable-free -clear-ast-before-backend -disable-llvm-verifier -discard-value-names -main-file-name CMakeCCompilerABI.c -mrelocation-model pic -pic-level 2 -pic-is-pie -mframe-pointer=all -fmath-errno -ffp-contract=on -fno-rounding-math -mconstructor-aliases -funwind-tables=2 -target-cpu x86-64 -tune-cpu generic -mllvm -treat-scalable-fixed-error-as-warning -debugger-tuning=gdb -v -fcoverage-compilation-dir=/home/ubuntu2204/mujoco_develop/excavator_simulator_mujoco/build/CMakeFiles/CMakeTmp -resource-dir /usr/lib/llvm-14/lib/clang/14.0.0 -dependency-file CMakeFiles/cmTC_0a49a.dir/CMakeCCompilerABI.c.o.d -MT CMakeFiles/cmTC_0a49a.dir/CMakeCCompilerABI.c.o -sys-header-deps -internal-isystem /usr/lib/llvm-14/lib/clang/14.0.0/include -internal-isystem /usr/local/include -internal-isystem /usr/bin/../lib/gcc/x86_64-linux-gnu/12/../../../../x86_64-linux-gnu/include -internal-externc-isystem /usr/include/x86_64-linux-gnu -internal-externc-isystem /include -internal-externc-isystem /usr/include -fdebug-compilation-dir=/home/ubuntu2204/mujoco_develop/excavator_simulator_mujoco/build/CMakeFiles/CMakeTmp -ferror-limit 19 -fgnuc-version=4.2.1 -faddrsig -D__GCC_HAVE_DWARF2_CFI_ASM=1 -o CMakeFiles/cmTC_0a49a.dir/CMakeCCompilerABI.c.o -x c /usr/share/cmake-3.22/Modules/CMakeCCompilerABI.c
clang -cc1 version 14.0.0 based upon LLVM 14.0.0 default target x86_64-pc-linux-gnu
ignoring nonexistent directory "/usr/bin/../lib/gcc/x86_64-linux-gnu/12/../../../../x86_64-linux-gnu/include"
ignoring nonexistent directory "/include"
#include "..." search starts here:
#include <...> search starts here:
 /usr/lib/llvm-14/lib/clang/14.0.0/include
 /usr/local/include
 /usr/include/x86_64-linux-gnu
 /usr/include
End of search list.
Linking C executable cmTC_0a49a
/usr/bin/cmake -E cmake_link_script CMakeFiles/cmTC_0a49a.dir/link.txt --verbose=1
/usr/bin/clang  -v CMakeFiles/cmTC_0a49a.dir/CMakeCCompilerABI.c.o -o cmTC_0a49a 
Ubuntu clang version 14.0.0-1ubuntu1.1
Target: x86_64-pc-linux-gnu
Thread model: posix
InstalledDir: /usr/bin
Found candidate GCC installation: /usr/bin/../lib/gcc/x86_64-linux-gnu/11
Found candidate GCC installation: /usr/bin/../lib/gcc/x86_64-linux-gnu/12
Selected GCC installation: /usr/bin/../lib/gcc/x86_64-linux-gnu/12
Candidate multilib: .;@m64
Selected multilib: .;@m64
 "/usr/bin/ld" -pie -z relro --hash-style=gnu --build-id --eh-frame-hdr -m elf_x86_64 -dynamic-linker /lib64/ld-linux-x86-64.so.2 -o cmTC_0a49a /lib/x86_64-linux-gnu/Scrt1.o /lib/x86_64-linux-gnu/crti.o /usr/bin/../lib/gcc/x86_64-linux-gnu/12/crtbeginS.o -L/usr/bin/../lib/gcc/x86_64-linux-gnu/12 -L/usr/bin/../lib/gcc/x86_64-linux-gnu/12/../../../../lib64 -L/lib/x86_64-linux-gnu -L/lib/../lib64 -L/usr/lib/x86_64-linux-gnu -L/usr/lib/../lib64 -L/usr/lib/llvm-14/bin/../lib -L/lib -L/usr/lib CMakeFiles/cmTC_0a49a.dir/CMakeCCompilerABI.c.o -lgcc --as-needed -lgcc_s --no-as-needed -lc -lgcc --as-needed -lgcc_s --no-as-needed /usr/bin/../lib/gcc/x86_64-linux-gnu/12/crtendS.o /lib/x86_64-linux-gnu/crtn.o
gmake[1]: Leaving directory '/home/ubuntu2204/mujoco_develop/excavator_simulator_mujoco/build/CMakeFiles/CMakeTmp'



Parsed C implicit include dir info from above output: rv=done
  found start of include info
  found start of implicit include info
    add: [/usr/lib/llvm-14/lib/clang/14.0.0/include]
    add: [/usr/local/include]
    add: [/usr/include/x86_64-linux-gnu]
    add: [/usr/include]
  end of search list found
  collapse include dir [/usr/lib/llvm-14/lib/clang/14.0.0/include] ==> [/usr/lib/llvm-14/lib/clang/14.0.0/include]
  collapse include dir [/usr/local/include] ==> [/usr/local/include]
  collapse include dir [/usr/include/x86_64-linux-gnu] ==> [/usr/include/x86_64-linux-gnu]
  collapse include dir [/usr/include] ==> [/usr/include]
  implicit include dirs: [/usr/lib/llvm-14/lib/clang/14.0.0/include;/usr/local/include;/usr/include/x86_64-linux-gnu;/usr/include]


Parsed C implicit link information from above output:
  link line regex: [^( *|.*[/\])(ld|CMAKE_LINK_STARTFILE-NOTFOUND|([^/\]+-)?ld|collect2)[^/\]*( |$)]
  ignore line: [Change Dir: /home/ubuntu2204/mujoco_develop/excavator_simulator_mujoco/build/CMakeFiles/CMakeTmp]
  ignore line: []
  ignore line: [Run Build Command(s):/usr/bin/gmake -f Makefile cmTC_0a49a/fast && /usr/bin/gmake  -f CMakeFiles/cmTC_0a49a.dir/build.make CMakeFiles/cmTC_0a49a.dir/build]
  ignore line: [gmake[1]: Entering directory '/home/ubuntu2204/mujoco_develop/excavator_simulator_mujoco/build/CMakeFiles/CMakeTmp']
  ignore line: [Building C object CMakeFiles/cmTC_0a49a.dir/CMakeCCompilerABI.c.o]
  ignore line: [/usr/bin/clang   -v -MD -MT CMakeFiles/cmTC_0a49a.dir/CMakeCCompilerABI.c.o -MF CMakeFiles/cmTC_0a49a.dir/CMakeCCompilerABI.c.o.d -o CMakeFiles/cmTC_0a49a.dir/CMakeCCompilerABI.c.o -c /usr/share/cmake-3.22/Modules/CMakeCCompilerABI.c]
  ignore line: [Ubuntu clang version 14.0.0-1ubuntu1.1]
  ignore line: [Target: x86_64-pc-linux-gnu]
  ignore line: [Thread model: posix]
  ignore line: [InstalledDir: /usr/bin]
  ignore line: [Found candidate GCC installation: /usr/bin/../lib/gcc/x86_64-linux-gnu/11]
  ignore line: [Found candidate GCC installation: /usr/bin/../lib/gcc/x86_64-linux-gnu/12]
  ignore line: [Selected GCC installation: /usr/bin/../lib/gcc/x86_64-linux-gnu/12]
  ignore line: [Candidate multilib: .]
  ignore line: [@m64]
  ignore line: [Selected multilib: .]
  ignore line: [@m64]
  ignore line: [ (in-process)]
  ignore line: [ "/usr/lib/llvm-14/bin/clang" -cc1 -triple x86_64-pc-linux-gnu -emit-obj -mrelax-all --mrelax-relocations -disable-free -clear-ast-before-backend -disable-llvm-verifier -discard-value-names -main-file-name CMakeCCompilerABI.c -mrelocation-model pic -pic-level 2 -pic-is-pie -mframe-pointer=all -fmath-errno -ffp-contract=on -fno-rounding-math -mconstructor-aliases -funwind-tables=2 -target-cpu x86-64 -tune-cpu generic -mllvm -treat-scalable-fixed-error-as-warning -debugger-tuning=gdb -v -fcoverage-compilation-dir=/home/ubuntu2204/mujoco_develop/excavator_simulator_mujoco/build/CMakeFiles/CMakeTmp -resource-dir /usr/lib/llvm-14/lib/clang/14.0.0 -dependency-file CMakeFiles/cmTC_0a49a.dir/CMakeCCompilerABI.c.o.d -MT CMakeFiles/cmTC_0a49a.dir/CMakeCCompilerABI.c.o -sys-header-deps -internal-isystem /usr/lib/llvm-14/lib/clang/14.0.0/include -internal-isystem /usr/local/include -internal-isystem /usr/bin/../lib/gcc/x86_64-linux-gnu/12/../../../../x86_64-linux-gnu/include -internal-externc-isystem /usr/include/x86_64-linux-gnu -internal-externc-isystem /include -internal-externc-isystem /usr/include -fdebug-compilation-dir=/home/ubuntu2204/mujoco_develop/excavator_simulator_mujoco/build/CMakeFiles/CMakeTmp -ferror-limit 19 -fgnuc-version=4.2.1 -faddrsig -D__GCC_HAVE_DWARF2_CFI_ASM=1 -o CMakeFiles/cmTC_0a49a.dir/CMakeCCompilerABI.c.o -x c /usr/share/cmake-3.22/Modules/CMakeCCompilerABI.c]
  ignore line: [clang -cc1 version 14.0.0 based upon LLVM 14.0.0 default target x86_64-pc-linux-gnu]
  ignore line: [ignoring nonexistent directory "/usr/bin/../lib/gcc/x86_64-linux-gnu/12/../../../../x86_64-linux-gnu/include"]
  ignore line: [ignoring nonexistent directory "/include"]
  ignore line: [#include "..." search starts here:]
  ignore line: [#include <...> search starts here:]
  ignore line: [ /usr/lib/llvm-14/lib/clang/14.0.0/include]
  ignore line: [ /usr/local/include]
  ignore line: [ /usr/include/x86_64-linux-gnu]
  ignore line: [ /usr/include]
  ignore line: [End of search list.]
  ignore line: [Linking C executable cmTC_0a49a]
  ignore line: [/usr/bin/cmake -E cmake_link_script CMakeFiles/cmTC_0a49a.dir/link.txt --verbose=1]
  ignore line: [/usr/bin/clang  -v CMakeFiles/cmTC_0a49a.dir/CMakeCCompilerABI.c.o -o cmTC_0a49a ]
  ignore line: [Ubuntu clang version 14.0.0-1ubuntu1.1]
  ignore line: [Target: x86_64-pc-linux-gnu]
  ignore line: [Thread model: posix]
  ignore line: [InstalledDir: /usr/bin]
  ignore line: [Found candidate GCC installation: /usr/bin/../lib/gcc/x86_64-linux-gnu/11]
  ignore line: [Found candidate GCC installation: /usr/bin/../lib/gcc/x86_64-linux-gnu/12]
  ignore line: [Selected GCC installation: /usr/bin/../lib/gcc/x86_64-linux-gnu/12]
  ignore line: [Candidate multilib: .]
  ignore line: [@m64]
  ignore line: [Selected multilib: .]
  ignore line: [@m64]
  link line: [ "/usr/bin/ld" -pie -z relro --hash-style=gnu --build-id --eh-frame-hdr -m elf_x86_64 -dynamic-linker /lib64/ld-linux-x86-64.so.2 -o cmTC_0a49a /lib/x86_64-linux-gnu/Scrt1.o /lib/x86_64-linux-gnu/crti.o /usr/bin/../lib/gcc/x86_64-linux-gnu/12/crtbeginS.o -L/usr/bin/../lib/gcc/x86_64-linux-gnu/12 -L/usr/bin/../lib/gcc/x86_64-linux-gnu/12/../../../../lib64 -L/lib/x86_64-linux-gnu -L/lib/../lib64 -L/usr/lib/x86_64-linux-gnu -L/usr/lib/../lib64 -L/usr/lib/llvm-14/bin/../lib -L/lib -L/usr/lib CMakeFiles/cmTC_0a49a.dir/CMakeCCompilerABI.c.o -lgcc --as-needed -lgcc_s --no-as-needed -lc -lgcc --as-needed -lgcc_s --no-as-needed /usr/bin/../lib/gcc/x86_64-linux-gnu/12/crtendS.o /lib/x86_64-linux-gnu/crtn.o]
    arg [/usr/bin/ld] ==> ignore
    arg [-pie] ==> ignore
    arg [-zrelro] ==> ignore
    arg [--hash-style=gnu] ==> ignore
    arg [--build-id] ==> ignore
    arg [--eh-frame-hdr] ==> ignore
    arg [-m] ==> ignore
    arg [elf_x86_64] ==> ignore
    arg [-dynamic-linker] ==> ignore
    arg [/lib64/ld-linux-x86-64.so.2] ==> ignore
    arg [-o] ==> ignore
    arg [cmTC_0a49a] ==> ignore
    arg [/lib/x86_64-linux-gnu/Scrt1.o] ==> obj [/lib/x86_64-linux-gnu/Scrt1.o]
    arg [/lib/x86_64-linux-gnu/crti.o] ==> obj [/lib/x86_64-linux-gnu/crti.o]
    arg [/usr/bin/../lib/gcc/x86_64-linux-gnu/12/crtbeginS.o] ==> obj [/usr/bin/../lib/gcc/x86_64-linux-gnu/12/crtbeginS.o]
    arg [-L/usr/bin/../lib/gcc/x86_64-linux-gnu/12] ==> dir [/usr/bin/../lib/gcc/x86_64-linux-gnu/12]
    arg [-L/usr/bin/../lib/gcc/x86_64-linux-gnu/12/../../../../lib64] ==> dir [/usr/bin/../lib/gcc/x86_64-linux-gnu/12/../../../../lib64]
    arg [-L/lib/x86_64-linux-gnu] ==> dir [/lib/x86_64-linux-gnu]
    arg [-L/lib/../lib64] ==> dir [/lib/../lib64]
    arg [-L/usr/lib/x86_64-linux-gnu] ==> dir [/usr/lib/x86_64-linux-gnu]
    arg [-L/usr/lib/../lib64] ==> dir [/usr/lib/../lib64]
    arg [-L/usr/lib/llvm-14/bin/../lib] ==> dir [/usr/lib/llvm-14/bin/../lib]
    arg [-L/lib] ==> dir [/lib]
    arg [-L/usr/lib] ==> dir [/usr/lib]
    arg [CMakeFiles/cmTC_0a49a.dir/CMakeCCompilerABI.c.o] ==> ignore
    arg [-lgcc] ==> lib [gcc]
    arg [--as-needed] ==> ignore
    arg [-lgcc_s] ==> lib [gcc_s]
    arg [--no-as-needed] ==> ignore
    arg [-lc] ==> lib [c]
    arg [-lgcc] ==> lib [gcc]
    arg [--as-needed] ==> ignore
    arg [-lgcc_s] ==> lib [gcc_s]
    arg [--no-as-needed] ==> ignore
    arg [/usr/bin/../lib/gcc/x86_64-linux-gnu/12/crtendS.o] ==> obj [/usr/bin/../lib/gcc/x86_64-linux-gnu/12/crtendS.o]
    arg [/lib/x86_64-linux-gnu/crtn.o] ==> obj [/lib/x86_64-linux-gnu/crtn.o]
  collapse obj [/usr/bin/../lib/gcc/x86_64-linux-gnu/12/crtbeginS.o] ==> [/usr/lib/gcc/x86_64-linux-gnu/12/crtbeginS.o]
  collapse obj [/usr/bin/../lib/gcc/x86_64-linux-gnu/12/crtendS.o] ==> [/usr/lib/gcc/x86_64-linux-gnu/12/crtendS.o]
  collapse library dir [/usr/bin/../lib/gcc/x86_64-linux-gnu/12] ==> [/usr/lib/gcc/x86_64-linux-gnu/12]
  collapse library dir [/usr/bin/../lib/gcc/x86_64-linux-gnu/12/../../../../lib64] ==> [/usr/lib64]
  collapse library dir [/lib/x86_64-linux-gnu] ==> [/lib/x86_64-linux-gnu]
  collapse library dir [/lib/../lib64] ==> [/lib64]
  collapse library dir [/usr/lib/x86_64-linux-gnu] ==> [/usr/lib/x86_64-linux-gnu]
  collapse library dir [/usr/lib/../lib64] ==> [/usr/lib64]
  collapse library dir [/usr/lib/llvm-14/bin/../lib] ==> [/usr/lib/llvm-14/lib]
  collapse library dir [/lib] ==> [/lib]
  collapse library dir [/usr/lib] ==> [/usr/lib]
  implicit libs: [gcc;gcc_s;c;gcc;gcc_s]
  implicit objs: [/lib/x86_64-linux-gnu/Scrt1.o;/lib/x86_64-linux-gnu/crti.o;/usr/lib/gcc/x86_64-linux-gnu/12/crtbeginS.o;/usr/lib/gcc/x86_64-linux-gnu/12/crtendS.o;/lib/x86_64-linux-gnu/crtn.o]
  implicit dirs: [/usr/lib/gcc/x86_64-linux-gnu/12;/usr/lib64;/lib/x86_64-linux-gnu;/lib64;/usr/lib/x86_64-linux-gnu;/usr/lib/llvm-14/lib;/lib;/usr/lib]
  implicit fwks: []


Detecting CXX compiler ABI info compiled with the following output:
Change Dir: /home/ubuntu2204/mujoco_develop/excavator_simulator_mujoco/build/CMakeFiles/CMakeTmp

Run Build Command(s):/usr/bin/gmake -f Makefile cmTC_ee569/fast && /usr/bin/gmake  -f CMakeFiles/cmTC_ee569.dir/build.make CMakeFiles/cmTC_ee569.dir/build
gmake[1]: Entering directory '/home/ubuntu2204/mujoco_develop/excavator_simulator_mujoco/build/CMakeFiles/CMakeTmp'
Building CXX object CMakeFiles/cmTC_ee569.dir/CMakeCXXCompilerABI.cpp.o
/usr/bin/clang++   -v -MD -MT CMakeFiles/cmTC_ee569.dir/CMakeCXXCompilerABI.cpp.o -MF CMakeFiles/cmTC_ee569.dir/CMakeCXXCompilerABI.cpp.o.d -o CMakeFiles/cmTC_ee569.dir/CMakeCXXCompilerABI.cpp.o -c /usr/share/cmake-3.22/Modules/CMakeCXXCompilerABI.cpp
Ubuntu clang version 14.0.0-1ubuntu1.1
Target: x86_64-pc-linux-gnu
Thread model: posix
InstalledDir: /usr/bin
Found candidate GCC installation: /usr/bin/../lib/gcc/x86_64-linux-gnu/11
Found candidate GCC installation: /usr/bin/../lib/gcc/x86_64-linux-gnu/12
Selected GCC installation: /usr/bin/../lib/gcc/x86_64-linux-gnu/12
Candidate multilib: .;@m64
Selected multilib: .;@m64
 (in-process)
 "/usr/lib/llvm-14/bin/clang" -cc1 -triple x86_64-pc-linux-gnu -emit-obj -mrelax-all --mrelax-relocations -disable-free -clear-ast-before-backend -disable-llvm-verifier -discard-value-names -main-file-name CMakeCXXCompilerABI.cpp -mrelocation-model pic -pic-level 2 -pic-is-pie -mframe-pointer=all -fmath-errno -ffp-contract=on -fno-rounding-math -mconstructor-aliases -funwind-tables=2 -target-cpu x86-64 -tune-cpu generic -mllvm -treat-scalable-fixed-error-as-warning -debugger-tuning=gdb -v -fcoverage-compilation-dir=/home/ubuntu2204/mujoco_develop/excavator_simulator_mujoco/build/CMakeFiles/CMakeTmp -resource-dir /usr/lib/llvm-14/lib/clang/14.0.0 -dependency-file CMakeFiles/cmTC_ee569.dir/CMakeCXXCompilerABI.cpp.o.d -MT CMakeFiles/cmTC_ee569.dir/CMakeCXXCompilerABI.cpp.o -sys-header-deps -internal-isystem /usr/bin/../lib/gcc/x86_64-linux-gnu/12/../../../../include/c++/12 -internal-isystem /usr/bin/../lib/gcc/x86_64-linux-gnu/12/../../../../include/x86_64-linux-gnu/c++/12 -internal-isystem /usr/bin/../lib/gcc/x86_64-linux-gnu/12/../../../../include/c++/12/backward -internal-isystem /usr/lib/llvm-14/lib/clang/14.0.0/include -internal-isystem /usr/local/include -internal-isystem /usr/bin/../lib/gcc/x86_64-linux-gnu/12/../../../../x86_64-linux-gnu/include -internal-externc-isystem /usr/include/x86_64-linux-gnu -internal-externc-isystem /include -internal-externc-isystem /usr/include -fdeprecated-macro -fdebug-compilation-dir=/home/ubuntu2204/mujoco_develop/excavator_simulator_mujoco/build/CMakeFiles/CMakeTmp -ferror-limit 19 -fgnuc-version=4.2.1 -fcxx-exceptions -fexceptions -faddrsig -D__GCC_HAVE_DWARF2_CFI_ASM=1 -o CMakeFiles/cmTC_ee569.dir/CMakeCXXCompilerABI.cpp.o -x c++ /usr/share/cmake-3.22/Modules/CMakeCXXCompilerABI.cpp
clang -cc1 version 14.0.0 based upon LLVM 14.0.0 default target x86_64-pc-linux-gnu
ignoring nonexistent directory "/usr/bin/../lib/gcc/x86_64-linux-gnu/12/../../../../x86_64-linux-gnu/include"
ignoring nonexistent directory "/include"
#include "..." search starts here:
#include <...> search starts here:
 /usr/bin/../lib/gcc/x86_64-linux-gnu/12/../../../../include/c++/12
 /usr/bin/../lib/gcc/x86_64-linux-gnu/12/../../../../include/x86_64-linux-gnu/c++/12
 /usr/bin/../lib/gcc/x86_64-linux-gnu/12/../../../../include/c++/12/backward
 /usr/lib/llvm-14/lib/clang/14.0.0/include
 /usr/local/include
 /usr/include/x86_64-linux-gnu
 /usr/include
End of search list.
Linking CXX executable cmTC_ee569
/usr/bin/cmake -E cmake_link_script CMakeFiles/cmTC_ee569.dir/link.txt --verbose=1
/usr/bin/clang++  -v CMakeFiles/cmTC_ee569.dir/CMakeCXXCompilerABI.cpp.o -o cmTC_ee569 
Ubuntu clang version 14.0.0-1ubuntu1.1
Target: x86_64-pc-linux-gnu
Thread model: posix
InstalledDir: /usr/bin
Found candidate GCC installation: /usr/bin/../lib/gcc/x86_64-linux-gnu/11
Found candidate GCC installation: /usr/bin/../lib/gcc/x86_64-linux-gnu/12
Selected GCC installation: /usr/bin/../lib/gcc/x86_64-linux-gnu/12
Candidate multilib: .;@m64
Selected multilib: .;@m64
 "/usr/bin/ld" -pie -z relro --hash-style=gnu --build-id --eh-frame-hdr -m elf_x86_64 -dynamic-linker /lib64/ld-linux-x86-64.so.2 -o cmTC_ee569 /lib/x86_64-linux-gnu/Scrt1.o /lib/x86_64-linux-gnu/crti.o /usr/bin/../lib/gcc/x86_64-linux-gnu/12/crtbeginS.o -L/usr/bin/../lib/gcc/x86_64-linux-gnu/12 -L/usr/bin/../lib/gcc/x86_64-linux-gnu/12/../../../../lib64 -L/lib/x86_64-linux-gnu -L/lib/../lib64 -L/usr/lib/x86_64-linux-gnu -L/usr/lib/../lib64 -L/usr/lib/llvm-14/bin/../lib -L/lib -L/usr/lib CMakeFiles/cmTC_ee569.dir/CMakeCXXCompilerABI.cpp.o -lstdc++ -lm -lgcc_s -lgcc -lc -lgcc_s -lgcc /usr/bin/../lib/gcc/x86_64-linux-gnu/12/crtendS.o /lib/x86_64-linux-gnu/crtn.o
gmake[1]: Leaving directory '/home/ubuntu2204/mujoco_develop/excavator_simulator_mujoco/build/CMakeFiles/CMakeTmp'



Parsed CXX implicit include dir info from above output: rv=done
  found start of include info
  found start of implicit include info
    add: [/usr/bin/../lib/gcc/x86_64-linux-gnu/12/../../../../include/c++/12]
    add: [/usr/bin/../lib/gcc/x86_64-linux-gnu/12/../../../../include/x86_64-linux-gnu/c++/12]
    add: [/usr/bin/../lib/gcc/x86_64-linux-gnu/12/../../../../include/c++/12/backward]
    add: [/usr/lib/llvm-14/lib/clang/14.0.0/include]
    add: [/usr/local/include]
    add: [/usr/include/x86_64-linux-gnu]
    add: [/usr/include]
  end of search list found
  collapse include dir [/usr/bin/../lib/gcc/x86_64-linux-gnu/12/../../../../include/c++/12] ==> [/usr/include/c++/12]
  collapse include dir [/usr/bin/../lib/gcc/x86_64-linux-gnu/12/../../../../include/x86_64-linux-gnu/c++/12] ==> [/usr/include/x86_64-linux-gnu/c++/12]
  collapse include dir [/usr/bin/../lib/gcc/x86_64-linux-gnu/12/../../../../include/c++/12/backward] ==> [/usr/include/c++/12/backward]
  collapse include dir [/usr/lib/llvm-14/lib/clang/14.0.0/include] ==> [/usr/lib/llvm-14/lib/clang/14.0.0/include]
  collapse include dir [/usr/local/include] ==> [/usr/local/include]
  collapse include dir [/usr/include/x86_64-linux-gnu] ==> [/usr/include/x86_64-linux-gnu]
  collapse include dir [/usr/include] ==> [/usr/include]
  implicit include dirs: [/usr/include/c++/12;/usr/include/x86_64-linux-gnu/c++/12;/usr/include/c++/12/backward;/usr/lib/llvm-14/lib/clang/14.0.0/include;/usr/local/include;/usr/include/x86_64-linux-gnu;/usr/include]


Parsed CXX implicit link information from above output:
  link line regex: [^( *|.*[/\])(ld|CMAKE_LINK_STARTFILE-NOTFOUND|([^/\]+-)?ld|collect2)[^/\]*( |$)]
  ignore line: [Change Dir: /home/ubuntu2204/mujoco_develop/excavator_simulator_mujoco/build/CMakeFiles/CMakeTmp]
  ignore line: []
  ignore line: [Run Build Command(s):/usr/bin/gmake -f Makefile cmTC_ee569/fast && /usr/bin/gmake  -f CMakeFiles/cmTC_ee569.dir/build.make CMakeFiles/cmTC_ee569.dir/build]
  ignore line: [gmake[1]: Entering directory '/home/ubuntu2204/mujoco_develop/excavator_simulator_mujoco/build/CMakeFiles/CMakeTmp']
  ignore line: [Building CXX object CMakeFiles/cmTC_ee569.dir/CMakeCXXCompilerABI.cpp.o]
  ignore line: [/usr/bin/clang++   -v -MD -MT CMakeFiles/cmTC_ee569.dir/CMakeCXXCompilerABI.cpp.o -MF CMakeFiles/cmTC_ee569.dir/CMakeCXXCompilerABI.cpp.o.d -o CMakeFiles/cmTC_ee569.dir/CMakeCXXCompilerABI.cpp.o -c /usr/share/cmake-3.22/Modules/CMakeCXXCompilerABI.cpp]
  ignore line: [Ubuntu clang version 14.0.0-1ubuntu1.1]
  ignore line: [Target: x86_64-pc-linux-gnu]
  ignore line: [Thread model: posix]
  ignore line: [InstalledDir: /usr/bin]
  ignore line: [Found candidate GCC installation: /usr/bin/../lib/gcc/x86_64-linux-gnu/11]
  ignore line: [Found candidate GCC installation: /usr/bin/../lib/gcc/x86_64-linux-gnu/12]
  ignore line: [Selected GCC installation: /usr/bin/../lib/gcc/x86_64-linux-gnu/12]
  ignore line: [Candidate multilib: .]
  ignore line: [@m64]
  ignore line: [Selected multilib: .]
  ignore line: [@m64]
  ignore line: [ (in-process)]
  ignore line: [ "/usr/lib/llvm-14/bin/clang" -cc1 -triple x86_64-pc-linux-gnu -emit-obj -mrelax-all --mrelax-relocations -disable-free -clear-ast-before-backend -disable-llvm-verifier -discard-value-names -main-file-name CMakeCXXCompilerABI.cpp -mrelocation-model pic -pic-level 2 -pic-is-pie -mframe-pointer=all -fmath-errno -ffp-contract=on -fno-rounding-math -mconstructor-aliases -funwind-tables=2 -target-cpu x86-64 -tune-cpu generic -mllvm -treat-scalable-fixed-error-as-warning -debugger-tuning=gdb -v -fcoverage-compilation-dir=/home/ubuntu2204/mujoco_develop/excavator_simulator_mujoco/build/CMakeFiles/CMakeTmp -resource-dir /usr/lib/llvm-14/lib/clang/14.0.0 -dependency-file CMakeFiles/cmTC_ee569.dir/CMakeCXXCompilerABI.cpp.o.d -MT CMakeFiles/cmTC_ee569.dir/CMakeCXXCompilerABI.cpp.o -sys-header-deps -internal-isystem /usr/bin/../lib/gcc/x86_64-linux-gnu/12/../../../../include/c++/12 -internal-isystem /usr/bin/../lib/gcc/x86_64-linux-gnu/12/../../../../include/x86_64-linux-gnu/c++/12 -internal-isystem /usr/bin/../lib/gcc/x86_64-linux-gnu/12/../../../../include/c++/12/backward -internal-isystem /usr/lib/llvm-14/lib/clang/14.0.0/include -internal-isystem /usr/local/include -internal-isystem /usr/bin/../lib/gcc/x86_64-linux-gnu/12/../../../../x86_64-linux-gnu/include -internal-externc-isystem /usr/include/x86_64-linux-gnu -internal-externc-isystem /include -internal-externc-isystem /usr/include -fdeprecated-macro -fdebug-compilation-dir=/home/ubuntu2204/mujoco_develop/excavator_simulator_mujoco/build/CMakeFiles/CMakeTmp -ferror-limit 19 -fgnuc-version=4.2.1 -fcxx-exceptions -fexceptions -faddrsig -D__GCC_HAVE_DWARF2_CFI_ASM=1 -o CMakeFiles/cmTC_ee569.dir/CMakeCXXCompilerABI.cpp.o -x c++ /usr/share/cmake-3.22/Modules/CMakeCXXCompilerABI.cpp]
  ignore line: [clang -cc1 version 14.0.0 based upon LLVM 14.0.0 default target x86_64-pc-linux-gnu]
  ignore line: [ignoring nonexistent directory "/usr/bin/../lib/gcc/x86_64-linux-gnu/12/../../../../x86_64-linux-gnu/include"]
  ignore line: [ignoring nonexistent directory "/include"]
  ignore line: [#include "..." search starts here:]
  ignore line: [#include <...> search starts here:]
  ignore line: [ /usr/bin/../lib/gcc/x86_64-linux-gnu/12/../../../../include/c++/12]
  ignore line: [ /usr/bin/../lib/gcc/x86_64-linux-gnu/12/../../../../include/x86_64-linux-gnu/c++/12]
  ignore line: [ /usr/bin/../lib/gcc/x86_64-linux-gnu/12/../../../../include/c++/12/backward]
  ignore line: [ /usr/lib/llvm-14/lib/clang/14.0.0/include]
  ignore line: [ /usr/local/include]
  ignore line: [ /usr/include/x86_64-linux-gnu]
  ignore line: [ /usr/include]
  ignore line: [End of search list.]
  ignore line: [Linking CXX executable cmTC_ee569]
  ignore line: [/usr/bin/cmake -E cmake_link_script CMakeFiles/cmTC_ee569.dir/link.txt --verbose=1]
  ignore line: [/usr/bin/clang++  -v CMakeFiles/cmTC_ee569.dir/CMakeCXXCompilerABI.cpp.o -o cmTC_ee569 ]
  ignore line: [Ubuntu clang version 14.0.0-1ubuntu1.1]
  ignore line: [Target: x86_64-pc-linux-gnu]
  ignore line: [Thread model: posix]
  ignore line: [InstalledDir: /usr/bin]
  ignore line: [Found candidate GCC installation: /usr/bin/../lib/gcc/x86_64-linux-gnu/11]
  ignore line: [Found candidate GCC installation: /usr/bin/../lib/gcc/x86_64-linux-gnu/12]
  ignore line: [Selected GCC installation: /usr/bin/../lib/gcc/x86_64-linux-gnu/12]
  ignore line: [Candidate multilib: .]
  ignore line: [@m64]
  ignore line: [Selected multilib: .]
  ignore line: [@m64]
  link line: [ "/usr/bin/ld" -pie -z relro --hash-style=gnu --build-id --eh-frame-hdr -m elf_x86_64 -dynamic-linker /lib64/ld-linux-x86-64.so.2 -o cmTC_ee569 /lib/x86_64-linux-gnu/Scrt1.o /lib/x86_64-linux-gnu/crti.o /usr/bin/../lib/gcc/x86_64-linux-gnu/12/crtbeginS.o -L/usr/bin/../lib/gcc/x86_64-linux-gnu/12 -L/usr/bin/../lib/gcc/x86_64-linux-gnu/12/../../../../lib64 -L/lib/x86_64-linux-gnu -L/lib/../lib64 -L/usr/lib/x86_64-linux-gnu -L/usr/lib/../lib64 -L/usr/lib/llvm-14/bin/../lib -L/lib -L/usr/lib CMakeFiles/cmTC_ee569.dir/CMakeCXXCompilerABI.cpp.o -lstdc++ -lm -lgcc_s -lgcc -lc -lgcc_s -lgcc /usr/bin/../lib/gcc/x86_64-linux-gnu/12/crtendS.o /lib/x86_64-linux-gnu/crtn.o]
    arg [/usr/bin/ld] ==> ignore
    arg [-pie] ==> ignore
    arg [-zrelro] ==> ignore
    arg [--hash-style=gnu] ==> ignore
    arg [--build-id] ==> ignore
    arg [--eh-frame-hdr] ==> ignore
    arg [-m] ==> ignore
    arg [elf_x86_64] ==> ignore
    arg [-dynamic-linker] ==> ignore
    arg [/lib64/ld-linux-x86-64.so.2] ==> ignore
    arg [-o] ==> ignore
    arg [cmTC_ee569] ==> ignore
    arg [/lib/x86_64-linux-gnu/Scrt1.o] ==> obj [/lib/x86_64-linux-gnu/Scrt1.o]
    arg [/lib/x86_64-linux-gnu/crti.o] ==> obj [/lib/x86_64-linux-gnu/crti.o]
    arg [/usr/bin/../lib/gcc/x86_64-linux-gnu/12/crtbeginS.o] ==> obj [/usr/bin/../lib/gcc/x86_64-linux-gnu/12/crtbeginS.o]
    arg [-L/usr/bin/../lib/gcc/x86_64-linux-gnu/12] ==> dir [/usr/bin/../lib/gcc/x86_64-linux-gnu/12]
    arg [-L/usr/bin/../lib/gcc/x86_64-linux-gnu/12/../../../../lib64] ==> dir [/usr/bin/../lib/gcc/x86_64-linux-gnu/12/../../../../lib64]
    arg [-L/lib/x86_64-linux-gnu] ==> dir [/lib/x86_64-linux-gnu]
    arg [-L/lib/../lib64] ==> dir [/lib/../lib64]
    arg [-L/usr/lib/x86_64-linux-gnu] ==> dir [/usr/lib/x86_64-linux-gnu]
    arg [-L/usr/lib/../lib64] ==> dir [/usr/lib/../lib64]
    arg [-L/usr/lib/llvm-14/bin/../lib] ==> dir [/usr/lib/llvm-14/bin/../lib]
    arg [-L/lib] ==> dir [/lib]
    arg [-L/usr/lib] ==> dir [/usr/lib]
    arg [CMakeFiles/cmTC_ee569.dir/CMakeCXXCompilerABI.cpp.o] ==> ignore
    arg [-lstdc++] ==> lib [stdc++]
    arg [-lm] ==> lib [m]
    arg [-lgcc_s] ==> lib [gcc_s]
    arg [-lgcc] ==> lib [gcc]
    arg [-lc] ==> lib [c]
    arg [-lgcc_s] ==> lib [gcc_s]
    arg [-lgcc] ==> lib [gcc]
    arg [/usr/bin/../lib/gcc/x86_64-linux-gnu/12/crtendS.o] ==> obj [/usr/bin/../lib/gcc/x86_64-linux-gnu/12/crtendS.o]
    arg [/lib/x86_64-linux-gnu/crtn.o] ==> obj [/lib/x86_64-linux-gnu/crtn.o]
  collapse obj [/usr/bin/../lib/gcc/x86_64-linux-gnu/12/crtbeginS.o] ==> [/usr/lib/gcc/x86_64-linux-gnu/12/crtbeginS.o]
  collapse obj [/usr/bin/../lib/gcc/x86_64-linux-gnu/12/crtendS.o] ==> [/usr/lib/gcc/x86_64-linux-gnu/12/crtendS.o]
  collapse library dir [/usr/bin/../lib/gcc/x86_64-linux-gnu/12] ==> [/usr/lib/gcc/x86_64-linux-gnu/12]
  collapse library dir [/usr/bin/../lib/gcc/x86_64-linux-gnu/12/../../../../lib64] ==> [/usr/lib64]
  collapse library dir [/lib/x86_64-linux-gnu] ==> [/lib/x86_64-linux-gnu]
  collapse library dir [/lib/../lib64] ==> [/lib64]
  collapse library dir [/usr/lib/x86_64-linux-gnu] ==> [/usr/lib/x86_64-linux-gnu]
  collapse library dir [/usr/lib/../lib64] ==> [/usr/lib64]
  collapse library dir [/usr/lib/llvm-14/bin/../lib] ==> [/usr/lib/llvm-14/lib]
  collapse library dir [/lib] ==> [/lib]
  collapse library dir [/usr/lib] ==> [/usr/lib]
  implicit libs: [stdc++;m;gcc_s;gcc;c;gcc_s;gcc]
  implicit objs: [/lib/x86_64-linux-gnu/Scrt1.o;/lib/x86_64-linux-gnu/crti.o;/usr/lib/gcc/x86_64-linux-gnu/12/crtbeginS.o;/usr/lib/gcc/x86_64-linux-gnu/12/crtendS.o;/lib/x86_64-linux-gnu/crtn.o]
  implicit dirs: [/usr/lib/gcc/x86_64-linux-gnu/12;/usr/lib64;/lib/x86_64-linux-gnu;/lib64;/usr/lib/x86_64-linux-gnu;/usr/lib/llvm-14/lib;/lib;/usr/lib]
  implicit fwks: []


Determining if the include file pthread.h exists passed with the following output:
Change Dir: /home/ubuntu2204/mujoco_develop/excavator_simulator_mujoco/build/CMakeFiles/CMakeTmp

Run Build Command(s):/usr/bin/gmake -f Makefile cmTC_8cfdf/fast && /usr/bin/gmake  -f CMakeFiles/cmTC_8cfdf.dir/build.make CMakeFiles/cmTC_8cfdf.dir/build
gmake[1]: Entering directory '/home/ubuntu2204/mujoco_develop/excavator_simulator_mujoco/build/CMakeFiles/CMakeTmp'
Building C object CMakeFiles/cmTC_8cfdf.dir/CheckIncludeFile.c.o
/usr/bin/clang    -MD -MT CMakeFiles/cmTC_8cfdf.dir/CheckIncludeFile.c.o -MF CMakeFiles/cmTC_8cfdf.dir/CheckIncludeFile.c.o.d -o CMakeFiles/cmTC_8cfdf.dir/CheckIncludeFile.c.o -c /home/ubuntu2204/mujoco_develop/excavator_simulator_mujoco/build/CMakeFiles/CMakeTmp/CheckIncludeFile.c
Linking C executable cmTC_8cfdf
/usr/bin/cmake -E cmake_link_script CMakeFiles/cmTC_8cfdf.dir/link.txt --verbose=1
/usr/bin/clang CMakeFiles/cmTC_8cfdf.dir/CheckIncludeFile.c.o -o cmTC_8cfdf 
gmake[1]: Leaving directory '/home/ubuntu2204/mujoco_develop/excavator_simulator_mujoco/build/CMakeFiles/CMakeTmp'



Performing C SOURCE FILE Test CMAKE_HAVE_LIBC_PTHREAD succeeded with the following output:
Change Dir: /home/ubuntu2204/mujoco_develop/excavator_simulator_mujoco/build/CMakeFiles/CMakeTmp

Run Build Command(s):/usr/bin/gmake -f Makefile cmTC_db000/fast && /usr/bin/gmake  -f CMakeFiles/cmTC_db000.dir/build.make CMakeFiles/cmTC_db000.dir/build
gmake[1]: Entering directory '/home/ubuntu2204/mujoco_develop/excavator_simulator_mujoco/build/CMakeFiles/CMakeTmp'
Building C object CMakeFiles/cmTC_db000.dir/src.c.o
/usr/bin/clang -DCMAKE_HAVE_LIBC_PTHREAD   -MD -MT CMakeFiles/cmTC_db000.dir/src.c.o -MF CMakeFiles/cmTC_db000.dir/src.c.o.d -o CMakeFiles/cmTC_db000.dir/src.c.o -c /home/ubuntu2204/mujoco_develop/excavator_simulator_mujoco/build/CMakeFiles/CMakeTmp/src.c
Linking C executable cmTC_db000
/usr/bin/cmake -E cmake_link_script CMakeFiles/cmTC_db000.dir/link.txt --verbose=1
/usr/bin/clang CMakeFiles/cmTC_db000.dir/src.c.o -o cmTC_db000 
gmake[1]: Leaving directory '/home/ubuntu2204/mujoco_develop/excavator_simulator_mujoco/build/CMakeFiles/CMakeTmp'


Source file was:
#include <pthread.h>

static void* test_func(void* data)
{
  return data;
}

int main(void)
{
  pthread_t thread;
  pthread_create(&thread, NULL, test_func, NULL);
  pthread_detach(thread);
  pthread_cancel(thread);
  pthread_join(thread, NULL);
  pthread_atfork(NULL, NULL, NULL);
  pthread_exit(NULL);

  return 0;
}

Performing C SOURCE FILE Test CAN_BUILD_AVX succeeded with the following output:
Change Dir: /home/ubuntu2204/mujoco_develop/excavator_simulator_mujoco/build/CMakeFiles/CMakeTmp

Run Build Command(s):/usr/bin/gmake -f Makefile cmTC_20a41/fast && /usr/bin/gmake  -f CMakeFiles/cmTC_20a41.dir/build.make CMakeFiles/cmTC_20a41.dir/build
gmake[1]: Entering directory '/home/ubuntu2204/mujoco_develop/excavator_simulator_mujoco/build/CMakeFiles/CMakeTmp'
Building C object CMakeFiles/cmTC_20a41.dir/src.c.o
/usr/bin/clang -DCAN_BUILD_AVX  -mavx -fPIE -std=c11 -MD -MT CMakeFiles/cmTC_20a41.dir/src.c.o -MF CMakeFiles/cmTC_20a41.dir/src.c.o.d -o CMakeFiles/cmTC_20a41.dir/src.c.o -c /home/ubuntu2204/mujoco_develop/excavator_simulator_mujoco/build/CMakeFiles/CMakeTmp/src.c
Linking C executable cmTC_20a41
/usr/bin/cmake -E cmake_link_script CMakeFiles/cmTC_20a41.dir/link.txt --verbose=1
/usr/bin/clang  -mavx CMakeFiles/cmTC_20a41.dir/src.c.o -o cmTC_20a41 
gmake[1]: Leaving directory '/home/ubuntu2204/mujoco_develop/excavator_simulator_mujoco/build/CMakeFiles/CMakeTmp'


Source file was:

      #include <immintrin.h>
      int main(int argc, char* argv[]) {
        __m256d ymm;
        return 0;
      }
    
Performing C SOURCE FILE Test SUPPORTS_GOLD succeeded with the following output:
Change Dir: /home/ubuntu2204/mujoco_develop/excavator_simulator_mujoco/build/CMakeFiles/CMakeTmp

Run Build Command(s):/usr/bin/gmake -f Makefile cmTC_ffe9b/fast && /usr/bin/gmake  -f CMakeFiles/cmTC_ffe9b.dir/build.make CMakeFiles/cmTC_ffe9b.dir/build
gmake[1]: Entering directory '/home/ubuntu2204/mujoco_develop/excavator_simulator_mujoco/build/CMakeFiles/CMakeTmp'
Building C object CMakeFiles/cmTC_ffe9b.dir/src.c.o
/usr/bin/clang -DSUPPORTS_GOLD  -fuse-ld=gold -fPIE -std=c11 -MD -MT CMakeFiles/cmTC_ffe9b.dir/src.c.o -MF CMakeFiles/cmTC_ffe9b.dir/src.c.o.d -o CMakeFiles/cmTC_ffe9b.dir/src.c.o -c /home/ubuntu2204/mujoco_develop/excavator_simulator_mujoco/build/CMakeFiles/CMakeTmp/src.c
clang: warning: argument unused during compilation: '-fuse-ld=gold' [-Wunused-command-line-argument]
Linking C executable cmTC_ffe9b
/usr/bin/cmake -E cmake_link_script CMakeFiles/cmTC_ffe9b.dir/link.txt --verbose=1
/usr/bin/clang  -fuse-ld=gold CMakeFiles/cmTC_ffe9b.dir/src.c.o -o cmTC_ffe9b 
gmake[1]: Leaving directory '/home/ubuntu2204/mujoco_develop/excavator_simulator_mujoco/build/CMakeFiles/CMakeTmp'


Source file was:
int main() {}
Performing C SOURCE FILE Test SUPPORTS_GC_SECTIONS succeeded with the following output:
Change Dir: /home/ubuntu2204/mujoco_develop/excavator_simulator_mujoco/build/CMakeFiles/CMakeTmp

Run Build Command(s):/usr/bin/gmake -f Makefile cmTC_05709/fast && /usr/bin/gmake  -f CMakeFiles/cmTC_05709.dir/build.make CMakeFiles/cmTC_05709.dir/build
gmake[1]: Entering directory '/home/ubuntu2204/mujoco_develop/excavator_simulator_mujoco/build/CMakeFiles/CMakeTmp'
Building C object CMakeFiles/cmTC_05709.dir/src.c.o
/usr/bin/clang -DSUPPORTS_GC_SECTIONS  -fuse-ld=gold -fPIE -std=c11 -MD -MT CMakeFiles/cmTC_05709.dir/src.c.o -MF CMakeFiles/cmTC_05709.dir/src.c.o.d -o CMakeFiles/cmTC_05709.dir/src.c.o -c /home/ubuntu2204/mujoco_develop/excavator_simulator_mujoco/build/CMakeFiles/CMakeTmp/src.c
clang: warning: argument unused during compilation: '-fuse-ld=gold' [-Wunused-command-line-argument]
Linking C executable cmTC_05709
/usr/bin/cmake -E cmake_link_script CMakeFiles/cmTC_05709.dir/link.txt --verbose=1
/usr/bin/clang  -fuse-ld=gold CMakeFiles/cmTC_05709.dir/src.c.o -o cmTC_05709 
gmake[1]: Leaving directory '/home/ubuntu2204/mujoco_develop/excavator_simulator_mujoco/build/CMakeFiles/CMakeTmp'


Source file was:
int main() {}
Determining if the include file sys/types.h exists passed with the following output:
Change Dir: /home/ubuntu2204/mujoco_develop/excavator_simulator_mujoco/build/CMakeFiles/CMakeTmp

Run Build Command(s):/usr/bin/gmake -f Makefile cmTC_a3c97/fast && /usr/bin/gmake  -f CMakeFiles/cmTC_a3c97.dir/build.make CMakeFiles/cmTC_a3c97.dir/build
gmake[1]: Entering directory '/home/ubuntu2204/mujoco_develop/excavator_simulator_mujoco/build/CMakeFiles/CMakeTmp'
Building C object CMakeFiles/cmTC_a3c97.dir/CheckIncludeFile.c.o
/usr/bin/clang -D_FILE_OFFSET_BITS=64 -D_LARGEFILE_SOURCE -D_LARGE_FILES -D__STDC_CONSTANT_MACROS -D__STDC_FORMAT_MACROS -D__STDC_LIMIT_MACROS  -fPIE -std=c11 -MD -MT CMakeFiles/cmTC_a3c97.dir/CheckIncludeFile.c.o -MF CMakeFiles/cmTC_a3c97.dir/CheckIncludeFile.c.o.d -o CMakeFiles/cmTC_a3c97.dir/CheckIncludeFile.c.o -c /home/ubuntu2204/mujoco_develop/excavator_simulator_mujoco/build/CMakeFiles/CMakeTmp/CheckIncludeFile.c
Linking C executable cmTC_a3c97
/usr/bin/cmake -E cmake_link_script CMakeFiles/cmTC_a3c97.dir/link.txt --verbose=1
/usr/bin/clang CMakeFiles/cmTC_a3c97.dir/CheckIncludeFile.c.o -o cmTC_a3c97 
gmake[1]: Leaving directory '/home/ubuntu2204/mujoco_develop/excavator_simulator_mujoco/build/CMakeFiles/CMakeTmp'



Determining if the include file inttypes.h exists passed with the following output:
Change Dir: /home/ubuntu2204/mujoco_develop/excavator_simulator_mujoco/build/CMakeFiles/CMakeTmp

Run Build Command(s):/usr/bin/gmake -f Makefile cmTC_5c832/fast && /usr/bin/gmake  -f CMakeFiles/cmTC_5c832.dir/build.make CMakeFiles/cmTC_5c832.dir/build
gmake[1]: Entering directory '/home/ubuntu2204/mujoco_develop/excavator_simulator_mujoco/build/CMakeFiles/CMakeTmp'
Building C object CMakeFiles/cmTC_5c832.dir/CheckIncludeFile.c.o
/usr/bin/clang -D_FILE_OFFSET_BITS=64 -D_LARGEFILE_SOURCE -D_LARGE_FILES -D__STDC_CONSTANT_MACROS -D__STDC_FORMAT_MACROS -D__STDC_LIMIT_MACROS  -fPIE -std=c11 -MD -MT CMakeFiles/cmTC_5c832.dir/CheckIncludeFile.c.o -MF CMakeFiles/cmTC_5c832.dir/CheckIncludeFile.c.o.d -o CMakeFiles/cmTC_5c832.dir/CheckIncludeFile.c.o -c /home/ubuntu2204/mujoco_develop/excavator_simulator_mujoco/build/CMakeFiles/CMakeTmp/CheckIncludeFile.c
Linking C executable cmTC_5c832
/usr/bin/cmake -E cmake_link_script CMakeFiles/cmTC_5c832.dir/link.txt --verbose=1
/usr/bin/clang CMakeFiles/cmTC_5c832.dir/CheckIncludeFile.c.o -o cmTC_5c832 
gmake[1]: Leaving directory '/home/ubuntu2204/mujoco_develop/excavator_simulator_mujoco/build/CMakeFiles/CMakeTmp'



Determining if the include file stddef.h exists passed with the following output:
Change Dir: /home/ubuntu2204/mujoco_develop/excavator_simulator_mujoco/build/CMakeFiles/CMakeTmp

Run Build Command(s):/usr/bin/gmake -f Makefile cmTC_b1fc3/fast && /usr/bin/gmake  -f CMakeFiles/cmTC_b1fc3.dir/build.make CMakeFiles/cmTC_b1fc3.dir/build
gmake[1]: Entering directory '/home/ubuntu2204/mujoco_develop/excavator_simulator_mujoco/build/CMakeFiles/CMakeTmp'
Building C object CMakeFiles/cmTC_b1fc3.dir/CheckIncludeFile.c.o
/usr/bin/clang -D_FILE_OFFSET_BITS=64 -D_LARGEFILE_SOURCE -D_LARGE_FILES -D__STDC_CONSTANT_MACROS -D__STDC_FORMAT_MACROS -D__STDC_LIMIT_MACROS  -fPIE -std=c11 -MD -MT CMakeFiles/cmTC_b1fc3.dir/CheckIncludeFile.c.o -MF CMakeFiles/cmTC_b1fc3.dir/CheckIncludeFile.c.o.d -o CMakeFiles/cmTC_b1fc3.dir/CheckIncludeFile.c.o -c /home/ubuntu2204/mujoco_develop/excavator_simulator_mujoco/build/CMakeFiles/CMakeTmp/CheckIncludeFile.c
Linking C executable cmTC_b1fc3
/usr/bin/cmake -E cmake_link_script CMakeFiles/cmTC_b1fc3.dir/link.txt --verbose=1
/usr/bin/clang CMakeFiles/cmTC_b1fc3.dir/CheckIncludeFile.c.o -o cmTC_b1fc3 
gmake[1]: Leaving directory '/home/ubuntu2204/mujoco_develop/excavator_simulator_mujoco/build/CMakeFiles/CMakeTmp'



Determining if the include file stdint.h exists passed with the following output:
Change Dir: /home/ubuntu2204/mujoco_develop/excavator_simulator_mujoco/build/CMakeFiles/CMakeTmp

Run Build Command(s):/usr/bin/gmake -f Makefile cmTC_06d9d/fast && /usr/bin/gmake  -f CMakeFiles/cmTC_06d9d.dir/build.make CMakeFiles/cmTC_06d9d.dir/build
gmake[1]: Entering directory '/home/ubuntu2204/mujoco_develop/excavator_simulator_mujoco/build/CMakeFiles/CMakeTmp'
Building C object CMakeFiles/cmTC_06d9d.dir/CheckIncludeFile.c.o
/usr/bin/clang -D_FILE_OFFSET_BITS=64 -D_LARGEFILE_SOURCE -D_LARGE_FILES -D__STDC_CONSTANT_MACROS -D__STDC_FORMAT_MACROS -D__STDC_LIMIT_MACROS  -fPIE -std=c11 -MD -MT CMakeFiles/cmTC_06d9d.dir/CheckIncludeFile.c.o -MF CMakeFiles/cmTC_06d9d.dir/CheckIncludeFile.c.o.d -o CMakeFiles/cmTC_06d9d.dir/CheckIncludeFile.c.o -c /home/ubuntu2204/mujoco_develop/excavator_simulator_mujoco/build/CMakeFiles/CMakeTmp/CheckIncludeFile.c
Linking C executable cmTC_06d9d
/usr/bin/cmake -E cmake_link_script CMakeFiles/cmTC_06d9d.dir/link.txt --verbose=1
/usr/bin/clang CMakeFiles/cmTC_06d9d.dir/CheckIncludeFile.c.o -o cmTC_06d9d 
gmake[1]: Leaving directory '/home/ubuntu2204/mujoco_develop/excavator_simulator_mujoco/build/CMakeFiles/CMakeTmp'



Determining size of off_t passed with the following output:
Change Dir: /home/ubuntu2204/mujoco_develop/excavator_simulator_mujoco/build/CMakeFiles/CMakeTmp

Run Build Command(s):/usr/bin/gmake -f Makefile cmTC_93c82/fast && /usr/bin/gmake  -f CMakeFiles/cmTC_93c82.dir/build.make CMakeFiles/cmTC_93c82.dir/build
gmake[1]: Entering directory '/home/ubuntu2204/mujoco_develop/excavator_simulator_mujoco/build/CMakeFiles/CMakeTmp'
Building C object CMakeFiles/cmTC_93c82.dir/SIZEOF_OFF_T.c.o
/usr/bin/clang -D_FILE_OFFSET_BITS=64 -D_LARGEFILE_SOURCE -D_LARGE_FILES -D__STDC_CONSTANT_MACROS -D__STDC_FORMAT_MACROS -D__STDC_LIMIT_MACROS  -fPIE -MD -MT CMakeFiles/cmTC_93c82.dir/SIZEOF_OFF_T.c.o -MF CMakeFiles/cmTC_93c82.dir/SIZEOF_OFF_T.c.o.d -o CMakeFiles/cmTC_93c82.dir/SIZEOF_OFF_T.c.o -c /home/ubuntu2204/mujoco_develop/excavator_simulator_mujoco/build/CMakeFiles/CheckTypeSize/SIZEOF_OFF_T.c
Linking C executable cmTC_93c82
/usr/bin/cmake -E cmake_link_script CMakeFiles/cmTC_93c82.dir/link.txt --verbose=1
/usr/bin/clang -rdynamic CMakeFiles/cmTC_93c82.dir/SIZEOF_OFF_T.c.o -o cmTC_93c82 
gmake[1]: Leaving directory '/home/ubuntu2204/mujoco_develop/excavator_simulator_mujoco/build/CMakeFiles/CMakeTmp'



Determining if the fseeko exist passed with the following output:
Change Dir: /home/ubuntu2204/mujoco_develop/excavator_simulator_mujoco/build/CMakeFiles/CMakeTmp

Run Build Command(s):/usr/bin/gmake -f Makefile cmTC_20345/fast && /usr/bin/gmake  -f CMakeFiles/cmTC_20345.dir/build.make CMakeFiles/cmTC_20345.dir/build
gmake[1]: Entering directory '/home/ubuntu2204/mujoco_develop/excavator_simulator_mujoco/build/CMakeFiles/CMakeTmp'
Building C object CMakeFiles/cmTC_20345.dir/CheckSymbolExists.c.o
/usr/bin/clang -D_FILE_OFFSET_BITS=64 -D_LARGEFILE_SOURCE -D_LARGE_FILES -D__STDC_CONSTANT_MACROS -D__STDC_FORMAT_MACROS -D__STDC_LIMIT_MACROS  -fPIE -MD -MT CMakeFiles/cmTC_20345.dir/CheckSymbolExists.c.o -MF CMakeFiles/cmTC_20345.dir/CheckSymbolExists.c.o.d -o CMakeFiles/cmTC_20345.dir/CheckSymbolExists.c.o -c /home/ubuntu2204/mujoco_develop/excavator_simulator_mujoco/build/CMakeFiles/CMakeTmp/CheckSymbolExists.c
Linking C executable cmTC_20345
/usr/bin/cmake -E cmake_link_script CMakeFiles/cmTC_20345.dir/link.txt --verbose=1
/usr/bin/clang -rdynamic CMakeFiles/cmTC_20345.dir/CheckSymbolExists.c.o -o cmTC_20345 
gmake[1]: Leaving directory '/home/ubuntu2204/mujoco_develop/excavator_simulator_mujoco/build/CMakeFiles/CMakeTmp'


File /home/ubuntu2204/mujoco_develop/excavator_simulator_mujoco/build/CMakeFiles/CMakeTmp/CheckSymbolExists.c:
/* */
#include <stdio.h>

int main(int argc, char** argv)
{
  (void)argv;
#ifndef fseeko
  return ((int*)(&fseeko))[argc];
#else
  (void)argc;
  return 0;
#endif
}
Determining if the ftello exist passed with the following output:
Change Dir: /home/ubuntu2204/mujoco_develop/excavator_simulator_mujoco/build/CMakeFiles/CMakeTmp

Run Build Command(s):/usr/bin/gmake -f Makefile cmTC_70f4e/fast && /usr/bin/gmake  -f CMakeFiles/cmTC_70f4e.dir/build.make CMakeFiles/cmTC_70f4e.dir/build
gmake[1]: Entering directory '/home/ubuntu2204/mujoco_develop/excavator_simulator_mujoco/build/CMakeFiles/CMakeTmp'
Building C object CMakeFiles/cmTC_70f4e.dir/CheckSymbolExists.c.o
/usr/bin/clang -D_FILE_OFFSET_BITS=64 -D_LARGEFILE_SOURCE -D_LARGE_FILES -D__STDC_CONSTANT_MACROS -D__STDC_FORMAT_MACROS -D__STDC_LIMIT_MACROS  -fPIE -MD -MT CMakeFiles/cmTC_70f4e.dir/CheckSymbolExists.c.o -MF CMakeFiles/cmTC_70f4e.dir/CheckSymbolExists.c.o.d -o CMakeFiles/cmTC_70f4e.dir/CheckSymbolExists.c.o -c /home/ubuntu2204/mujoco_develop/excavator_simulator_mujoco/build/CMakeFiles/CMakeTmp/CheckSymbolExists.c
Linking C executable cmTC_70f4e
/usr/bin/cmake -E cmake_link_script CMakeFiles/cmTC_70f4e.dir/link.txt --verbose=1
/usr/bin/clang -rdynamic CMakeFiles/cmTC_70f4e.dir/CheckSymbolExists.c.o -o cmTC_70f4e 
gmake[1]: Leaving directory '/home/ubuntu2204/mujoco_develop/excavator_simulator_mujoco/build/CMakeFiles/CMakeTmp'


File /home/ubuntu2204/mujoco_develop/excavator_simulator_mujoco/build/CMakeFiles/CMakeTmp/CheckSymbolExists.c:
/* */
#include <stdio.h>

int main(int argc, char** argv)
{
  (void)argv;
#ifndef ftello
  return ((int*)(&ftello))[argc];
#else
  (void)argc;
  return 0;
#endif
}
Determining if the PRIdMAX exist passed with the following output:
Change Dir: /home/ubuntu2204/mujoco_develop/excavator_simulator_mujoco/build/CMakeFiles/CMakeTmp

Run Build Command(s):/usr/bin/gmake -f Makefile cmTC_aa8b1/fast && /usr/bin/gmake  -f CMakeFiles/cmTC_aa8b1.dir/build.make CMakeFiles/cmTC_aa8b1.dir/build
gmake[1]: Entering directory '/home/ubuntu2204/mujoco_develop/excavator_simulator_mujoco/build/CMakeFiles/CMakeTmp'
Building C object CMakeFiles/cmTC_aa8b1.dir/CheckSymbolExists.c.o
/usr/bin/clang -D_FILE_OFFSET_BITS=64 -D_LARGEFILE_SOURCE -D_LARGE_FILES -D__STDC_CONSTANT_MACROS -D__STDC_FORMAT_MACROS -D__STDC_LIMIT_MACROS  -fPIE -MD -MT CMakeFiles/cmTC_aa8b1.dir/CheckSymbolExists.c.o -MF CMakeFiles/cmTC_aa8b1.dir/CheckSymbolExists.c.o.d -o CMakeFiles/cmTC_aa8b1.dir/CheckSymbolExists.c.o -c /home/ubuntu2204/mujoco_develop/excavator_simulator_mujoco/build/CMakeFiles/CMakeTmp/CheckSymbolExists.c
Linking C executable cmTC_aa8b1
/usr/bin/cmake -E cmake_link_script CMakeFiles/cmTC_aa8b1.dir/link.txt --verbose=1
/usr/bin/clang -rdynamic CMakeFiles/cmTC_aa8b1.dir/CheckSymbolExists.c.o -o cmTC_aa8b1 
gmake[1]: Leaving directory '/home/ubuntu2204/mujoco_develop/excavator_simulator_mujoco/build/CMakeFiles/CMakeTmp'


File /home/ubuntu2204/mujoco_develop/excavator_simulator_mujoco/build/CMakeFiles/CMakeTmp/CheckSymbolExists.c:
/* */
#include <inttypes.h>

int main(int argc, char** argv)
{
  (void)argv;
#ifndef PRIdMAX
  return ((int*)(&PRIdMAX))[argc];
#else
  (void)argc;
  return 0;
#endif
}
Performing C++ SOURCE FILE Test COMPILER_SUPPORTS_VISIBILITY succeeded with the following output:
Change Dir: /home/ubuntu2204/mujoco_develop/excavator_simulator_mujoco/build/CMakeFiles/CMakeTmp

Run Build Command(s):/usr/bin/gmake -f Makefile cmTC_56996/fast && /usr/bin/gmake  -f CMakeFiles/cmTC_56996.dir/build.make CMakeFiles/cmTC_56996.dir/build
gmake[1]: Entering directory '/home/ubuntu2204/mujoco_develop/excavator_simulator_mujoco/build/CMakeFiles/CMakeTmp'
Building CXX object CMakeFiles/cmTC_56996.dir/src.cxx.o
/usr/bin/clang++ -DCOMPILER_SUPPORTS_VISIBILITY  -fPIE   -fvisibility=hidden -std=c++17 -MD -MT CMakeFiles/cmTC_56996.dir/src.cxx.o -MF CMakeFiles/cmTC_56996.dir/src.cxx.o.d -o CMakeFiles/cmTC_56996.dir/src.cxx.o -c /home/ubuntu2204/mujoco_develop/excavator_simulator_mujoco/build/CMakeFiles/CMakeTmp/src.cxx
Linking CXX executable cmTC_56996
/usr/bin/cmake -E cmake_link_script CMakeFiles/cmTC_56996.dir/link.txt --verbose=1
/usr/bin/clang++ CMakeFiles/cmTC_56996.dir/src.cxx.o -o cmTC_56996 
gmake[1]: Leaving directory '/home/ubuntu2204/mujoco_develop/excavator_simulator_mujoco/build/CMakeFiles/CMakeTmp'


Source file was:
int main() { return 0; }
Performing C++ SOURCE FILE Test ABSL_INTERNAL_AT_LEAST_CXX17 succeeded with the following output:
Change Dir: /home/ubuntu2204/mujoco_develop/excavator_simulator_mujoco/build/CMakeFiles/CMakeTmp

Run Build Command(s):/usr/bin/gmake -f Makefile cmTC_e986d/fast && /usr/bin/gmake  -f CMakeFiles/cmTC_e986d.dir/build.make CMakeFiles/cmTC_e986d.dir/build
gmake[1]: Entering directory '/home/ubuntu2204/mujoco_develop/excavator_simulator_mujoco/build/CMakeFiles/CMakeTmp'
Building CXX object CMakeFiles/cmTC_e986d.dir/src.cxx.o
/usr/bin/clang++ -DABSL_INTERNAL_AT_LEAST_CXX17  -fPIE -std=c++17 -MD -MT CMakeFiles/cmTC_e986d.dir/src.cxx.o -MF CMakeFiles/cmTC_e986d.dir/src.cxx.o.d -o CMakeFiles/cmTC_e986d.dir/src.cxx.o -c /home/ubuntu2204/mujoco_develop/excavator_simulator_mujoco/build/CMakeFiles/CMakeTmp/src.cxx
Linking CXX executable cmTC_e986d
/usr/bin/cmake -E cmake_link_script CMakeFiles/cmTC_e986d.dir/link.txt --verbose=1
/usr/bin/clang++ CMakeFiles/cmTC_e986d.dir/src.cxx.o -o cmTC_e986d 
gmake[1]: Leaving directory '/home/ubuntu2204/mujoco_develop/excavator_simulator_mujoco/build/CMakeFiles/CMakeTmp'


Source file was:
#ifdef _MSC_VER
#  if _MSVC_LANG < 201700L
#    error "The compiler defaults or is configured for C++ < 17"
#  endif
#elif __cplusplus < 201700L
#  error "The compiler defaults or is configured for C++ < 17"
#endif
int main() { return 0; }

Determining if the function shm_open exists in the rt passed with the following output:
Change Dir: /home/ubuntu2204/mujoco_develop/excavator_simulator_mujoco/build/CMakeFiles/CMakeTmp

Run Build Command(s):/usr/bin/gmake -f Makefile cmTC_bfcb8/fast && /usr/bin/gmake  -f CMakeFiles/cmTC_bfcb8.dir/build.make CMakeFiles/cmTC_bfcb8.dir/build
gmake[1]: Entering directory '/home/ubuntu2204/mujoco_develop/excavator_simulator_mujoco/build/CMakeFiles/CMakeTmp'
Building C object CMakeFiles/cmTC_bfcb8.dir/CheckFunctionExists.c.o
/usr/bin/clang   -DCHECK_FUNCTION_EXISTS=shm_open -fPIE -std=c11 -MD -MT CMakeFiles/cmTC_bfcb8.dir/CheckFunctionExists.c.o -MF CMakeFiles/cmTC_bfcb8.dir/CheckFunctionExists.c.o.d -o CMakeFiles/cmTC_bfcb8.dir/CheckFunctionExists.c.o -c /usr/share/cmake-3.22/Modules/CheckFunctionExists.c
Linking C executable cmTC_bfcb8
/usr/bin/cmake -E cmake_link_script CMakeFiles/cmTC_bfcb8.dir/link.txt --verbose=1
/usr/bin/clang  -DCHECK_FUNCTION_EXISTS=shm_open CMakeFiles/cmTC_bfcb8.dir/CheckFunctionExists.c.o -o cmTC_bfcb8  -lrt 
gmake[1]: Leaving directory '/home/ubuntu2204/mujoco_develop/excavator_simulator_mujoco/build/CMakeFiles/CMakeTmp'



Performing C++ SOURCE FILE Test HAVE_CXX_FLAG_WALL succeeded with the following output:
Change Dir: /home/ubuntu2204/mujoco_develop/excavator_simulator_mujoco/build/CMakeFiles/CMakeTmp

Run Build Command(s):/usr/bin/gmake -f Makefile cmTC_a6af3/fast && /usr/bin/gmake  -f CMakeFiles/cmTC_a6af3.dir/build.make CMakeFiles/cmTC_a6af3.dir/build
gmake[1]: Entering directory '/home/ubuntu2204/mujoco_develop/excavator_simulator_mujoco/build/CMakeFiles/CMakeTmp'
Building CXX object CMakeFiles/cmTC_a6af3.dir/src.cxx.o
/usr/bin/clang++ -DHAVE_CXX_FLAG_WALL  -Wall -fPIE   -Wall -std=c++11 -MD -MT CMakeFiles/cmTC_a6af3.dir/src.cxx.o -MF CMakeFiles/cmTC_a6af3.dir/src.cxx.o.d -o CMakeFiles/cmTC_a6af3.dir/src.cxx.o -c /home/ubuntu2204/mujoco_develop/excavator_simulator_mujoco/build/CMakeFiles/CMakeTmp/src.cxx
Linking CXX executable cmTC_a6af3
/usr/bin/cmake -E cmake_link_script CMakeFiles/cmTC_a6af3.dir/link.txt --verbose=1
/usr/bin/clang++   -Wall CMakeFiles/cmTC_a6af3.dir/src.cxx.o -o cmTC_a6af3 
gmake[1]: Leaving directory '/home/ubuntu2204/mujoco_develop/excavator_simulator_mujoco/build/CMakeFiles/CMakeTmp'


Source file was:
int main() { return 0; }
Performing C++ SOURCE FILE Test HAVE_CXX_FLAG_WEXTRA succeeded with the following output:
Change Dir: /home/ubuntu2204/mujoco_develop/excavator_simulator_mujoco/build/CMakeFiles/CMakeTmp

Run Build Command(s):/usr/bin/gmake -f Makefile cmTC_55d7d/fast && /usr/bin/gmake  -f CMakeFiles/cmTC_55d7d.dir/build.make CMakeFiles/cmTC_55d7d.dir/build
gmake[1]: Entering directory '/home/ubuntu2204/mujoco_develop/excavator_simulator_mujoco/build/CMakeFiles/CMakeTmp'
Building CXX object CMakeFiles/cmTC_55d7d.dir/src.cxx.o
/usr/bin/clang++ -DHAVE_CXX_FLAG_WEXTRA  -Wall  -Wextra -fPIE   -Wextra -std=c++11 -MD -MT CMakeFiles/cmTC_55d7d.dir/src.cxx.o -MF CMakeFiles/cmTC_55d7d.dir/src.cxx.o.d -o CMakeFiles/cmTC_55d7d.dir/src.cxx.o -c /home/ubuntu2204/mujoco_develop/excavator_simulator_mujoco/build/CMakeFiles/CMakeTmp/src.cxx
Linking CXX executable cmTC_55d7d
/usr/bin/cmake -E cmake_link_script CMakeFiles/cmTC_55d7d.dir/link.txt --verbose=1
/usr/bin/clang++   -Wall  -Wextra CMakeFiles/cmTC_55d7d.dir/src.cxx.o -o cmTC_55d7d 
gmake[1]: Leaving directory '/home/ubuntu2204/mujoco_develop/excavator_simulator_mujoco/build/CMakeFiles/CMakeTmp'


Source file was:
int main() { return 0; }
Performing C++ SOURCE FILE Test HAVE_CXX_FLAG_WSHADOW succeeded with the following output:
Change Dir: /home/ubuntu2204/mujoco_develop/excavator_simulator_mujoco/build/CMakeFiles/CMakeTmp

Run Build Command(s):/usr/bin/gmake -f Makefile cmTC_bc240/fast && /usr/bin/gmake  -f CMakeFiles/cmTC_bc240.dir/build.make CMakeFiles/cmTC_bc240.dir/build
gmake[1]: Entering directory '/home/ubuntu2204/mujoco_develop/excavator_simulator_mujoco/build/CMakeFiles/CMakeTmp'
Building CXX object CMakeFiles/cmTC_bc240.dir/src.cxx.o
/usr/bin/clang++ -DHAVE_CXX_FLAG_WSHADOW  -Wall  -Wextra  -Wshadow -fPIE   -Wshadow -std=c++11 -MD -MT CMakeFiles/cmTC_bc240.dir/src.cxx.o -MF CMakeFiles/cmTC_bc240.dir/src.cxx.o.d -o CMakeFiles/cmTC_bc240.dir/src.cxx.o -c /home/ubuntu2204/mujoco_develop/excavator_simulator_mujoco/build/CMakeFiles/CMakeTmp/src.cxx
Linking CXX executable cmTC_bc240
/usr/bin/cmake -E cmake_link_script CMakeFiles/cmTC_bc240.dir/link.txt --verbose=1
/usr/bin/clang++   -Wall  -Wextra  -Wshadow CMakeFiles/cmTC_bc240.dir/src.cxx.o -o cmTC_bc240 
gmake[1]: Leaving directory '/home/ubuntu2204/mujoco_develop/excavator_simulator_mujoco/build/CMakeFiles/CMakeTmp'


Source file was:
int main() { return 0; }
Performing C++ SOURCE FILE Test HAVE_CXX_FLAG_WFLOAT_EQUAL succeeded with the following output:
Change Dir: /home/ubuntu2204/mujoco_develop/excavator_simulator_mujoco/build/CMakeFiles/CMakeTmp

Run Build Command(s):/usr/bin/gmake -f Makefile cmTC_b73b6/fast && /usr/bin/gmake  -f CMakeFiles/cmTC_b73b6.dir/build.make CMakeFiles/cmTC_b73b6.dir/build
gmake[1]: Entering directory '/home/ubuntu2204/mujoco_develop/excavator_simulator_mujoco/build/CMakeFiles/CMakeTmp'
Building CXX object CMakeFiles/cmTC_b73b6.dir/src.cxx.o
/usr/bin/clang++ -DHAVE_CXX_FLAG_WFLOAT_EQUAL  -Wall  -Wextra  -Wshadow  -Wfloat-equal -fPIE   -Wfloat-equal -std=c++11 -MD -MT CMakeFiles/cmTC_b73b6.dir/src.cxx.o -MF CMakeFiles/cmTC_b73b6.dir/src.cxx.o.d -o CMakeFiles/cmTC_b73b6.dir/src.cxx.o -c /home/ubuntu2204/mujoco_develop/excavator_simulator_mujoco/build/CMakeFiles/CMakeTmp/src.cxx
Linking CXX executable cmTC_b73b6
/usr/bin/cmake -E cmake_link_script CMakeFiles/cmTC_b73b6.dir/link.txt --verbose=1
/usr/bin/clang++   -Wall  -Wextra  -Wshadow  -Wfloat-equal CMakeFiles/cmTC_b73b6.dir/src.cxx.o -o cmTC_b73b6 
gmake[1]: Leaving directory '/home/ubuntu2204/mujoco_develop/excavator_simulator_mujoco/build/CMakeFiles/CMakeTmp'


Source file was:
int main() { return 0; }
Performing C++ SOURCE FILE Test HAVE_CXX_FLAG_WERROR succeeded with the following output:
Change Dir: /home/ubuntu2204/mujoco_develop/excavator_simulator_mujoco/build/CMakeFiles/CMakeTmp

Run Build Command(s):/usr/bin/gmake -f Makefile cmTC_949e1/fast && /usr/bin/gmake  -f CMakeFiles/cmTC_949e1.dir/build.make CMakeFiles/cmTC_949e1.dir/build
gmake[1]: Entering directory '/home/ubuntu2204/mujoco_develop/excavator_simulator_mujoco/build/CMakeFiles/CMakeTmp'
Building CXX object CMakeFiles/cmTC_949e1.dir/src.cxx.o
/usr/bin/clang++ -DHAVE_CXX_FLAG_WERROR  -Wall  -Wextra  -Wshadow  -Wfloat-equal  -Werror -fPIE   -Werror -std=c++11 -MD -MT CMakeFiles/cmTC_949e1.dir/src.cxx.o -MF CMakeFiles/cmTC_949e1.dir/src.cxx.o.d -o CMakeFiles/cmTC_949e1.dir/src.cxx.o -c /home/ubuntu2204/mujoco_develop/excavator_simulator_mujoco/build/CMakeFiles/CMakeTmp/src.cxx
Linking CXX executable cmTC_949e1
/usr/bin/cmake -E cmake_link_script CMakeFiles/cmTC_949e1.dir/link.txt --verbose=1
/usr/bin/clang++   -Wall  -Wextra  -Wshadow  -Wfloat-equal  -Werror CMakeFiles/cmTC_949e1.dir/src.cxx.o -o cmTC_949e1 
gmake[1]: Leaving directory '/home/ubuntu2204/mujoco_develop/excavator_simulator_mujoco/build/CMakeFiles/CMakeTmp'


Source file was:
int main() { return 0; }
Performing C++ SOURCE FILE Test HAVE_CXX_FLAG_WSUGGEST_OVERRIDE succeeded with the following output:
Change Dir: /home/ubuntu2204/mujoco_develop/excavator_simulator_mujoco/build/CMakeFiles/CMakeTmp

Run Build Command(s):/usr/bin/gmake -f Makefile cmTC_e2847/fast && /usr/bin/gmake  -f CMakeFiles/cmTC_e2847.dir/build.make CMakeFiles/cmTC_e2847.dir/build
gmake[1]: Entering directory '/home/ubuntu2204/mujoco_develop/excavator_simulator_mujoco/build/CMakeFiles/CMakeTmp'
Building CXX object CMakeFiles/cmTC_e2847.dir/src.cxx.o
/usr/bin/clang++ -DHAVE_CXX_FLAG_WSUGGEST_OVERRIDE  -Wall  -Wextra  -Wshadow  -Wfloat-equal  -Werror  -Wsuggest-override -fPIE   -Wsuggest-override -std=c++11 -MD -MT CMakeFiles/cmTC_e2847.dir/src.cxx.o -MF CMakeFiles/cmTC_e2847.dir/src.cxx.o.d -o CMakeFiles/cmTC_e2847.dir/src.cxx.o -c /home/ubuntu2204/mujoco_develop/excavator_simulator_mujoco/build/CMakeFiles/CMakeTmp/src.cxx
Linking CXX executable cmTC_e2847
/usr/bin/cmake -E cmake_link_script CMakeFiles/cmTC_e2847.dir/link.txt --verbose=1
/usr/bin/clang++   -Wall  -Wextra  -Wshadow  -Wfloat-equal  -Werror  -Wsuggest-override CMakeFiles/cmTC_e2847.dir/src.cxx.o -o cmTC_e2847 
gmake[1]: Leaving directory '/home/ubuntu2204/mujoco_develop/excavator_simulator_mujoco/build/CMakeFiles/CMakeTmp'


Source file was:
int main() { return 0; }
Performing C++ SOURCE FILE Test HAVE_CXX_FLAG_PEDANTIC succeeded with the following output:
Change Dir: /home/ubuntu2204/mujoco_develop/excavator_simulator_mujoco/build/CMakeFiles/CMakeTmp

Run Build Command(s):/usr/bin/gmake -f Makefile cmTC_50277/fast && /usr/bin/gmake  -f CMakeFiles/cmTC_50277.dir/build.make CMakeFiles/cmTC_50277.dir/build
gmake[1]: Entering directory '/home/ubuntu2204/mujoco_develop/excavator_simulator_mujoco/build/CMakeFiles/CMakeTmp'
Building CXX object CMakeFiles/cmTC_50277.dir/src.cxx.o
/usr/bin/clang++ -DHAVE_CXX_FLAG_PEDANTIC  -Wall  -Wextra  -Wshadow  -Wfloat-equal  -Werror  -Wsuggest-override  -pedantic -fPIE   -pedantic -std=c++11 -MD -MT CMakeFiles/cmTC_50277.dir/src.cxx.o -MF CMakeFiles/cmTC_50277.dir/src.cxx.o.d -o CMakeFiles/cmTC_50277.dir/src.cxx.o -c /home/ubuntu2204/mujoco_develop/excavator_simulator_mujoco/build/CMakeFiles/CMakeTmp/src.cxx
Linking CXX executable cmTC_50277
/usr/bin/cmake -E cmake_link_script CMakeFiles/cmTC_50277.dir/link.txt --verbose=1
/usr/bin/clang++   -Wall  -Wextra  -Wshadow  -Wfloat-equal  -Werror  -Wsuggest-override  -pedantic CMakeFiles/cmTC_50277.dir/src.cxx.o -o cmTC_50277 
gmake[1]: Leaving directory '/home/ubuntu2204/mujoco_develop/excavator_simulator_mujoco/build/CMakeFiles/CMakeTmp'


Source file was:
int main() { return 0; }
Performing C++ SOURCE FILE Test HAVE_CXX_FLAG_PEDANTIC_ERRORS succeeded with the following output:
Change Dir: /home/ubuntu2204/mujoco_develop/excavator_simulator_mujoco/build/CMakeFiles/CMakeTmp

Run Build Command(s):/usr/bin/gmake -f Makefile cmTC_94081/fast && /usr/bin/gmake  -f CMakeFiles/cmTC_94081.dir/build.make CMakeFiles/cmTC_94081.dir/build
gmake[1]: Entering directory '/home/ubuntu2204/mujoco_develop/excavator_simulator_mujoco/build/CMakeFiles/CMakeTmp'
Building CXX object CMakeFiles/cmTC_94081.dir/src.cxx.o
/usr/bin/clang++ -DHAVE_CXX_FLAG_PEDANTIC_ERRORS  -Wall  -Wextra  -Wshadow  -Wfloat-equal  -Werror  -Wsuggest-override  -pedantic  -pedantic-errors -fPIE   -pedantic-errors -std=c++11 -MD -MT CMakeFiles/cmTC_94081.dir/src.cxx.o -MF CMakeFiles/cmTC_94081.dir/src.cxx.o.d -o CMakeFiles/cmTC_94081.dir/src.cxx.o -c /home/ubuntu2204/mujoco_develop/excavator_simulator_mujoco/build/CMakeFiles/CMakeTmp/src.cxx
Linking CXX executable cmTC_94081
/usr/bin/cmake -E cmake_link_script CMakeFiles/cmTC_94081.dir/link.txt --verbose=1
/usr/bin/clang++   -Wall  -Wextra  -Wshadow  -Wfloat-equal  -Werror  -Wsuggest-override  -pedantic  -pedantic-errors CMakeFiles/cmTC_94081.dir/src.cxx.o -o cmTC_94081 
gmake[1]: Leaving directory '/home/ubuntu2204/mujoco_develop/excavator_simulator_mujoco/build/CMakeFiles/CMakeTmp'


Source file was:
int main() { return 0; }
Performing C++ SOURCE FILE Test HAVE_CXX_FLAG_WSHORTEN_64_TO_32 succeeded with the following output:
Change Dir: /home/ubuntu2204/mujoco_develop/excavator_simulator_mujoco/build/CMakeFiles/CMakeTmp

Run Build Command(s):/usr/bin/gmake -f Makefile cmTC_6de2b/fast && /usr/bin/gmake  -f CMakeFiles/cmTC_6de2b.dir/build.make CMakeFiles/cmTC_6de2b.dir/build
gmake[1]: Entering directory '/home/ubuntu2204/mujoco_develop/excavator_simulator_mujoco/build/CMakeFiles/CMakeTmp'
Building CXX object CMakeFiles/cmTC_6de2b.dir/src.cxx.o
/usr/bin/clang++ -DHAVE_CXX_FLAG_WSHORTEN_64_TO_32  -Wall  -Wextra  -Wshadow  -Wfloat-equal  -Werror  -Wsuggest-override  -pedantic  -pedantic-errors  -Wshorten-64-to-32 -fPIE   -Wshorten-64-to-32 -std=c++11 -MD -MT CMakeFiles/cmTC_6de2b.dir/src.cxx.o -MF CMakeFiles/cmTC_6de2b.dir/src.cxx.o.d -o CMakeFiles/cmTC_6de2b.dir/src.cxx.o -c /home/ubuntu2204/mujoco_develop/excavator_simulator_mujoco/build/CMakeFiles/CMakeTmp/src.cxx
Linking CXX executable cmTC_6de2b
/usr/bin/cmake -E cmake_link_script CMakeFiles/cmTC_6de2b.dir/link.txt --verbose=1
/usr/bin/clang++   -Wall  -Wextra  -Wshadow  -Wfloat-equal  -Werror  -Wsuggest-override  -pedantic  -pedantic-errors  -Wshorten-64-to-32 CMakeFiles/cmTC_6de2b.dir/src.cxx.o -o cmTC_6de2b 
gmake[1]: Leaving directory '/home/ubuntu2204/mujoco_develop/excavator_simulator_mujoco/build/CMakeFiles/CMakeTmp'


Source file was:
int main() { return 0; }
Performing C++ SOURCE FILE Test HAVE_CXX_FLAG_FSTRICT_ALIASING succeeded with the following output:
Change Dir: /home/ubuntu2204/mujoco_develop/excavator_simulator_mujoco/build/CMakeFiles/CMakeTmp

Run Build Command(s):/usr/bin/gmake -f Makefile cmTC_22587/fast && /usr/bin/gmake  -f CMakeFiles/cmTC_22587.dir/build.make CMakeFiles/cmTC_22587.dir/build
gmake[1]: Entering directory '/home/ubuntu2204/mujoco_develop/excavator_simulator_mujoco/build/CMakeFiles/CMakeTmp'
Building CXX object CMakeFiles/cmTC_22587.dir/src.cxx.o
/usr/bin/clang++ -DHAVE_CXX_FLAG_FSTRICT_ALIASING  -Wall  -Wextra  -Wshadow  -Wfloat-equal  -Werror  -Wsuggest-override  -pedantic  -pedantic-errors  -Wshorten-64-to-32  -fstrict-aliasing -fPIE   -fstrict-aliasing -std=c++11 -MD -MT CMakeFiles/cmTC_22587.dir/src.cxx.o -MF CMakeFiles/cmTC_22587.dir/src.cxx.o.d -o CMakeFiles/cmTC_22587.dir/src.cxx.o -c /home/ubuntu2204/mujoco_develop/excavator_simulator_mujoco/build/CMakeFiles/CMakeTmp/src.cxx
Linking CXX executable cmTC_22587
/usr/bin/cmake -E cmake_link_script CMakeFiles/cmTC_22587.dir/link.txt --verbose=1
/usr/bin/clang++   -Wall  -Wextra  -Wshadow  -Wfloat-equal  -Werror  -Wsuggest-override  -pedantic  -pedantic-errors  -Wshorten-64-to-32  -fstrict-aliasing CMakeFiles/cmTC_22587.dir/src.cxx.o -o cmTC_22587 
gmake[1]: Leaving directory '/home/ubuntu2204/mujoco_develop/excavator_simulator_mujoco/build/CMakeFiles/CMakeTmp'


Source file was:
int main() { return 0; }
Performing C++ SOURCE FILE Test HAVE_CXX_FLAG_WNO_DEPRECATED_DECLARATIONS succeeded with the following output:
Change Dir: /home/ubuntu2204/mujoco_develop/excavator_simulator_mujoco/build/CMakeFiles/CMakeTmp

Run Build Command(s):/usr/bin/gmake -f Makefile cmTC_c62d2/fast && /usr/bin/gmake  -f CMakeFiles/cmTC_c62d2.dir/build.make CMakeFiles/cmTC_c62d2.dir/build
gmake[1]: Entering directory '/home/ubuntu2204/mujoco_develop/excavator_simulator_mujoco/build/CMakeFiles/CMakeTmp'
Building CXX object CMakeFiles/cmTC_c62d2.dir/src.cxx.o
/usr/bin/clang++ -DHAVE_CXX_FLAG_WNO_DEPRECATED_DECLARATIONS  -Wall  -Wextra  -Wshadow  -Wfloat-equal  -Werror  -Wsuggest-override  -pedantic  -pedantic-errors  -Wshorten-64-to-32  -fstrict-aliasing  -Wno-deprecated-declarations -fPIE   -Wno-deprecated-declarations -std=c++11 -MD -MT CMakeFiles/cmTC_c62d2.dir/src.cxx.o -MF CMakeFiles/cmTC_c62d2.dir/src.cxx.o.d -o CMakeFiles/cmTC_c62d2.dir/src.cxx.o -c /home/ubuntu2204/mujoco_develop/excavator_simulator_mujoco/build/CMakeFiles/CMakeTmp/src.cxx
Linking CXX executable cmTC_c62d2
/usr/bin/cmake -E cmake_link_script CMakeFiles/cmTC_c62d2.dir/link.txt --verbose=1
/usr/bin/clang++   -Wall  -Wextra  -Wshadow  -Wfloat-equal  -Werror  -Wsuggest-override  -pedantic  -pedantic-errors  -Wshorten-64-to-32  -fstrict-aliasing  -Wno-deprecated-declarations CMakeFiles/cmTC_c62d2.dir/src.cxx.o -o cmTC_c62d2 
gmake[1]: Leaving directory '/home/ubuntu2204/mujoco_develop/excavator_simulator_mujoco/build/CMakeFiles/CMakeTmp'


Source file was:
int main() { return 0; }
Performing C++ SOURCE FILE Test HAVE_CXX_FLAG_WNO_DEPRECATED succeeded with the following output:
Change Dir: /home/ubuntu2204/mujoco_develop/excavator_simulator_mujoco/build/CMakeFiles/CMakeTmp

Run Build Command(s):/usr/bin/gmake -f Makefile cmTC_77e52/fast && /usr/bin/gmake  -f CMakeFiles/cmTC_77e52.dir/build.make CMakeFiles/cmTC_77e52.dir/build
gmake[1]: Entering directory '/home/ubuntu2204/mujoco_develop/excavator_simulator_mujoco/build/CMakeFiles/CMakeTmp'
Building CXX object CMakeFiles/cmTC_77e52.dir/src.cxx.o
/usr/bin/clang++ -DHAVE_CXX_FLAG_WNO_DEPRECATED  -Wall  -Wextra  -Wshadow  -Wfloat-equal  -Werror  -Wsuggest-override  -pedantic  -pedantic-errors  -Wshorten-64-to-32  -fstrict-aliasing  -Wno-deprecated-declarations  -Wno-deprecated -fPIE   -Wno-deprecated -std=c++11 -MD -MT CMakeFiles/cmTC_77e52.dir/src.cxx.o -MF CMakeFiles/cmTC_77e52.dir/src.cxx.o.d -o CMakeFiles/cmTC_77e52.dir/src.cxx.o -c /home/ubuntu2204/mujoco_develop/excavator_simulator_mujoco/build/CMakeFiles/CMakeTmp/src.cxx
Linking CXX executable cmTC_77e52
/usr/bin/cmake -E cmake_link_script CMakeFiles/cmTC_77e52.dir/link.txt --verbose=1
/usr/bin/clang++   -Wall  -Wextra  -Wshadow  -Wfloat-equal  -Werror  -Wsuggest-override  -pedantic  -pedantic-errors  -Wshorten-64-to-32  -fstrict-aliasing  -Wno-deprecated-declarations  -Wno-deprecated CMakeFiles/cmTC_77e52.dir/src.cxx.o -o cmTC_77e52 
gmake[1]: Leaving directory '/home/ubuntu2204/mujoco_develop/excavator_simulator_mujoco/build/CMakeFiles/CMakeTmp'


Source file was:
int main() { return 0; }
Performing C++ SOURCE FILE Test HAVE_CXX_FLAG_WSTRICT_ALIASING succeeded with the following output:
Change Dir: /home/ubuntu2204/mujoco_develop/excavator_simulator_mujoco/build/CMakeFiles/CMakeTmp

Run Build Command(s):/usr/bin/gmake -f Makefile cmTC_b43b2/fast && /usr/bin/gmake  -f CMakeFiles/cmTC_b43b2.dir/build.make CMakeFiles/cmTC_b43b2.dir/build
gmake[1]: Entering directory '/home/ubuntu2204/mujoco_develop/excavator_simulator_mujoco/build/CMakeFiles/CMakeTmp'
Building CXX object CMakeFiles/cmTC_b43b2.dir/src.cxx.o
/usr/bin/clang++ -DHAVE_CXX_FLAG_WSTRICT_ALIASING  -Wall  -Wextra  -Wshadow  -Wfloat-equal  -Werror  -Wsuggest-override  -pedantic  -pedantic-errors  -Wshorten-64-to-32  -fstrict-aliasing  -Wno-deprecated-declarations  -Wno-deprecated  -Wstrict-aliasing -fPIE   -Wstrict-aliasing -std=c++11 -MD -MT CMakeFiles/cmTC_b43b2.dir/src.cxx.o -MF CMakeFiles/cmTC_b43b2.dir/src.cxx.o.d -o CMakeFiles/cmTC_b43b2.dir/src.cxx.o -c /home/ubuntu2204/mujoco_develop/excavator_simulator_mujoco/build/CMakeFiles/CMakeTmp/src.cxx
Linking CXX executable cmTC_b43b2
/usr/bin/cmake -E cmake_link_script CMakeFiles/cmTC_b43b2.dir/link.txt --verbose=1
/usr/bin/clang++   -Wall  -Wextra  -Wshadow  -Wfloat-equal  -Werror  -Wsuggest-override  -pedantic  -pedantic-errors  -Wshorten-64-to-32  -fstrict-aliasing  -Wno-deprecated-declarations  -Wno-deprecated  -Wstrict-aliasing CMakeFiles/cmTC_b43b2.dir/src.cxx.o -o cmTC_b43b2 
gmake[1]: Leaving directory '/home/ubuntu2204/mujoco_develop/excavator_simulator_mujoco/build/CMakeFiles/CMakeTmp'


Source file was:
int main() { return 0; }
Performing C++ SOURCE FILE Test HAVE_CXX_FLAG_WTHREAD_SAFETY succeeded with the following output:
Change Dir: /home/ubuntu2204/mujoco_develop/excavator_simulator_mujoco/build/CMakeFiles/CMakeTmp

Run Build Command(s):/usr/bin/gmake -f Makefile cmTC_81581/fast && /usr/bin/gmake  -f CMakeFiles/cmTC_81581.dir/build.make CMakeFiles/cmTC_81581.dir/build
gmake[1]: Entering directory '/home/ubuntu2204/mujoco_develop/excavator_simulator_mujoco/build/CMakeFiles/CMakeTmp'
Building CXX object CMakeFiles/cmTC_81581.dir/src.cxx.o
/usr/bin/clang++ -DHAVE_CXX_FLAG_WTHREAD_SAFETY  -Wall  -Wextra  -Wshadow  -Wfloat-equal  -Werror  -Wsuggest-override  -pedantic  -pedantic-errors  -Wshorten-64-to-32  -fstrict-aliasing  -Wno-deprecated-declarations  -Wno-deprecated  -Wstrict-aliasing  -Wthread-safety -fPIE   -Wthread-safety -std=c++11 -MD -MT CMakeFiles/cmTC_81581.dir/src.cxx.o -MF CMakeFiles/cmTC_81581.dir/src.cxx.o.d -o CMakeFiles/cmTC_81581.dir/src.cxx.o -c /home/ubuntu2204/mujoco_develop/excavator_simulator_mujoco/build/CMakeFiles/CMakeTmp/src.cxx
Linking CXX executable cmTC_81581
/usr/bin/cmake -E cmake_link_script CMakeFiles/cmTC_81581.dir/link.txt --verbose=1
/usr/bin/clang++   -Wall  -Wextra  -Wshadow  -Wfloat-equal  -Werror  -Wsuggest-override  -pedantic  -pedantic-errors  -Wshorten-64-to-32  -fstrict-aliasing  -Wno-deprecated-declarations  -Wno-deprecated  -Wstrict-aliasing  -Wthread-safety CMakeFiles/cmTC_81581.dir/src.cxx.o -o cmTC_81581 
gmake[1]: Leaving directory '/home/ubuntu2204/mujoco_develop/excavator_simulator_mujoco/build/CMakeFiles/CMakeTmp'


Source file was:
int main() { return 0; }
Performing C++ SOURCE FILE Test HAVE_CXX_FLAG_COVERAGE succeeded with the following output:
Change Dir: /home/ubuntu2204/mujoco_develop/excavator_simulator_mujoco/build/CMakeFiles/CMakeTmp

Run Build Command(s):/usr/bin/gmake -f Makefile cmTC_23978/fast && /usr/bin/gmake  -f CMakeFiles/cmTC_23978.dir/build.make CMakeFiles/cmTC_23978.dir/build
gmake[1]: Entering directory '/home/ubuntu2204/mujoco_develop/excavator_simulator_mujoco/build/CMakeFiles/CMakeTmp'
Building CXX object CMakeFiles/cmTC_23978.dir/src.cxx.o
/usr/bin/clang++ -DHAVE_CXX_FLAG_COVERAGE  -Wall  -Wextra  -Wshadow  -Wfloat-equal  -Werror  -Wsuggest-override  -pedantic  -pedantic-errors  -Wshorten-64-to-32  -fstrict-aliasing  -Wno-deprecated-declarations  -Wno-deprecated  -Wstrict-aliasing  -Wthread-safety  --coverage -fPIE   --coverage -std=c++11 -MD -MT CMakeFiles/cmTC_23978.dir/src.cxx.o -MF CMakeFiles/cmTC_23978.dir/src.cxx.o.d -o CMakeFiles/cmTC_23978.dir/src.cxx.o -c /home/ubuntu2204/mujoco_develop/excavator_simulator_mujoco/build/CMakeFiles/CMakeTmp/src.cxx
Linking CXX executable cmTC_23978
/usr/bin/cmake -E cmake_link_script CMakeFiles/cmTC_23978.dir/link.txt --verbose=1
/usr/bin/clang++   -Wall  -Wextra  -Wshadow  -Wfloat-equal  -Werror  -Wsuggest-override  -pedantic  -pedantic-errors  -Wshorten-64-to-32  -fstrict-aliasing  -Wno-deprecated-declarations  -Wno-deprecated  -Wstrict-aliasing  -Wthread-safety  --coverage CMakeFiles/cmTC_23978.dir/src.cxx.o -o cmTC_23978 
gmake[1]: Leaving directory '/home/ubuntu2204/mujoco_develop/excavator_simulator_mujoco/build/CMakeFiles/CMakeTmp'


Source file was:
int main() { return 0; }
Determining if the function XOpenDisplay exists in the /usr/lib/x86_64-linux-gnu/libX11.so;/usr/lib/x86_64-linux-gnu/libXext.so passed with the following output:
Change Dir: /home/ubuntu2204/mujoco_develop/excavator_simulator_mujoco/build/CMakeFiles/CMakeTmp

Run Build Command(s):/usr/bin/gmake -f Makefile cmTC_1a4b5/fast && /usr/bin/gmake  -f CMakeFiles/cmTC_1a4b5.dir/build.make CMakeFiles/cmTC_1a4b5.dir/build
gmake[1]: Entering directory '/home/ubuntu2204/mujoco_develop/excavator_simulator_mujoco/build/CMakeFiles/CMakeTmp'
Building C object CMakeFiles/cmTC_1a4b5.dir/CheckFunctionExists.c.o
/usr/bin/clang   -DCHECK_FUNCTION_EXISTS=XOpenDisplay -fPIE -std=c11 -MD -MT CMakeFiles/cmTC_1a4b5.dir/CheckFunctionExists.c.o -MF CMakeFiles/cmTC_1a4b5.dir/CheckFunctionExists.c.o.d -o CMakeFiles/cmTC_1a4b5.dir/CheckFunctionExists.c.o -c /usr/share/cmake-3.22/Modules/CheckFunctionExists.c
Linking C executable cmTC_1a4b5
/usr/bin/cmake -E cmake_link_script CMakeFiles/cmTC_1a4b5.dir/link.txt --verbose=1
/usr/bin/clang  -DCHECK_FUNCTION_EXISTS=XOpenDisplay CMakeFiles/cmTC_1a4b5.dir/CheckFunctionExists.c.o -o cmTC_1a4b5  /usr/lib/x86_64-linux-gnu/libX11.so /usr/lib/x86_64-linux-gnu/libXext.so 
gmake[1]: Leaving directory '/home/ubuntu2204/mujoco_develop/excavator_simulator_mujoco/build/CMakeFiles/CMakeTmp'



Determining if the function gethostbyname exists passed with the following output:
Change Dir: /home/ubuntu2204/mujoco_develop/excavator_simulator_mujoco/build/CMakeFiles/CMakeTmp

Run Build Command(s):/usr/bin/gmake -f Makefile cmTC_ff9a5/fast && /usr/bin/gmake  -f CMakeFiles/cmTC_ff9a5.dir/build.make CMakeFiles/cmTC_ff9a5.dir/build
gmake[1]: Entering directory '/home/ubuntu2204/mujoco_develop/excavator_simulator_mujoco/build/CMakeFiles/CMakeTmp'
Building C object CMakeFiles/cmTC_ff9a5.dir/CheckFunctionExists.c.o
/usr/bin/clang   -DCHECK_FUNCTION_EXISTS=gethostbyname -fPIE -std=c11 -MD -MT CMakeFiles/cmTC_ff9a5.dir/CheckFunctionExists.c.o -MF CMakeFiles/cmTC_ff9a5.dir/CheckFunctionExists.c.o.d -o CMakeFiles/cmTC_ff9a5.dir/CheckFunctionExists.c.o -c /usr/share/cmake-3.22/Modules/CheckFunctionExists.c
Linking C executable cmTC_ff9a5
/usr/bin/cmake -E cmake_link_script CMakeFiles/cmTC_ff9a5.dir/link.txt --verbose=1
/usr/bin/clang  -DCHECK_FUNCTION_EXISTS=gethostbyname CMakeFiles/cmTC_ff9a5.dir/CheckFunctionExists.c.o -o cmTC_ff9a5 
gmake[1]: Leaving directory '/home/ubuntu2204/mujoco_develop/excavator_simulator_mujoco/build/CMakeFiles/CMakeTmp'



Determining if the function connect exists passed with the following output:
Change Dir: /home/ubuntu2204/mujoco_develop/excavator_simulator_mujoco/build/CMakeFiles/CMakeTmp

Run Build Command(s):/usr/bin/gmake -f Makefile cmTC_40cf9/fast && /usr/bin/gmake  -f CMakeFiles/cmTC_40cf9.dir/build.make CMakeFiles/cmTC_40cf9.dir/build
gmake[1]: Entering directory '/home/ubuntu2204/mujoco_develop/excavator_simulator_mujoco/build/CMakeFiles/CMakeTmp'
Building C object CMakeFiles/cmTC_40cf9.dir/CheckFunctionExists.c.o
/usr/bin/clang   -DCHECK_FUNCTION_EXISTS=connect -fPIE -std=c11 -MD -MT CMakeFiles/cmTC_40cf9.dir/CheckFunctionExists.c.o -MF CMakeFiles/cmTC_40cf9.dir/CheckFunctionExists.c.o.d -o CMakeFiles/cmTC_40cf9.dir/CheckFunctionExists.c.o -c /usr/share/cmake-3.22/Modules/CheckFunctionExists.c
Linking C executable cmTC_40cf9
/usr/bin/cmake -E cmake_link_script CMakeFiles/cmTC_40cf9.dir/link.txt --verbose=1
/usr/bin/clang  -DCHECK_FUNCTION_EXISTS=connect CMakeFiles/cmTC_40cf9.dir/CheckFunctionExists.c.o -o cmTC_40cf9 
gmake[1]: Leaving directory '/home/ubuntu2204/mujoco_develop/excavator_simulator_mujoco/build/CMakeFiles/CMakeTmp'



Determining if the function remove exists passed with the following output:
Change Dir: /home/ubuntu2204/mujoco_develop/excavator_simulator_mujoco/build/CMakeFiles/CMakeTmp

Run Build Command(s):/usr/bin/gmake -f Makefile cmTC_6f484/fast && /usr/bin/gmake  -f CMakeFiles/cmTC_6f484.dir/build.make CMakeFiles/cmTC_6f484.dir/build
gmake[1]: Entering directory '/home/ubuntu2204/mujoco_develop/excavator_simulator_mujoco/build/CMakeFiles/CMakeTmp'
Building C object CMakeFiles/cmTC_6f484.dir/CheckFunctionExists.c.o
/usr/bin/clang   -DCHECK_FUNCTION_EXISTS=remove -fPIE -std=c11 -MD -MT CMakeFiles/cmTC_6f484.dir/CheckFunctionExists.c.o -MF CMakeFiles/cmTC_6f484.dir/CheckFunctionExists.c.o.d -o CMakeFiles/cmTC_6f484.dir/CheckFunctionExists.c.o -c /usr/share/cmake-3.22/Modules/CheckFunctionExists.c
Linking C executable cmTC_6f484
/usr/bin/cmake -E cmake_link_script CMakeFiles/cmTC_6f484.dir/link.txt --verbose=1
/usr/bin/clang  -DCHECK_FUNCTION_EXISTS=remove CMakeFiles/cmTC_6f484.dir/CheckFunctionExists.c.o -o cmTC_6f484 
gmake[1]: Leaving directory '/home/ubuntu2204/mujoco_develop/excavator_simulator_mujoco/build/CMakeFiles/CMakeTmp'



Determining if the function shmat exists passed with the following output:
Change Dir: /home/ubuntu2204/mujoco_develop/excavator_simulator_mujoco/build/CMakeFiles/CMakeTmp

Run Build Command(s):/usr/bin/gmake -f Makefile cmTC_130a1/fast && /usr/bin/gmake  -f CMakeFiles/cmTC_130a1.dir/build.make CMakeFiles/cmTC_130a1.dir/build
gmake[1]: Entering directory '/home/ubuntu2204/mujoco_develop/excavator_simulator_mujoco/build/CMakeFiles/CMakeTmp'
Building C object CMakeFiles/cmTC_130a1.dir/CheckFunctionExists.c.o
/usr/bin/clang   -DCHECK_FUNCTION_EXISTS=shmat -fPIE -std=c11 -MD -MT CMakeFiles/cmTC_130a1.dir/CheckFunctionExists.c.o -MF CMakeFiles/cmTC_130a1.dir/CheckFunctionExists.c.o.d -o CMakeFiles/cmTC_130a1.dir/CheckFunctionExists.c.o -c /usr/share/cmake-3.22/Modules/CheckFunctionExists.c
Linking C executable cmTC_130a1
/usr/bin/cmake -E cmake_link_script CMakeFiles/cmTC_130a1.dir/link.txt --verbose=1
/usr/bin/clang  -DCHECK_FUNCTION_EXISTS=shmat CMakeFiles/cmTC_130a1.dir/CheckFunctionExists.c.o -o cmTC_130a1 
gmake[1]: Leaving directory '/home/ubuntu2204/mujoco_develop/excavator_simulator_mujoco/build/CMakeFiles/CMakeTmp'



Determining if the function IceConnectionNumber exists in the ICE passed with the following output:
Change Dir: /home/ubuntu2204/mujoco_develop/excavator_simulator_mujoco/build/CMakeFiles/CMakeTmp

Run Build Command(s):/usr/bin/gmake -f Makefile cmTC_97690/fast && /usr/bin/gmake  -f CMakeFiles/cmTC_97690.dir/build.make CMakeFiles/cmTC_97690.dir/build
gmake[1]: Entering directory '/home/ubuntu2204/mujoco_develop/excavator_simulator_mujoco/build/CMakeFiles/CMakeTmp'
Building C object CMakeFiles/cmTC_97690.dir/CheckFunctionExists.c.o
/usr/bin/clang   -DCHECK_FUNCTION_EXISTS=IceConnectionNumber -fPIE -std=c11 -MD -MT CMakeFiles/cmTC_97690.dir/CheckFunctionExists.c.o -MF CMakeFiles/cmTC_97690.dir/CheckFunctionExists.c.o.d -o CMakeFiles/cmTC_97690.dir/CheckFunctionExists.c.o -c /usr/share/cmake-3.22/Modules/CheckFunctionExists.c
Linking C executable cmTC_97690
/usr/bin/cmake -E cmake_link_script CMakeFiles/cmTC_97690.dir/link.txt --verbose=1
/usr/bin/clang  -DCHECK_FUNCTION_EXISTS=IceConnectionNumber CMakeFiles/cmTC_97690.dir/CheckFunctionExists.c.o -o cmTC_97690  -lICE 
gmake[1]: Leaving directory '/home/ubuntu2204/mujoco_develop/excavator_simulator_mujoco/build/CMakeFiles/CMakeTmp'



