[0.199s] DEBUG:colcon:Command line arguments: ['/usr/bin/colcon', 'build', '--packages-select', 'excavator_simulate_ros2']
[0.199s] DEBUG:colcon:Parsed command line arguments: Namespace(log_base=None, log_level=None, verb_name='build', build_base='build', install_base='install', merge_install=False, symlink_install=False, test_result_base=None, continue_on_error=False, executor='parallel', parallel_workers=12, event_handlers=None, ignore_user_meta=False, metas=['./colcon.meta'], base_paths=['.'], packages_ignore=None, packages_ignore_regex=None, paths=None, packages_up_to=None, packages_up_to_regex=None, packages_above=None, packages_above_and_dependencies=None, packages_above_depth=None, packages_select_by_dep=None, packages_skip_by_dep=None, packages_skip_up_to=None, packages_select_build_failed=False, packages_skip_build_finished=False, packages_select_test_failures=False, packages_skip_test_passed=False, packages_select=['excavator_simulate_ros2'], packages_skip=None, packages_select_regex=None, packages_skip_regex=None, packages_start=None, packages_end=None, allow_overriding=[], cmake_args=None, cmake_target=None, cmake_target_skip_unavailable=False, cmake_clean_cache=False, cmake_clean_first=False, cmake_force_configure=False, ament_cmake_args=None, catkin_cmake_args=None, catkin_skip_building_tests=False, verb_parser=<colcon_defaults.argument_parser.defaults.DefaultArgumentsDecorator object at 0x73bf9b75fc40>, verb_extension=<colcon_core.verb.build.BuildVerb object at 0x73bf9b75f700>, main=<bound method BuildVerb.main of <colcon_core.verb.build.BuildVerb object at 0x73bf9b75f700>>)
[0.319s] Level 1:colcon.colcon_core.package_discovery:discover_packages(colcon_meta) check parameters
[0.319s] Level 1:colcon.colcon_core.package_discovery:discover_packages(recursive) check parameters
[0.319s] Level 1:colcon.colcon_core.package_discovery:discover_packages(ignore) check parameters
[0.319s] Level 1:colcon.colcon_core.package_discovery:discover_packages(path) check parameters
[0.319s] Level 1:colcon.colcon_core.package_discovery:discover_packages(colcon_meta) discover
[0.319s] Level 1:colcon.colcon_core.package_discovery:discover_packages(recursive) discover
[0.319s] INFO:colcon.colcon_core.package_discovery:Crawling recursively for packages in '/home/ubuntu2204/mujoco_develop/excavator_ros2_ws'
[0.319s] Level 1:colcon.colcon_core.package_identification:_identify(.) by extensions ['ignore', 'ignore_ament_install']
[0.319s] Level 1:colcon.colcon_core.package_identification:_identify(.) by extension 'ignore'
[0.319s] Level 1:colcon.colcon_core.package_identification:_identify(.) by extension 'ignore_ament_install'
[0.319s] Level 1:colcon.colcon_core.package_identification:_identify(.) by extensions ['colcon_pkg']
[0.319s] Level 1:colcon.colcon_core.package_identification:_identify(.) by extension 'colcon_pkg'
[0.319s] Level 1:colcon.colcon_core.package_identification:_identify(.) by extensions ['colcon_meta']
[0.320s] Level 1:colcon.colcon_core.package_identification:_identify(.) by extension 'colcon_meta'
[0.320s] Level 1:colcon.colcon_core.package_identification:_identify(.) by extensions ['ros']
[0.320s] Level 1:colcon.colcon_core.package_identification:_identify(.) by extension 'ros'
[0.327s] Level 1:colcon.colcon_core.package_identification:_identify(.) by extensions ['cmake', 'python']
[0.327s] Level 1:colcon.colcon_core.package_identification:_identify(.) by extension 'cmake'
[0.327s] Level 1:colcon.colcon_core.package_identification:_identify(.) by extension 'python'
[0.327s] Level 1:colcon.colcon_core.package_identification:_identify(.) by extensions ['python_setup_py']
[0.327s] Level 1:colcon.colcon_core.package_identification:_identify(.) by extension 'python_setup_py'
[0.327s] Level 1:colcon.colcon_core.package_identification:_identify(build) by extensions ['ignore', 'ignore_ament_install']
[0.327s] Level 1:colcon.colcon_core.package_identification:_identify(build) by extension 'ignore'
[0.327s] Level 1:colcon.colcon_core.package_identification:_identify(build) ignored
[0.327s] Level 1:colcon.colcon_core.package_identification:_identify(install) by extensions ['ignore', 'ignore_ament_install']
[0.328s] Level 1:colcon.colcon_core.package_identification:_identify(install) by extension 'ignore'
[0.328s] Level 1:colcon.colcon_core.package_identification:_identify(install) ignored
[0.328s] Level 1:colcon.colcon_core.package_identification:_identify(log) by extensions ['ignore', 'ignore_ament_install']
[0.328s] Level 1:colcon.colcon_core.package_identification:_identify(log) by extension 'ignore'
[0.328s] Level 1:colcon.colcon_core.package_identification:_identify(log) ignored
[0.328s] Level 1:colcon.colcon_core.package_identification:_identify(src) by extensions ['ignore', 'ignore_ament_install']
[0.328s] Level 1:colcon.colcon_core.package_identification:_identify(src) by extension 'ignore'
[0.328s] Level 1:colcon.colcon_core.package_identification:_identify(src) by extension 'ignore_ament_install'
[0.328s] Level 1:colcon.colcon_core.package_identification:_identify(src) by extensions ['colcon_pkg']
[0.328s] Level 1:colcon.colcon_core.package_identification:_identify(src) by extension 'colcon_pkg'
[0.328s] Level 1:colcon.colcon_core.package_identification:_identify(src) by extensions ['colcon_meta']
[0.328s] Level 1:colcon.colcon_core.package_identification:_identify(src) by extension 'colcon_meta'
[0.328s] Level 1:colcon.colcon_core.package_identification:_identify(src) by extensions ['ros']
[0.328s] Level 1:colcon.colcon_core.package_identification:_identify(src) by extension 'ros'
[0.328s] Level 1:colcon.colcon_core.package_identification:_identify(src) by extensions ['cmake', 'python']
[0.328s] Level 1:colcon.colcon_core.package_identification:_identify(src) by extension 'cmake'
[0.328s] Level 1:colcon.colcon_core.package_identification:_identify(src) by extension 'python'
[0.328s] Level 1:colcon.colcon_core.package_identification:_identify(src) by extensions ['python_setup_py']
[0.328s] Level 1:colcon.colcon_core.package_identification:_identify(src) by extension 'python_setup_py'
[0.328s] Level 1:colcon.colcon_core.package_identification:_identify(src/excavator_auto_dig) by extensions ['ignore', 'ignore_ament_install']
[0.328s] Level 1:colcon.colcon_core.package_identification:_identify(src/excavator_auto_dig) by extension 'ignore'
[0.328s] Level 1:colcon.colcon_core.package_identification:_identify(src/excavator_auto_dig) by extension 'ignore_ament_install'
[0.328s] Level 1:colcon.colcon_core.package_identification:_identify(src/excavator_auto_dig) by extensions ['colcon_pkg']
[0.328s] Level 1:colcon.colcon_core.package_identification:_identify(src/excavator_auto_dig) by extension 'colcon_pkg'
[0.328s] Level 1:colcon.colcon_core.package_identification:_identify(src/excavator_auto_dig) by extensions ['colcon_meta']
[0.328s] Level 1:colcon.colcon_core.package_identification:_identify(src/excavator_auto_dig) by extension 'colcon_meta'
[0.328s] Level 1:colcon.colcon_core.package_identification:_identify(src/excavator_auto_dig) by extensions ['ros']
[0.328s] Level 1:colcon.colcon_core.package_identification:_identify(src/excavator_auto_dig) by extension 'ros'
[0.330s] DEBUG:colcon.colcon_core.package_identification:Package 'src/excavator_auto_dig' with type 'ros.ament_cmake' and name 'excavator_auto_dig'
[0.330s] Level 1:colcon.colcon_core.package_identification:_identify(src/excavator_ros2_bridge) by extensions ['ignore', 'ignore_ament_install']
[0.330s] Level 1:colcon.colcon_core.package_identification:_identify(src/excavator_ros2_bridge) by extension 'ignore'
[0.330s] Level 1:colcon.colcon_core.package_identification:_identify(src/excavator_ros2_bridge) by extension 'ignore_ament_install'
[0.330s] Level 1:colcon.colcon_core.package_identification:_identify(src/excavator_ros2_bridge) by extensions ['colcon_pkg']
[0.330s] Level 1:colcon.colcon_core.package_identification:_identify(src/excavator_ros2_bridge) by extension 'colcon_pkg'
[0.330s] Level 1:colcon.colcon_core.package_identification:_identify(src/excavator_ros2_bridge) by extensions ['colcon_meta']
[0.330s] Level 1:colcon.colcon_core.package_identification:_identify(src/excavator_ros2_bridge) by extension 'colcon_meta'
[0.330s] Level 1:colcon.colcon_core.package_identification:_identify(src/excavator_ros2_bridge) by extensions ['ros']
[0.330s] Level 1:colcon.colcon_core.package_identification:_identify(src/excavator_ros2_bridge) by extension 'ros'
[0.331s] DEBUG:colcon.colcon_core.package_identification:Package 'src/excavator_ros2_bridge' with type 'ros.ament_cmake' and name 'excavator_ros2_bridge'
[0.331s] Level 1:colcon.colcon_core.package_identification:_identify(src/excavator_simulate_ros2) by extensions ['ignore', 'ignore_ament_install']
[0.332s] Level 1:colcon.colcon_core.package_identification:_identify(src/excavator_simulate_ros2) by extension 'ignore'
[0.332s] Level 1:colcon.colcon_core.package_identification:_identify(src/excavator_simulate_ros2) by extension 'ignore_ament_install'
[0.332s] Level 1:colcon.colcon_core.package_identification:_identify(src/excavator_simulate_ros2) by extensions ['colcon_pkg']
[0.332s] Level 1:colcon.colcon_core.package_identification:_identify(src/excavator_simulate_ros2) by extension 'colcon_pkg'
[0.332s] Level 1:colcon.colcon_core.package_identification:_identify(src/excavator_simulate_ros2) by extensions ['colcon_meta']
[0.332s] Level 1:colcon.colcon_core.package_identification:_identify(src/excavator_simulate_ros2) by extension 'colcon_meta'
[0.332s] Level 1:colcon.colcon_core.package_identification:_identify(src/excavator_simulate_ros2) by extensions ['ros']
[0.332s] Level 1:colcon.colcon_core.package_identification:_identify(src/excavator_simulate_ros2) by extension 'ros'
[0.332s] DEBUG:colcon.colcon_core.package_identification:Package 'src/excavator_simulate_ros2' with type 'ros.ament_cmake' and name 'excavator_simulate_ros2'
[0.332s] Level 1:colcon.colcon_core.package_identification:_identify(src/excavator_viewer) by extensions ['ignore', 'ignore_ament_install']
[0.332s] Level 1:colcon.colcon_core.package_identification:_identify(src/excavator_viewer) by extension 'ignore'
[0.332s] Level 1:colcon.colcon_core.package_identification:_identify(src/excavator_viewer) by extension 'ignore_ament_install'
[0.332s] Level 1:colcon.colcon_core.package_identification:_identify(src/excavator_viewer) by extensions ['colcon_pkg']
[0.332s] Level 1:colcon.colcon_core.package_identification:_identify(src/excavator_viewer) by extension 'colcon_pkg'
[0.332s] Level 1:colcon.colcon_core.package_identification:_identify(src/excavator_viewer) by extensions ['colcon_meta']
[0.332s] Level 1:colcon.colcon_core.package_identification:_identify(src/excavator_viewer) by extension 'colcon_meta'
[0.332s] Level 1:colcon.colcon_core.package_identification:_identify(src/excavator_viewer) by extensions ['ros']
[0.332s] Level 1:colcon.colcon_core.package_identification:_identify(src/excavator_viewer) by extension 'ros'
[0.333s] DEBUG:colcon.colcon_core.package_identification:Package 'src/excavator_viewer' with type 'ros.ament_cmake' and name 'excavator_viewer'
[0.333s] Level 1:colcon.colcon_core.package_discovery:discover_packages(recursive) using defaults
[0.333s] Level 1:colcon.colcon_core.package_discovery:discover_packages(ignore) discover
[0.333s] Level 1:colcon.colcon_core.package_discovery:discover_packages(ignore) using defaults
[0.333s] Level 1:colcon.colcon_core.package_discovery:discover_packages(path) discover
[0.333s] Level 1:colcon.colcon_core.package_discovery:discover_packages(path) using defaults
[0.355s] INFO:colcon.colcon_core.package_selection:Skipping not selected package 'excavator_auto_dig' in 'src/excavator_auto_dig'
[0.355s] INFO:colcon.colcon_core.package_selection:Skipping not selected package 'excavator_ros2_bridge' in 'src/excavator_ros2_bridge'
[0.355s] INFO:colcon.colcon_core.package_selection:Skipping not selected package 'excavator_viewer' in 'src/excavator_viewer'
[0.355s] Level 1:colcon.colcon_core.package_discovery:discover_packages(prefix_path) check parameters
[0.355s] Level 1:colcon.colcon_core.package_discovery:discover_packages(prefix_path) discover
[0.357s] DEBUG:colcon.colcon_installed_package_information.package_discovery:Found 21 installed packages in /home/ubuntu2204/wslearning/install
[0.358s] DEBUG:colcon.colcon_installed_package_information.package_discovery:Found 468 installed packages in /opt/ros/humble
[0.360s] Level 1:colcon.colcon_core.package_discovery:discover_packages(prefix_path) using defaults
[0.395s] Level 5:colcon.colcon_core.verb:set package 'excavator_simulate_ros2' build argument 'cmake_args' from command line to 'None'
[0.395s] Level 5:colcon.colcon_core.verb:set package 'excavator_simulate_ros2' build argument 'cmake_target' from command line to 'None'
[0.395s] Level 5:colcon.colcon_core.verb:set package 'excavator_simulate_ros2' build argument 'cmake_target_skip_unavailable' from command line to 'False'
[0.395s] Level 5:colcon.colcon_core.verb:set package 'excavator_simulate_ros2' build argument 'cmake_clean_cache' from command line to 'False'
[0.395s] Level 5:colcon.colcon_core.verb:set package 'excavator_simulate_ros2' build argument 'cmake_clean_first' from command line to 'False'
[0.395s] Level 5:colcon.colcon_core.verb:set package 'excavator_simulate_ros2' build argument 'cmake_force_configure' from command line to 'False'
[0.395s] Level 5:colcon.colcon_core.verb:set package 'excavator_simulate_ros2' build argument 'ament_cmake_args' from command line to 'None'
[0.395s] Level 5:colcon.colcon_core.verb:set package 'excavator_simulate_ros2' build argument 'catkin_cmake_args' from command line to 'None'
[0.395s] Level 5:colcon.colcon_core.verb:set package 'excavator_simulate_ros2' build argument 'catkin_skip_building_tests' from command line to 'False'
[0.395s] DEBUG:colcon.colcon_core.verb:Building package 'excavator_simulate_ros2' with the following arguments: {'ament_cmake_args': None, 'build_base': '/home/ubuntu2204/mujoco_develop/excavator_ros2_ws/build/excavator_simulate_ros2', 'catkin_cmake_args': None, 'catkin_skip_building_tests': False, 'cmake_args': None, 'cmake_clean_cache': False, 'cmake_clean_first': False, 'cmake_force_configure': False, 'cmake_target': None, 'cmake_target_skip_unavailable': False, 'install_base': '/home/ubuntu2204/mujoco_develop/excavator_ros2_ws/install/excavator_simulate_ros2', 'merge_install': False, 'path': '/home/ubuntu2204/mujoco_develop/excavator_ros2_ws/src/excavator_simulate_ros2', 'symlink_install': False, 'test_result_base': None}
[0.395s] INFO:colcon.colcon_core.executor:Executing jobs using 'parallel' executor
[0.396s] DEBUG:colcon.colcon_parallel_executor.executor.parallel:run_until_complete
[0.396s] INFO:colcon.colcon_ros.task.ament_cmake.build:Building ROS package in '/home/ubuntu2204/mujoco_develop/excavator_ros2_ws/src/excavator_simulate_ros2' with build type 'ament_cmake'
[0.396s] INFO:colcon.colcon_cmake.task.cmake.build:Building CMake package in '/home/ubuntu2204/mujoco_develop/excavator_ros2_ws/src/excavator_simulate_ros2'
[0.398s] INFO:colcon.colcon_core.plugin_system:Skipping extension 'colcon_core.shell.bat': Not used on non-Windows systems
[0.398s] INFO:colcon.colcon_core.shell:Skip shell extension 'powershell' for command environment: Not usable outside of PowerShell
[0.398s] DEBUG:colcon.colcon_core.shell:Skip shell extension 'dsv' for command environment
[0.404s] DEBUG:colcon.colcon_core.event_handler.log_command:Invoking command in '/home/ubuntu2204/mujoco_develop/excavator_ros2_ws/build/excavator_simulate_ros2': CMAKE_PREFIX_PATH=${CMAKE_PREFIX_PATH}:/home/ubuntu2204/wslearning/install/learning_urdf:/home/ubuntu2204/wslearning/install/learning_topic:/home/ubuntu2204/wslearning/install/learning_tf:/home/ubuntu2204/wslearning/install/learning_service:/home/ubuntu2204/wslearning/install/learning_qos:/home/ubuntu2204/wslearning/install/learning_pkg_python:/home/ubuntu2204/wslearning/install/learning_parameter:/home/ubuntu2204/wslearning/install/learning_node:/home/ubuntu2204/wslearning/install/learning_launch:/home/ubuntu2204/wslearning/install/learning_action:/home/ubuntu2204/wslearning/install/learning_gazebo_harmonic:/home/ubuntu2204/wslearning/install/learning_gazebo:/home/ubuntu2204/wslearning/install/learning_cv:/opt/ros/humble /usr/bin/cmake /home/ubuntu2204/mujoco_develop/excavator_ros2_ws/src/excavator_simulate_ros2 -DCMAKE_INSTALL_PREFIX=/home/ubuntu2204/mujoco_develop/excavator_ros2_ws/install/excavator_simulate_ros2
[11.430s] DEBUG:colcon.colcon_core.event_handler.log_command:Invoked command in '/home/ubuntu2204/mujoco_develop/excavator_ros2_ws/build/excavator_simulate_ros2' returned '0': CMAKE_PREFIX_PATH=${CMAKE_PREFIX_PATH}:/home/ubuntu2204/wslearning/install/learning_urdf:/home/ubuntu2204/wslearning/install/learning_topic:/home/ubuntu2204/wslearning/install/learning_tf:/home/ubuntu2204/wslearning/install/learning_service:/home/ubuntu2204/wslearning/install/learning_qos:/home/ubuntu2204/wslearning/install/learning_pkg_python:/home/ubuntu2204/wslearning/install/learning_parameter:/home/ubuntu2204/wslearning/install/learning_node:/home/ubuntu2204/wslearning/install/learning_launch:/home/ubuntu2204/wslearning/install/learning_action:/home/ubuntu2204/wslearning/install/learning_gazebo_harmonic:/home/ubuntu2204/wslearning/install/learning_gazebo:/home/ubuntu2204/wslearning/install/learning_cv:/opt/ros/humble /usr/bin/cmake /home/ubuntu2204/mujoco_develop/excavator_ros2_ws/src/excavator_simulate_ros2 -DCMAKE_INSTALL_PREFIX=/home/ubuntu2204/mujoco_develop/excavator_ros2_ws/install/excavator_simulate_ros2
[11.431s] DEBUG:colcon.colcon_core.event_handler.log_command:Invoking command in '/home/ubuntu2204/mujoco_develop/excavator_ros2_ws/build/excavator_simulate_ros2': CMAKE_PREFIX_PATH=${CMAKE_PREFIX_PATH}:/home/ubuntu2204/wslearning/install/learning_urdf:/home/ubuntu2204/wslearning/install/learning_topic:/home/ubuntu2204/wslearning/install/learning_tf:/home/ubuntu2204/wslearning/install/learning_service:/home/ubuntu2204/wslearning/install/learning_qos:/home/ubuntu2204/wslearning/install/learning_pkg_python:/home/ubuntu2204/wslearning/install/learning_parameter:/home/ubuntu2204/wslearning/install/learning_node:/home/ubuntu2204/wslearning/install/learning_launch:/home/ubuntu2204/wslearning/install/learning_action:/home/ubuntu2204/wslearning/install/learning_gazebo_harmonic:/home/ubuntu2204/wslearning/install/learning_gazebo:/home/ubuntu2204/wslearning/install/learning_cv:/opt/ros/humble /usr/bin/cmake --build /home/ubuntu2204/mujoco_develop/excavator_ros2_ws/build/excavator_simulate_ros2 -- -j12 -l12
[19.627s] DEBUG:colcon.colcon_core.event_handler.log_command:Invoked command in '/home/ubuntu2204/mujoco_develop/excavator_ros2_ws/build/excavator_simulate_ros2' returned '0': CMAKE_PREFIX_PATH=${CMAKE_PREFIX_PATH}:/home/ubuntu2204/wslearning/install/learning_urdf:/home/ubuntu2204/wslearning/install/learning_topic:/home/ubuntu2204/wslearning/install/learning_tf:/home/ubuntu2204/wslearning/install/learning_service:/home/ubuntu2204/wslearning/install/learning_qos:/home/ubuntu2204/wslearning/install/learning_pkg_python:/home/ubuntu2204/wslearning/install/learning_parameter:/home/ubuntu2204/wslearning/install/learning_node:/home/ubuntu2204/wslearning/install/learning_launch:/home/ubuntu2204/wslearning/install/learning_action:/home/ubuntu2204/wslearning/install/learning_gazebo_harmonic:/home/ubuntu2204/wslearning/install/learning_gazebo:/home/ubuntu2204/wslearning/install/learning_cv:/opt/ros/humble /usr/bin/cmake --build /home/ubuntu2204/mujoco_develop/excavator_ros2_ws/build/excavator_simulate_ros2 -- -j12 -l12
[19.638s] DEBUG:colcon.colcon_core.event_handler.log_command:Invoking command in '/home/ubuntu2204/mujoco_develop/excavator_ros2_ws/build/excavator_simulate_ros2': CMAKE_PREFIX_PATH=${CMAKE_PREFIX_PATH}:/home/ubuntu2204/wslearning/install/learning_urdf:/home/ubuntu2204/wslearning/install/learning_topic:/home/ubuntu2204/wslearning/install/learning_tf:/home/ubuntu2204/wslearning/install/learning_service:/home/ubuntu2204/wslearning/install/learning_qos:/home/ubuntu2204/wslearning/install/learning_pkg_python:/home/ubuntu2204/wslearning/install/learning_parameter:/home/ubuntu2204/wslearning/install/learning_node:/home/ubuntu2204/wslearning/install/learning_launch:/home/ubuntu2204/wslearning/install/learning_action:/home/ubuntu2204/wslearning/install/learning_gazebo_harmonic:/home/ubuntu2204/wslearning/install/learning_gazebo:/home/ubuntu2204/wslearning/install/learning_cv:/opt/ros/humble /usr/bin/cmake --install /home/ubuntu2204/mujoco_develop/excavator_ros2_ws/build/excavator_simulate_ros2
[19.651s] Level 1:colcon.colcon_core.environment:create_environment_scripts_only(excavator_simulate_ros2)
[19.652s] DEBUG:colcon.colcon_core.event_handler.log_command:Invoked command in '/home/ubuntu2204/mujoco_develop/excavator_ros2_ws/build/excavator_simulate_ros2' returned '0': CMAKE_PREFIX_PATH=${CMAKE_PREFIX_PATH}:/home/ubuntu2204/wslearning/install/learning_urdf:/home/ubuntu2204/wslearning/install/learning_topic:/home/ubuntu2204/wslearning/install/learning_tf:/home/ubuntu2204/wslearning/install/learning_service:/home/ubuntu2204/wslearning/install/learning_qos:/home/ubuntu2204/wslearning/install/learning_pkg_python:/home/ubuntu2204/wslearning/install/learning_parameter:/home/ubuntu2204/wslearning/install/learning_node:/home/ubuntu2204/wslearning/install/learning_launch:/home/ubuntu2204/wslearning/install/learning_action:/home/ubuntu2204/wslearning/install/learning_gazebo_harmonic:/home/ubuntu2204/wslearning/install/learning_gazebo:/home/ubuntu2204/wslearning/install/learning_cv:/opt/ros/humble /usr/bin/cmake --install /home/ubuntu2204/mujoco_develop/excavator_ros2_ws/build/excavator_simulate_ros2
[19.654s] Level 1:colcon.colcon_core.environment:checking '/home/ubuntu2204/mujoco_develop/excavator_ros2_ws/install/excavator_simulate_ros2' for CMake module files
[19.654s] Level 1:colcon.colcon_core.environment:checking '/home/ubuntu2204/mujoco_develop/excavator_ros2_ws/install/excavator_simulate_ros2' for CMake config files
[19.654s] Level 1:colcon.colcon_core.shell:create_environment_hook('excavator_simulate_ros2', 'cmake_prefix_path')
[19.654s] INFO:colcon.colcon_core.shell:Creating environment hook '/home/ubuntu2204/mujoco_develop/excavator_ros2_ws/install/excavator_simulate_ros2/share/excavator_simulate_ros2/hook/cmake_prefix_path.ps1'
[19.655s] INFO:colcon.colcon_core.shell:Creating environment descriptor '/home/ubuntu2204/mujoco_develop/excavator_ros2_ws/install/excavator_simulate_ros2/share/excavator_simulate_ros2/hook/cmake_prefix_path.dsv'
[19.655s] INFO:colcon.colcon_core.shell:Creating environment hook '/home/ubuntu2204/mujoco_develop/excavator_ros2_ws/install/excavator_simulate_ros2/share/excavator_simulate_ros2/hook/cmake_prefix_path.sh'
[19.656s] Level 1:colcon.colcon_core.environment:checking '/home/ubuntu2204/mujoco_develop/excavator_ros2_ws/install/excavator_simulate_ros2/lib'
[19.656s] Level 1:colcon.colcon_core.environment:checking '/home/ubuntu2204/mujoco_develop/excavator_ros2_ws/install/excavator_simulate_ros2/bin'
[19.656s] Level 1:colcon.colcon_core.environment:checking '/home/ubuntu2204/mujoco_develop/excavator_ros2_ws/install/excavator_simulate_ros2/lib/pkgconfig/excavator_simulate_ros2.pc'
[19.656s] Level 1:colcon.colcon_core.environment:checking '/home/ubuntu2204/mujoco_develop/excavator_ros2_ws/install/excavator_simulate_ros2/lib/python3.10/site-packages'
[19.657s] Level 1:colcon.colcon_core.environment:checking '/home/ubuntu2204/mujoco_develop/excavator_ros2_ws/install/excavator_simulate_ros2/bin'
[19.657s] INFO:colcon.colcon_core.shell:Creating package script '/home/ubuntu2204/mujoco_develop/excavator_ros2_ws/install/excavator_simulate_ros2/share/excavator_simulate_ros2/package.ps1'
[19.658s] INFO:colcon.colcon_core.shell:Creating package descriptor '/home/ubuntu2204/mujoco_develop/excavator_ros2_ws/install/excavator_simulate_ros2/share/excavator_simulate_ros2/package.dsv'
[19.659s] INFO:colcon.colcon_core.shell:Creating package script '/home/ubuntu2204/mujoco_develop/excavator_ros2_ws/install/excavator_simulate_ros2/share/excavator_simulate_ros2/package.sh'
[19.659s] INFO:colcon.colcon_core.shell:Creating package script '/home/ubuntu2204/mujoco_develop/excavator_ros2_ws/install/excavator_simulate_ros2/share/excavator_simulate_ros2/package.bash'
[19.660s] INFO:colcon.colcon_core.shell:Creating package script '/home/ubuntu2204/mujoco_develop/excavator_ros2_ws/install/excavator_simulate_ros2/share/excavator_simulate_ros2/package.zsh'
[19.660s] Level 1:colcon.colcon_core.environment:create_file_with_runtime_dependencies(/home/ubuntu2204/mujoco_develop/excavator_ros2_ws/install/excavator_simulate_ros2/share/colcon-core/packages/excavator_simulate_ros2)
[19.660s] Level 1:colcon.colcon_core.environment:create_environment_scripts_only(excavator_simulate_ros2)
[19.661s] Level 1:colcon.colcon_core.environment:checking '/home/ubuntu2204/mujoco_develop/excavator_ros2_ws/install/excavator_simulate_ros2' for CMake module files
[19.661s] Level 1:colcon.colcon_core.environment:checking '/home/ubuntu2204/mujoco_develop/excavator_ros2_ws/install/excavator_simulate_ros2' for CMake config files
[19.661s] Level 1:colcon.colcon_core.shell:create_environment_hook('excavator_simulate_ros2', 'cmake_prefix_path')
[19.661s] INFO:colcon.colcon_core.shell:Creating environment hook '/home/ubuntu2204/mujoco_develop/excavator_ros2_ws/install/excavator_simulate_ros2/share/excavator_simulate_ros2/hook/cmake_prefix_path.ps1'
[19.661s] INFO:colcon.colcon_core.shell:Creating environment descriptor '/home/ubuntu2204/mujoco_develop/excavator_ros2_ws/install/excavator_simulate_ros2/share/excavator_simulate_ros2/hook/cmake_prefix_path.dsv'
[19.662s] INFO:colcon.colcon_core.shell:Creating environment hook '/home/ubuntu2204/mujoco_develop/excavator_ros2_ws/install/excavator_simulate_ros2/share/excavator_simulate_ros2/hook/cmake_prefix_path.sh'
[19.662s] Level 1:colcon.colcon_core.environment:checking '/home/ubuntu2204/mujoco_develop/excavator_ros2_ws/install/excavator_simulate_ros2/lib'
[19.662s] Level 1:colcon.colcon_core.environment:checking '/home/ubuntu2204/mujoco_develop/excavator_ros2_ws/install/excavator_simulate_ros2/bin'
[19.662s] Level 1:colcon.colcon_core.environment:checking '/home/ubuntu2204/mujoco_develop/excavator_ros2_ws/install/excavator_simulate_ros2/lib/pkgconfig/excavator_simulate_ros2.pc'
[19.662s] Level 1:colcon.colcon_core.environment:checking '/home/ubuntu2204/mujoco_develop/excavator_ros2_ws/install/excavator_simulate_ros2/lib/python3.10/site-packages'
[19.663s] Level 1:colcon.colcon_core.environment:checking '/home/ubuntu2204/mujoco_develop/excavator_ros2_ws/install/excavator_simulate_ros2/bin'
[19.663s] INFO:colcon.colcon_core.shell:Creating package script '/home/ubuntu2204/mujoco_develop/excavator_ros2_ws/install/excavator_simulate_ros2/share/excavator_simulate_ros2/package.ps1'
[19.664s] INFO:colcon.colcon_core.shell:Creating package descriptor '/home/ubuntu2204/mujoco_develop/excavator_ros2_ws/install/excavator_simulate_ros2/share/excavator_simulate_ros2/package.dsv'
[19.664s] INFO:colcon.colcon_core.shell:Creating package script '/home/ubuntu2204/mujoco_develop/excavator_ros2_ws/install/excavator_simulate_ros2/share/excavator_simulate_ros2/package.sh'
[19.665s] INFO:colcon.colcon_core.shell:Creating package script '/home/ubuntu2204/mujoco_develop/excavator_ros2_ws/install/excavator_simulate_ros2/share/excavator_simulate_ros2/package.bash'
[19.665s] INFO:colcon.colcon_core.shell:Creating package script '/home/ubuntu2204/mujoco_develop/excavator_ros2_ws/install/excavator_simulate_ros2/share/excavator_simulate_ros2/package.zsh'
[19.665s] Level 1:colcon.colcon_core.environment:create_file_with_runtime_dependencies(/home/ubuntu2204/mujoco_develop/excavator_ros2_ws/install/excavator_simulate_ros2/share/colcon-core/packages/excavator_simulate_ros2)
[19.666s] DEBUG:colcon.colcon_parallel_executor.executor.parallel:closing loop
[19.666s] DEBUG:colcon.colcon_parallel_executor.executor.parallel:loop closed
[19.666s] DEBUG:colcon.colcon_parallel_executor.executor.parallel:run_until_complete finished with '0'
[19.666s] DEBUG:colcon.colcon_core.event_reactor:joining thread
[19.746s] INFO:colcon.colcon_core.plugin_system:Skipping extension 'colcon_notification.desktop_notification.notify_send': Could not find 'notify-send'
[19.746s] INFO:colcon.colcon_core.plugin_system:Skipping extension 'colcon_notification.desktop_notification.terminal_notifier': Not used on non-Darwin systems
[19.747s] INFO:colcon.colcon_core.plugin_system:Skipping extension 'colcon_notification.desktop_notification.win32': Not used on non-Windows systems
[19.747s] INFO:colcon.colcon_notification.desktop_notification:Sending desktop notification using 'notify2'
[19.748s] DEBUG:colcon.colcon_notification.desktop_notification.notify2:Failed to initialize notify2: org.freedesktop.DBus.Error.ServiceUnknown: The name org.freedesktop.Notifications was not provided by any .service files
[19.748s] DEBUG:colcon.colcon_core.event_reactor:joined thread
[19.748s] INFO:colcon.colcon_core.shell:Creating prefix script '/home/ubuntu2204/mujoco_develop/excavator_ros2_ws/install/local_setup.ps1'
[19.749s] INFO:colcon.colcon_core.shell:Creating prefix util module '/home/ubuntu2204/mujoco_develop/excavator_ros2_ws/install/_local_setup_util_ps1.py'
[19.750s] INFO:colcon.colcon_core.shell:Creating prefix chain script '/home/ubuntu2204/mujoco_develop/excavator_ros2_ws/install/setup.ps1'
[19.751s] INFO:colcon.colcon_core.shell:Creating prefix script '/home/ubuntu2204/mujoco_develop/excavator_ros2_ws/install/local_setup.sh'
[19.751s] INFO:colcon.colcon_core.shell:Creating prefix util module '/home/ubuntu2204/mujoco_develop/excavator_ros2_ws/install/_local_setup_util_sh.py'
[19.752s] INFO:colcon.colcon_core.shell:Creating prefix chain script '/home/ubuntu2204/mujoco_develop/excavator_ros2_ws/install/setup.sh'
[19.753s] INFO:colcon.colcon_core.shell:Creating prefix script '/home/ubuntu2204/mujoco_develop/excavator_ros2_ws/install/local_setup.bash'
[19.753s] INFO:colcon.colcon_core.shell:Creating prefix chain script '/home/ubuntu2204/mujoco_develop/excavator_ros2_ws/install/setup.bash'
[19.754s] INFO:colcon.colcon_core.shell:Creating prefix script '/home/ubuntu2204/mujoco_develop/excavator_ros2_ws/install/local_setup.zsh'
[19.754s] INFO:colcon.colcon_core.shell:Creating prefix chain script '/home/ubuntu2204/mujoco_develop/excavator_ros2_ws/install/setup.zsh'
