[0.009s] Invoking command in '/home/ubuntu2204/mujoco_develop/excavator_ros2_ws/build/excavator_viewer': CMAKE_PREFIX_PATH=${CMAKE_PREFIX_PATH}:/home/ubuntu2204/wslearning/install/learning_urdf:/home/ubuntu2204/wslearning/install/learning_topic:/home/ubuntu2204/wslearning/install/learning_tf:/home/ubuntu2204/wslearning/install/learning_service:/home/ubuntu2204/wslearning/install/learning_qos:/home/ubuntu2204/wslearning/install/learning_pkg_python:/home/ubuntu2204/wslearning/install/learning_parameter:/home/ubuntu2204/wslearning/install/learning_node:/home/ubuntu2204/wslearning/install/learning_launch:/home/ubuntu2204/wslearning/install/learning_action:/home/ubuntu2204/wslearning/install/learning_gazebo_harmonic:/home/ubuntu2204/wslearning/install/learning_gazebo:/home/ubuntu2204/wslearning/install/learning_cv:/opt/ros/humble /usr/bin/cmake --build /home/ubuntu2204/mujoco_develop/excavator_ros2_ws/build/excavator_viewer -- -j12 -l12
[0.038s] Consolidate compiler generated dependencies of target mujoco_viewer
[0.047s] [ 50%] Building CXX object CMakeFiles/mujoco_viewer.dir/src/mujoco_viewer.cpp.o
[7.292s] [100%] Linking CXX executable mujoco_viewer
[7.549s] [100%] Built target mujoco_viewer
[7.556s] Invoked command in '/home/ubuntu2204/mujoco_develop/excavator_ros2_ws/build/excavator_viewer' returned '0': CMAKE_PREFIX_PATH=${CMAKE_PREFIX_PATH}:/home/ubuntu2204/wslearning/install/learning_urdf:/home/ubuntu2204/wslearning/install/learning_topic:/home/ubuntu2204/wslearning/install/learning_tf:/home/ubuntu2204/wslearning/install/learning_service:/home/ubuntu2204/wslearning/install/learning_qos:/home/ubuntu2204/wslearning/install/learning_pkg_python:/home/ubuntu2204/wslearning/install/learning_parameter:/home/ubuntu2204/wslearning/install/learning_node:/home/ubuntu2204/wslearning/install/learning_launch:/home/ubuntu2204/wslearning/install/learning_action:/home/ubuntu2204/wslearning/install/learning_gazebo_harmonic:/home/ubuntu2204/wslearning/install/learning_gazebo:/home/ubuntu2204/wslearning/install/learning_cv:/opt/ros/humble /usr/bin/cmake --build /home/ubuntu2204/mujoco_develop/excavator_ros2_ws/build/excavator_viewer -- -j12 -l12
[7.562s] Invoking command in '/home/ubuntu2204/mujoco_develop/excavator_ros2_ws/build/excavator_viewer': CMAKE_PREFIX_PATH=${CMAKE_PREFIX_PATH}:/home/ubuntu2204/wslearning/install/learning_urdf:/home/ubuntu2204/wslearning/install/learning_topic:/home/ubuntu2204/wslearning/install/learning_tf:/home/ubuntu2204/wslearning/install/learning_service:/home/ubuntu2204/wslearning/install/learning_qos:/home/ubuntu2204/wslearning/install/learning_pkg_python:/home/ubuntu2204/wslearning/install/learning_parameter:/home/ubuntu2204/wslearning/install/learning_node:/home/ubuntu2204/wslearning/install/learning_launch:/home/ubuntu2204/wslearning/install/learning_action:/home/ubuntu2204/wslearning/install/learning_gazebo_harmonic:/home/ubuntu2204/wslearning/install/learning_gazebo:/home/ubuntu2204/wslearning/install/learning_cv:/opt/ros/humble /usr/bin/cmake --install /home/ubuntu2204/mujoco_develop/excavator_ros2_ws/build/excavator_viewer
[7.567s] -- Install configuration: "Release"
[7.567s] -- Installing: /home/ubuntu2204/mujoco_develop/excavator_ros2_ws/install/excavator_viewer/lib/excavator_viewer/mujoco_viewer
[7.568s] -- Set runtime path of "/home/ubuntu2204/mujoco_develop/excavator_ros2_ws/install/excavator_viewer/lib/excavator_viewer/mujoco_viewer" to "/home/ubuntu2204/mujoco_develop/excavator_ros2_ws/src/excavator_viewer/../../../excavator_simulator_mujoco/build/lib"
[7.568s] -- Up-to-date: /home/ubuntu2204/mujoco_develop/excavator_ros2_ws/install/excavator_viewer/share/excavator_viewer/launch
[7.568s] -- Up-to-date: /home/ubuntu2204/mujoco_develop/excavator_ros2_ws/install/excavator_viewer/share/excavator_viewer/launch/viewer.launch.py
[7.569s] -- Up-to-date: /home/ubuntu2204/mujoco_develop/excavator_ros2_ws/install/excavator_viewer/share/ament_index/resource_index/package_run_dependencies/excavator_viewer
[7.569s] -- Up-to-date: /home/ubuntu2204/mujoco_develop/excavator_ros2_ws/install/excavator_viewer/share/ament_index/resource_index/parent_prefix_path/excavator_viewer
[7.569s] -- Up-to-date: /home/ubuntu2204/mujoco_develop/excavator_ros2_ws/install/excavator_viewer/share/excavator_viewer/environment/ament_prefix_path.sh
[7.569s] -- Up-to-date: /home/ubuntu2204/mujoco_develop/excavator_ros2_ws/install/excavator_viewer/share/excavator_viewer/environment/ament_prefix_path.dsv
[7.569s] -- Up-to-date: /home/ubuntu2204/mujoco_develop/excavator_ros2_ws/install/excavator_viewer/share/excavator_viewer/environment/path.sh
[7.569s] -- Up-to-date: /home/ubuntu2204/mujoco_develop/excavator_ros2_ws/install/excavator_viewer/share/excavator_viewer/environment/path.dsv
[7.569s] -- Up-to-date: /home/ubuntu2204/mujoco_develop/excavator_ros2_ws/install/excavator_viewer/share/excavator_viewer/local_setup.bash
[7.569s] -- Up-to-date: /home/ubuntu2204/mujoco_develop/excavator_ros2_ws/install/excavator_viewer/share/excavator_viewer/local_setup.sh
[7.569s] -- Up-to-date: /home/ubuntu2204/mujoco_develop/excavator_ros2_ws/install/excavator_viewer/share/excavator_viewer/local_setup.zsh
[7.569s] -- Up-to-date: /home/ubuntu2204/mujoco_develop/excavator_ros2_ws/install/excavator_viewer/share/excavator_viewer/local_setup.dsv
[7.569s] -- Installing: /home/ubuntu2204/mujoco_develop/excavator_ros2_ws/install/excavator_viewer/share/excavator_viewer/package.dsv
[7.569s] -- Up-to-date: /home/ubuntu2204/mujoco_develop/excavator_ros2_ws/install/excavator_viewer/share/ament_index/resource_index/packages/excavator_viewer
[7.569s] -- Up-to-date: /home/ubuntu2204/mujoco_develop/excavator_ros2_ws/install/excavator_viewer/share/excavator_viewer/cmake/excavator_viewerConfig.cmake
[7.570s] -- Up-to-date: /home/ubuntu2204/mujoco_develop/excavator_ros2_ws/install/excavator_viewer/share/excavator_viewer/cmake/excavator_viewerConfig-version.cmake
[7.570s] -- Up-to-date: /home/ubuntu2204/mujoco_develop/excavator_ros2_ws/install/excavator_viewer/share/excavator_viewer/package.xml
[7.570s] Invoked command in '/home/ubuntu2204/mujoco_develop/excavator_ros2_ws/build/excavator_viewer' returned '0': CMAKE_PREFIX_PATH=${CMAKE_PREFIX_PATH}:/home/ubuntu2204/wslearning/install/learning_urdf:/home/ubuntu2204/wslearning/install/learning_topic:/home/ubuntu2204/wslearning/install/learning_tf:/home/ubuntu2204/wslearning/install/learning_service:/home/ubuntu2204/wslearning/install/learning_qos:/home/ubuntu2204/wslearning/install/learning_pkg_python:/home/ubuntu2204/wslearning/install/learning_parameter:/home/ubuntu2204/wslearning/install/learning_node:/home/ubuntu2204/wslearning/install/learning_launch:/home/ubuntu2204/wslearning/install/learning_action:/home/ubuntu2204/wslearning/install/learning_gazebo_harmonic:/home/ubuntu2204/wslearning/install/learning_gazebo:/home/ubuntu2204/wslearning/install/learning_cv:/opt/ros/humble /usr/bin/cmake --install /home/ubuntu2204/mujoco_develop/excavator_ros2_ws/build/excavator_viewer
