[0.008s] Invoking command in '/home/ubuntu2204/mujoco_develop/excavator_ros2_ws/build/excavator_viewer': CMAKE_PREFIX_PATH=${CMAKE_PREFIX_PATH}:/home/ubuntu2204/wslearning/install/learning_urdf:/home/ubuntu2204/wslearning/install/learning_topic:/home/ubuntu2204/wslearning/install/learning_tf:/home/ubuntu2204/wslearning/install/learning_service:/home/ubuntu2204/wslearning/install/learning_qos:/home/ubuntu2204/wslearning/install/learning_pkg_python:/home/ubuntu2204/wslearning/install/learning_parameter:/home/ubuntu2204/wslearning/install/learning_node:/home/ubuntu2204/wslearning/install/learning_launch:/home/ubuntu2204/wslearning/install/learning_action:/home/ubuntu2204/wslearning/install/learning_gazebo_harmonic:/home/ubuntu2204/wslearning/install/learning_gazebo:/home/ubuntu2204/wslearning/install/learning_cv:/opt/ros/humble /usr/bin/cmake --build /home/ubuntu2204/mujoco_develop/excavator_ros2_ws/build/excavator_viewer -- -j12 -l12
[0.025s] -- Found ament_cmake: 1.3.14 (/opt/ros/humble/share/ament_cmake/cmake)
[0.115s] -- Found rclcpp: 16.0.19 (/opt/ros/humble/share/rclcpp/cmake)
[0.295s] -- Found rosidl_generator_c: 3.1.8 (/opt/ros/humble/share/rosidl_generator_c/cmake)
[0.297s] -- Found rosidl_adapter: 3.1.8 (/opt/ros/humble/share/rosidl_adapter/cmake)
[0.301s] -- Found rosidl_generator_cpp: 3.1.8 (/opt/ros/humble/share/rosidl_generator_cpp/cmake)
[0.307s] -- Using all available rosidl_typesupport_c: rosidl_typesupport_fastrtps_c;rosidl_typesupport_introspection_c
[0.315s] -- Using all available rosidl_typesupport_cpp: rosidl_typesupport_fastrtps_cpp;rosidl_typesupport_introspection_cpp
[0.336s] -- Found rmw_implementation_cmake: 6.1.2 (/opt/ros/humble/share/rmw_implementation_cmake/cmake)
[0.337s] -- Found rmw_fastrtps_cpp: 6.2.10 (/opt/ros/humble/share/rmw_fastrtps_cpp/cmake)
[6.904s] -- Using RMW implementation 'rmw_fastrtps_cpp' as default
[6.937s] -- Found sensor_msgs: 4.9.1 (/opt/ros/humble/share/sensor_msgs/cmake)
[7.000s] CMake Warning (dev) at /usr/share/cmake-3.22/Modules/FindOpenGL.cmake:315 (message):
[7.000s]   Policy CMP0072 is not set: FindOpenGL prefers GLVND by default when
[7.000s]   available.  Run "cmake --help-policy CMP0072" for policy details.  Use the
[7.000s]   cmake_policy command to set the policy and suppress this warning.
[7.000s] 
[7.000s]   FindOpenGL found both a legacy GL library:
[7.000s] 
[7.000s]     OPENGL_gl_LIBRARY: /usr/lib/x86_64-linux-gnu/libGL.so
[7.000s] 
[7.000s]   and GLVND libraries for OpenGL and GLX:
[7.000s] 
[7.000s]     OPENGL_opengl_LIBRARY: /usr/lib/x86_64-linux-gnu/libOpenGL.so
[7.000s]     OPENGL_glx_LIBRARY: /usr/lib/x86_64-linux-gnu/libGLX.so
[7.000s] 
[7.000s]   OpenGL_GL_PREFERENCE has not been set to "GLVND" or "LEGACY", so for
[7.000s]   compatibility with CMake 3.10 and below the legacy GL library will be used.
[7.000s] Call Stack (most recent call first):
[7.000s]   CMakeLists.txt:20 (find_package)
[7.000s] This warning is for project developers.  Use -Wno-dev to suppress it.
[7.000s] 
[11.583s] -- Found X11: /usr/include   
[11.584s] -- Looking for XOpenDisplay in /usr/lib/x86_64-linux-gnu/libX11.so;/usr/lib/x86_64-linux-gnu/libXext.so
[11.748s] -- Looking for XOpenDisplay in /usr/lib/x86_64-linux-gnu/libX11.so;/usr/lib/x86_64-linux-gnu/libXext.so - found
[11.748s] -- Looking for gethostbyname
[11.892s] -- Looking for gethostbyname - found
[11.892s] -- Looking for connect
[12.037s] -- Looking for connect - found
[12.037s] -- Looking for remove
[12.187s] -- Looking for remove - found
[12.187s] -- Looking for shmat
[12.339s] -- Looking for shmat - found
[12.339s] -- Looking for IceConnectionNumber in ICE
[12.500s] -- Looking for IceConnectionNumber in ICE - found
[12.547s] -- Configuring done
[12.555s] -- Generating done
[12.557s] -- Build files have been written to: /home/ubuntu2204/mujoco_develop/excavator_ros2_ws/build/excavator_viewer
[12.577s] Consolidate compiler generated dependencies of target mujoco_viewer
[12.586s] [ 50%] Linking CXX executable mujoco_viewer
[12.813s] [100%] Built target mujoco_viewer
[12.821s] Invoked command in '/home/ubuntu2204/mujoco_develop/excavator_ros2_ws/build/excavator_viewer' returned '0': CMAKE_PREFIX_PATH=${CMAKE_PREFIX_PATH}:/home/ubuntu2204/wslearning/install/learning_urdf:/home/ubuntu2204/wslearning/install/learning_topic:/home/ubuntu2204/wslearning/install/learning_tf:/home/ubuntu2204/wslearning/install/learning_service:/home/ubuntu2204/wslearning/install/learning_qos:/home/ubuntu2204/wslearning/install/learning_pkg_python:/home/ubuntu2204/wslearning/install/learning_parameter:/home/ubuntu2204/wslearning/install/learning_node:/home/ubuntu2204/wslearning/install/learning_launch:/home/ubuntu2204/wslearning/install/learning_action:/home/ubuntu2204/wslearning/install/learning_gazebo_harmonic:/home/ubuntu2204/wslearning/install/learning_gazebo:/home/ubuntu2204/wslearning/install/learning_cv:/opt/ros/humble /usr/bin/cmake --build /home/ubuntu2204/mujoco_develop/excavator_ros2_ws/build/excavator_viewer -- -j12 -l12
[12.828s] Invoking command in '/home/ubuntu2204/mujoco_develop/excavator_ros2_ws/build/excavator_viewer': CMAKE_PREFIX_PATH=${CMAKE_PREFIX_PATH}:/home/ubuntu2204/wslearning/install/learning_urdf:/home/ubuntu2204/wslearning/install/learning_topic:/home/ubuntu2204/wslearning/install/learning_tf:/home/ubuntu2204/wslearning/install/learning_service:/home/ubuntu2204/wslearning/install/learning_qos:/home/ubuntu2204/wslearning/install/learning_pkg_python:/home/ubuntu2204/wslearning/install/learning_parameter:/home/ubuntu2204/wslearning/install/learning_node:/home/ubuntu2204/wslearning/install/learning_launch:/home/ubuntu2204/wslearning/install/learning_action:/home/ubuntu2204/wslearning/install/learning_gazebo_harmonic:/home/ubuntu2204/wslearning/install/learning_gazebo:/home/ubuntu2204/wslearning/install/learning_cv:/opt/ros/humble /usr/bin/cmake --install /home/ubuntu2204/mujoco_develop/excavator_ros2_ws/build/excavator_viewer
[12.833s] -- Install configuration: "Release"
[12.833s] -- Installing: /home/ubuntu2204/mujoco_develop/excavator_ros2_ws/install/excavator_viewer/lib/excavator_viewer/mujoco_viewer
[12.834s] -- Set runtime path of "/home/ubuntu2204/mujoco_develop/excavator_ros2_ws/install/excavator_viewer/lib/excavator_viewer/mujoco_viewer" to "/home/ubuntu2204/mujoco_develop/excavator_ros2_ws/src/excavator_viewer/../../../excavator_simulator_mujoco/build/lib"
[12.834s] -- Installing: /home/ubuntu2204/mujoco_develop/excavator_ros2_ws/install/excavator_viewer/share/excavator_viewer/launch
[12.834s] -- Installing: /home/ubuntu2204/mujoco_develop/excavator_ros2_ws/install/excavator_viewer/share/excavator_viewer/launch/viewer.launch.py
[12.834s] -- Installing: /home/ubuntu2204/mujoco_develop/excavator_ros2_ws/install/excavator_viewer/share/ament_index/resource_index/package_run_dependencies/excavator_viewer
[12.835s] -- Installing: /home/ubuntu2204/mujoco_develop/excavator_ros2_ws/install/excavator_viewer/share/ament_index/resource_index/parent_prefix_path/excavator_viewer
[12.835s] -- Installing: /home/ubuntu2204/mujoco_develop/excavator_ros2_ws/install/excavator_viewer/share/excavator_viewer/environment/ament_prefix_path.sh
[12.836s] -- Installing: /home/ubuntu2204/mujoco_develop/excavator_ros2_ws/install/excavator_viewer/share/excavator_viewer/environment/ament_prefix_path.dsv
[12.836s] -- Installing: /home/ubuntu2204/mujoco_develop/excavator_ros2_ws/install/excavator_viewer/share/excavator_viewer/environment/path.sh
[12.836s] -- Installing: /home/ubuntu2204/mujoco_develop/excavator_ros2_ws/install/excavator_viewer/share/excavator_viewer/environment/path.dsv
[12.836s] -- Installing: /home/ubuntu2204/mujoco_develop/excavator_ros2_ws/install/excavator_viewer/share/excavator_viewer/local_setup.bash
[12.836s] -- Installing: /home/ubuntu2204/mujoco_develop/excavator_ros2_ws/install/excavator_viewer/share/excavator_viewer/local_setup.sh
[12.836s] -- Installing: /home/ubuntu2204/mujoco_develop/excavator_ros2_ws/install/excavator_viewer/share/excavator_viewer/local_setup.zsh
[12.836s] -- Installing: /home/ubuntu2204/mujoco_develop/excavator_ros2_ws/install/excavator_viewer/share/excavator_viewer/local_setup.dsv
[12.836s] -- Installing: /home/ubuntu2204/mujoco_develop/excavator_ros2_ws/install/excavator_viewer/share/excavator_viewer/package.dsv
[12.836s] -- Installing: /home/ubuntu2204/mujoco_develop/excavator_ros2_ws/install/excavator_viewer/share/ament_index/resource_index/packages/excavator_viewer
[12.836s] -- Installing: /home/ubuntu2204/mujoco_develop/excavator_ros2_ws/install/excavator_viewer/share/excavator_viewer/cmake/excavator_viewerConfig.cmake
[12.836s] -- Installing: /home/ubuntu2204/mujoco_develop/excavator_ros2_ws/install/excavator_viewer/share/excavator_viewer/cmake/excavator_viewerConfig-version.cmake
[12.836s] -- Installing: /home/ubuntu2204/mujoco_develop/excavator_ros2_ws/install/excavator_viewer/share/excavator_viewer/package.xml
[12.838s] Invoked command in '/home/ubuntu2204/mujoco_develop/excavator_ros2_ws/build/excavator_viewer' returned '0': CMAKE_PREFIX_PATH=${CMAKE_PREFIX_PATH}:/home/ubuntu2204/wslearning/install/learning_urdf:/home/ubuntu2204/wslearning/install/learning_topic:/home/ubuntu2204/wslearning/install/learning_tf:/home/ubuntu2204/wslearning/install/learning_service:/home/ubuntu2204/wslearning/install/learning_qos:/home/ubuntu2204/wslearning/install/learning_pkg_python:/home/ubuntu2204/wslearning/install/learning_parameter:/home/ubuntu2204/wslearning/install/learning_node:/home/ubuntu2204/wslearning/install/learning_launch:/home/ubuntu2204/wslearning/install/learning_action:/home/ubuntu2204/wslearning/install/learning_gazebo_harmonic:/home/ubuntu2204/wslearning/install/learning_gazebo:/home/ubuntu2204/wslearning/install/learning_cv:/opt/ros/humble /usr/bin/cmake --install /home/ubuntu2204/mujoco_develop/excavator_ros2_ws/build/excavator_viewer
