-- Found ament_cmake: 1.3.14 (/opt/ros/humble/share/ament_cmake/cmake)
-- Found rclcpp: 16.0.19 (/opt/ros/humble/share/rclcpp/cmake)
-- Found rosidl_generator_c: 3.1.8 (/opt/ros/humble/share/rosidl_generator_c/cmake)
-- Found rosidl_adapter: 3.1.8 (/opt/ros/humble/share/rosidl_adapter/cmake)
-- Found rosidl_generator_cpp: 3.1.8 (/opt/ros/humble/share/rosidl_generator_cpp/cmake)
-- Using all available rosidl_typesupport_c: rosidl_typesupport_fastrtps_c;rosidl_typesupport_introspection_c
-- Using all available rosidl_typesupport_cpp: rosidl_typesupport_fastrtps_cpp;rosidl_typesupport_introspection_cpp
-- Found rmw_implementation_cmake: 6.1.2 (/opt/ros/humble/share/rmw_implementation_cmake/cmake)
-- Found rmw_fastrtps_cpp: 6.2.10 (/opt/ros/humble/share/rmw_fastrtps_cpp/cmake)
-- Using RMW implementation 'rmw_fastrtps_cpp' as default
-- Found std_srvs: 4.9.1 (/opt/ros/humble/share/std_srvs/cmake)
-- Found sensor_msgs: 4.9.1 (/opt/ros/humble/share/sensor_msgs/cmake)
-- Configuring done
-- Generating done
-- Build files have been written to: /home/ubuntu2204/mujoco_develop/excavator_ros2_ws/build/excavator_auto_dig
Consolidate compiler generated dependencies of target auto_dig_node
[ 50%] Building CXX object CMakeFiles/auto_dig_node.dir/src/auto_dig_node.cpp.o
[100%] Linking CXX executable auto_dig_node
[100%] Built target auto_dig_node
-- Install configuration: "Release"
-- Installing: /home/ubuntu2204/mujoco_develop/excavator_ros2_ws/install/excavator_auto_dig/lib/excavator_auto_dig/auto_dig_node
-- Set runtime path of "/home/ubuntu2204/mujoco_develop/excavator_ros2_ws/install/excavator_auto_dig/lib/excavator_auto_dig/auto_dig_node" to ""
-- Up-to-date: /home/ubuntu2204/mujoco_develop/excavator_ros2_ws/install/excavator_auto_dig/include
-- Up-to-date: /home/ubuntu2204/mujoco_develop/excavator_ros2_ws/install/excavator_auto_dig/include/excavator_auto_dig
-- Up-to-date: /home/ubuntu2204/mujoco_develop/excavator_ros2_ws/install/excavator_auto_dig/include/excavator_auto_dig/auto_dig_node.hpp
-- Up-to-date: /home/ubuntu2204/mujoco_develop/excavator_ros2_ws/install/excavator_auto_dig/share/excavator_auto_dig/launch
-- Up-to-date: /home/ubuntu2204/mujoco_develop/excavator_ros2_ws/install/excavator_auto_dig/share/excavator_auto_dig/launch/auto_dig.launch.py
-- Up-to-date: /home/ubuntu2204/mujoco_develop/excavator_ros2_ws/install/excavator_auto_dig/share/ament_index/resource_index/package_run_dependencies/excavator_auto_dig
-- Up-to-date: /home/ubuntu2204/mujoco_develop/excavator_ros2_ws/install/excavator_auto_dig/share/ament_index/resource_index/parent_prefix_path/excavator_auto_dig
-- Up-to-date: /home/ubuntu2204/mujoco_develop/excavator_ros2_ws/install/excavator_auto_dig/share/excavator_auto_dig/environment/ament_prefix_path.sh
-- Installing: /home/ubuntu2204/mujoco_develop/excavator_ros2_ws/install/excavator_auto_dig/share/excavator_auto_dig/environment/ament_prefix_path.dsv
-- Up-to-date: /home/ubuntu2204/mujoco_develop/excavator_ros2_ws/install/excavator_auto_dig/share/excavator_auto_dig/environment/path.sh
-- Installing: /home/ubuntu2204/mujoco_develop/excavator_ros2_ws/install/excavator_auto_dig/share/excavator_auto_dig/environment/path.dsv
-- Up-to-date: /home/ubuntu2204/mujoco_develop/excavator_ros2_ws/install/excavator_auto_dig/share/excavator_auto_dig/local_setup.bash
-- Up-to-date: /home/ubuntu2204/mujoco_develop/excavator_ros2_ws/install/excavator_auto_dig/share/excavator_auto_dig/local_setup.sh
-- Up-to-date: /home/ubuntu2204/mujoco_develop/excavator_ros2_ws/install/excavator_auto_dig/share/excavator_auto_dig/local_setup.zsh
-- Installing: /home/ubuntu2204/mujoco_develop/excavator_ros2_ws/install/excavator_auto_dig/share/excavator_auto_dig/local_setup.dsv
-- Installing: /home/ubuntu2204/mujoco_develop/excavator_ros2_ws/install/excavator_auto_dig/share/excavator_auto_dig/package.dsv
-- Up-to-date: /home/ubuntu2204/mujoco_develop/excavator_ros2_ws/install/excavator_auto_dig/share/ament_index/resource_index/packages/excavator_auto_dig
-- Up-to-date: /home/ubuntu2204/mujoco_develop/excavator_ros2_ws/install/excavator_auto_dig/share/excavator_auto_dig/cmake/excavator_auto_digConfig.cmake
-- Up-to-date: /home/ubuntu2204/mujoco_develop/excavator_ros2_ws/install/excavator_auto_dig/share/excavator_auto_dig/cmake/excavator_auto_digConfig-version.cmake
-- Up-to-date: /home/ubuntu2204/mujoco_develop/excavator_ros2_ws/install/excavator_auto_dig/share/excavator_auto_dig/package.xml
