[0.245s] DEBUG:colcon:Command line arguments: ['/usr/bin/colcon', 'build']
[0.245s] DEBUG:colcon:Parsed command line arguments: Namespace(log_base=None, log_level=None, verb_name='build', build_base='build', install_base='install', merge_install=False, symlink_install=False, test_result_base=None, continue_on_error=False, executor='parallel', parallel_workers=12, event_handlers=None, ignore_user_meta=False, metas=['./colcon.meta'], base_paths=['.'], packages_ignore=None, packages_ignore_regex=None, paths=None, packages_up_to=None, packages_up_to_regex=None, packages_above=None, packages_above_and_dependencies=None, packages_above_depth=None, packages_select_by_dep=None, packages_skip_by_dep=None, packages_skip_up_to=None, packages_select_build_failed=False, packages_skip_build_finished=False, packages_select_test_failures=False, packages_skip_test_passed=False, packages_select=None, packages_skip=None, packages_select_regex=None, packages_skip_regex=None, packages_start=None, packages_end=None, allow_overriding=[], cmake_args=None, cmake_target=None, cmake_target_skip_unavailable=False, cmake_clean_cache=False, cmake_clean_first=False, cmake_force_configure=False, ament_cmake_args=None, catkin_cmake_args=None, catkin_skip_building_tests=False, verb_parser=<colcon_defaults.argument_parser.defaults.DefaultArgumentsDecorator object at 0x70a714b639d0>, verb_extension=<colcon_core.verb.build.BuildVerb object at 0x70a714b63490>, main=<bound method BuildVerb.main of <colcon_core.verb.build.BuildVerb object at 0x70a714b63490>>)
[0.381s] Level 1:colcon.colcon_core.package_discovery:discover_packages(colcon_meta) check parameters
[0.381s] Level 1:colcon.colcon_core.package_discovery:discover_packages(recursive) check parameters
[0.381s] Level 1:colcon.colcon_core.package_discovery:discover_packages(ignore) check parameters
[0.381s] Level 1:colcon.colcon_core.package_discovery:discover_packages(path) check parameters
[0.381s] Level 1:colcon.colcon_core.package_discovery:discover_packages(colcon_meta) discover
[0.381s] Level 1:colcon.colcon_core.package_discovery:discover_packages(recursive) discover
[0.381s] INFO:colcon.colcon_core.package_discovery:Crawling recursively for packages in '/home/ubuntu2204/mujoco_develop/excavator_ros2_ws'
[0.381s] Level 1:colcon.colcon_core.package_identification:_identify(.) by extensions ['ignore', 'ignore_ament_install']
[0.381s] Level 1:colcon.colcon_core.package_identification:_identify(.) by extension 'ignore'
[0.382s] Level 1:colcon.colcon_core.package_identification:_identify(.) by extension 'ignore_ament_install'
[0.382s] Level 1:colcon.colcon_core.package_identification:_identify(.) by extensions ['colcon_pkg']
[0.382s] Level 1:colcon.colcon_core.package_identification:_identify(.) by extension 'colcon_pkg'
[0.382s] Level 1:colcon.colcon_core.package_identification:_identify(.) by extensions ['colcon_meta']
[0.382s] Level 1:colcon.colcon_core.package_identification:_identify(.) by extension 'colcon_meta'
[0.382s] Level 1:colcon.colcon_core.package_identification:_identify(.) by extensions ['ros']
[0.382s] Level 1:colcon.colcon_core.package_identification:_identify(.) by extension 'ros'
[0.390s] Level 1:colcon.colcon_core.package_identification:_identify(.) by extensions ['cmake', 'python']
[0.390s] Level 1:colcon.colcon_core.package_identification:_identify(.) by extension 'cmake'
[0.390s] Level 1:colcon.colcon_core.package_identification:_identify(.) by extension 'python'
[0.390s] Level 1:colcon.colcon_core.package_identification:_identify(.) by extensions ['python_setup_py']
[0.390s] Level 1:colcon.colcon_core.package_identification:_identify(.) by extension 'python_setup_py'
[0.390s] Level 1:colcon.colcon_core.package_identification:_identify(build) by extensions ['ignore', 'ignore_ament_install']
[0.390s] Level 1:colcon.colcon_core.package_identification:_identify(build) by extension 'ignore'
[0.390s] Level 1:colcon.colcon_core.package_identification:_identify(build) ignored
[0.390s] Level 1:colcon.colcon_core.package_identification:_identify(install) by extensions ['ignore', 'ignore_ament_install']
[0.390s] Level 1:colcon.colcon_core.package_identification:_identify(install) by extension 'ignore'
[0.390s] Level 1:colcon.colcon_core.package_identification:_identify(install) ignored
[0.390s] Level 1:colcon.colcon_core.package_identification:_identify(log) by extensions ['ignore', 'ignore_ament_install']
[0.391s] Level 1:colcon.colcon_core.package_identification:_identify(log) by extension 'ignore'
[0.391s] Level 1:colcon.colcon_core.package_identification:_identify(log) ignored
[0.391s] Level 1:colcon.colcon_core.package_identification:_identify(src) by extensions ['ignore', 'ignore_ament_install']
[0.391s] Level 1:colcon.colcon_core.package_identification:_identify(src) by extension 'ignore'
[0.391s] Level 1:colcon.colcon_core.package_identification:_identify(src) by extension 'ignore_ament_install'
[0.391s] Level 1:colcon.colcon_core.package_identification:_identify(src) by extensions ['colcon_pkg']
[0.391s] Level 1:colcon.colcon_core.package_identification:_identify(src) by extension 'colcon_pkg'
[0.391s] Level 1:colcon.colcon_core.package_identification:_identify(src) by extensions ['colcon_meta']
[0.391s] Level 1:colcon.colcon_core.package_identification:_identify(src) by extension 'colcon_meta'
[0.391s] Level 1:colcon.colcon_core.package_identification:_identify(src) by extensions ['ros']
[0.391s] Level 1:colcon.colcon_core.package_identification:_identify(src) by extension 'ros'
[0.391s] Level 1:colcon.colcon_core.package_identification:_identify(src) by extensions ['cmake', 'python']
[0.391s] Level 1:colcon.colcon_core.package_identification:_identify(src) by extension 'cmake'
[0.391s] Level 1:colcon.colcon_core.package_identification:_identify(src) by extension 'python'
[0.391s] Level 1:colcon.colcon_core.package_identification:_identify(src) by extensions ['python_setup_py']
[0.391s] Level 1:colcon.colcon_core.package_identification:_identify(src) by extension 'python_setup_py'
[0.391s] Level 1:colcon.colcon_core.package_identification:_identify(src/excavator_auto_dig) by extensions ['ignore', 'ignore_ament_install']
[0.391s] Level 1:colcon.colcon_core.package_identification:_identify(src/excavator_auto_dig) by extension 'ignore'
[0.391s] Level 1:colcon.colcon_core.package_identification:_identify(src/excavator_auto_dig) by extension 'ignore_ament_install'
[0.391s] Level 1:colcon.colcon_core.package_identification:_identify(src/excavator_auto_dig) by extensions ['colcon_pkg']
[0.391s] Level 1:colcon.colcon_core.package_identification:_identify(src/excavator_auto_dig) by extension 'colcon_pkg'
[0.391s] Level 1:colcon.colcon_core.package_identification:_identify(src/excavator_auto_dig) by extensions ['colcon_meta']
[0.391s] Level 1:colcon.colcon_core.package_identification:_identify(src/excavator_auto_dig) by extension 'colcon_meta'
[0.391s] Level 1:colcon.colcon_core.package_identification:_identify(src/excavator_auto_dig) by extensions ['ros']
[0.391s] Level 1:colcon.colcon_core.package_identification:_identify(src/excavator_auto_dig) by extension 'ros'
[0.393s] DEBUG:colcon.colcon_core.package_identification:Package 'src/excavator_auto_dig' with type 'ros.ament_cmake' and name 'excavator_auto_dig'
[0.393s] Level 1:colcon.colcon_core.package_identification:_identify(src/excavator_demo) by extensions ['ignore', 'ignore_ament_install']
[0.393s] Level 1:colcon.colcon_core.package_identification:_identify(src/excavator_demo) by extension 'ignore'
[0.393s] Level 1:colcon.colcon_core.package_identification:_identify(src/excavator_demo) by extension 'ignore_ament_install'
[0.393s] Level 1:colcon.colcon_core.package_identification:_identify(src/excavator_demo) by extensions ['colcon_pkg']
[0.393s] Level 1:colcon.colcon_core.package_identification:_identify(src/excavator_demo) by extension 'colcon_pkg'
[0.393s] Level 1:colcon.colcon_core.package_identification:_identify(src/excavator_demo) by extensions ['colcon_meta']
[0.393s] Level 1:colcon.colcon_core.package_identification:_identify(src/excavator_demo) by extension 'colcon_meta'
[0.393s] Level 1:colcon.colcon_core.package_identification:_identify(src/excavator_demo) by extensions ['ros']
[0.394s] Level 1:colcon.colcon_core.package_identification:_identify(src/excavator_demo) by extension 'ros'
[0.395s] DEBUG:colcon.colcon_core.package_identification:Package 'src/excavator_demo' with type 'ros.ament_cmake' and name 'excavator_demo'
[0.395s] Level 1:colcon.colcon_core.package_identification:_identify(src/excavator_ros2_bridge) by extensions ['ignore', 'ignore_ament_install']
[0.395s] Level 1:colcon.colcon_core.package_identification:_identify(src/excavator_ros2_bridge) by extension 'ignore'
[0.395s] Level 1:colcon.colcon_core.package_identification:_identify(src/excavator_ros2_bridge) by extension 'ignore_ament_install'
[0.395s] Level 1:colcon.colcon_core.package_identification:_identify(src/excavator_ros2_bridge) by extensions ['colcon_pkg']
[0.395s] Level 1:colcon.colcon_core.package_identification:_identify(src/excavator_ros2_bridge) by extension 'colcon_pkg'
[0.396s] Level 1:colcon.colcon_core.package_identification:_identify(src/excavator_ros2_bridge) by extensions ['colcon_meta']
[0.396s] Level 1:colcon.colcon_core.package_identification:_identify(src/excavator_ros2_bridge) by extension 'colcon_meta'
[0.396s] Level 1:colcon.colcon_core.package_identification:_identify(src/excavator_ros2_bridge) by extensions ['ros']
[0.396s] Level 1:colcon.colcon_core.package_identification:_identify(src/excavator_ros2_bridge) by extension 'ros'
[0.396s] DEBUG:colcon.colcon_core.package_identification:Package 'src/excavator_ros2_bridge' with type 'ros.ament_cmake' and name 'excavator_ros2_bridge'
[0.396s] Level 1:colcon.colcon_core.package_identification:_identify(src/excavator_simulate_ros2) by extensions ['ignore', 'ignore_ament_install']
[0.396s] Level 1:colcon.colcon_core.package_identification:_identify(src/excavator_simulate_ros2) by extension 'ignore'
[0.396s] Level 1:colcon.colcon_core.package_identification:_identify(src/excavator_simulate_ros2) by extension 'ignore_ament_install'
[0.397s] Level 1:colcon.colcon_core.package_identification:_identify(src/excavator_simulate_ros2) by extensions ['colcon_pkg']
[0.397s] Level 1:colcon.colcon_core.package_identification:_identify(src/excavator_simulate_ros2) by extension 'colcon_pkg'
[0.397s] Level 1:colcon.colcon_core.package_identification:_identify(src/excavator_simulate_ros2) by extensions ['colcon_meta']
[0.397s] Level 1:colcon.colcon_core.package_identification:_identify(src/excavator_simulate_ros2) by extension 'colcon_meta'
[0.397s] Level 1:colcon.colcon_core.package_identification:_identify(src/excavator_simulate_ros2) by extensions ['ros']
[0.397s] Level 1:colcon.colcon_core.package_identification:_identify(src/excavator_simulate_ros2) by extension 'ros'
[0.397s] DEBUG:colcon.colcon_core.package_identification:Package 'src/excavator_simulate_ros2' with type 'ros.ament_cmake' and name 'excavator_simulate_ros2'
[0.397s] Level 1:colcon.colcon_core.package_identification:_identify(src/excavator_viewer) by extensions ['ignore', 'ignore_ament_install']
[0.397s] Level 1:colcon.colcon_core.package_identification:_identify(src/excavator_viewer) by extension 'ignore'
[0.398s] Level 1:colcon.colcon_core.package_identification:_identify(src/excavator_viewer) by extension 'ignore_ament_install'
[0.398s] Level 1:colcon.colcon_core.package_identification:_identify(src/excavator_viewer) by extensions ['colcon_pkg']
[0.398s] Level 1:colcon.colcon_core.package_identification:_identify(src/excavator_viewer) by extension 'colcon_pkg'
[0.398s] Level 1:colcon.colcon_core.package_identification:_identify(src/excavator_viewer) by extensions ['colcon_meta']
[0.398s] Level 1:colcon.colcon_core.package_identification:_identify(src/excavator_viewer) by extension 'colcon_meta'
[0.398s] Level 1:colcon.colcon_core.package_identification:_identify(src/excavator_viewer) by extensions ['ros']
[0.398s] Level 1:colcon.colcon_core.package_identification:_identify(src/excavator_viewer) by extension 'ros'
[0.398s] DEBUG:colcon.colcon_core.package_identification:Package 'src/excavator_viewer' with type 'ros.ament_cmake' and name 'excavator_viewer'
[0.398s] Level 1:colcon.colcon_core.package_discovery:discover_packages(recursive) using defaults
[0.398s] Level 1:colcon.colcon_core.package_discovery:discover_packages(ignore) discover
[0.398s] Level 1:colcon.colcon_core.package_discovery:discover_packages(ignore) using defaults
[0.398s] Level 1:colcon.colcon_core.package_discovery:discover_packages(path) discover
[0.398s] Level 1:colcon.colcon_core.package_discovery:discover_packages(path) using defaults
[0.427s] Level 1:colcon.colcon_core.package_discovery:discover_packages(prefix_path) check parameters
[0.427s] Level 1:colcon.colcon_core.package_discovery:discover_packages(prefix_path) discover
[0.429s] DEBUG:colcon.colcon_installed_package_information.package_discovery:Found 21 installed packages in /home/ubuntu2204/wslearning/install
[0.430s] DEBUG:colcon.colcon_installed_package_information.package_discovery:Found 468 installed packages in /opt/ros/humble
[0.431s] Level 1:colcon.colcon_core.package_discovery:discover_packages(prefix_path) using defaults
[0.472s] Level 5:colcon.colcon_core.verb:set package 'excavator_auto_dig' build argument 'cmake_args' from command line to 'None'
[0.472s] Level 5:colcon.colcon_core.verb:set package 'excavator_auto_dig' build argument 'cmake_target' from command line to 'None'
[0.472s] Level 5:colcon.colcon_core.verb:set package 'excavator_auto_dig' build argument 'cmake_target_skip_unavailable' from command line to 'False'
[0.472s] Level 5:colcon.colcon_core.verb:set package 'excavator_auto_dig' build argument 'cmake_clean_cache' from command line to 'False'
[0.472s] Level 5:colcon.colcon_core.verb:set package 'excavator_auto_dig' build argument 'cmake_clean_first' from command line to 'False'
[0.472s] Level 5:colcon.colcon_core.verb:set package 'excavator_auto_dig' build argument 'cmake_force_configure' from command line to 'False'
[0.472s] Level 5:colcon.colcon_core.verb:set package 'excavator_auto_dig' build argument 'ament_cmake_args' from command line to 'None'
[0.472s] Level 5:colcon.colcon_core.verb:set package 'excavator_auto_dig' build argument 'catkin_cmake_args' from command line to 'None'
[0.472s] Level 5:colcon.colcon_core.verb:set package 'excavator_auto_dig' build argument 'catkin_skip_building_tests' from command line to 'False'
[0.472s] DEBUG:colcon.colcon_core.verb:Building package 'excavator_auto_dig' with the following arguments: {'ament_cmake_args': None, 'build_base': '/home/ubuntu2204/mujoco_develop/excavator_ros2_ws/build/excavator_auto_dig', 'catkin_cmake_args': None, 'catkin_skip_building_tests': False, 'cmake_args': None, 'cmake_clean_cache': False, 'cmake_clean_first': False, 'cmake_force_configure': False, 'cmake_target': None, 'cmake_target_skip_unavailable': False, 'install_base': '/home/ubuntu2204/mujoco_develop/excavator_ros2_ws/install/excavator_auto_dig', 'merge_install': False, 'path': '/home/ubuntu2204/mujoco_develop/excavator_ros2_ws/src/excavator_auto_dig', 'symlink_install': False, 'test_result_base': None}
[0.472s] Level 5:colcon.colcon_core.verb:set package 'excavator_demo' build argument 'cmake_args' from command line to 'None'
[0.472s] Level 5:colcon.colcon_core.verb:set package 'excavator_demo' build argument 'cmake_target' from command line to 'None'
[0.472s] Level 5:colcon.colcon_core.verb:set package 'excavator_demo' build argument 'cmake_target_skip_unavailable' from command line to 'False'
[0.472s] Level 5:colcon.colcon_core.verb:set package 'excavator_demo' build argument 'cmake_clean_cache' from command line to 'False'
[0.472s] Level 5:colcon.colcon_core.verb:set package 'excavator_demo' build argument 'cmake_clean_first' from command line to 'False'
[0.472s] Level 5:colcon.colcon_core.verb:set package 'excavator_demo' build argument 'cmake_force_configure' from command line to 'False'
[0.472s] Level 5:colcon.colcon_core.verb:set package 'excavator_demo' build argument 'ament_cmake_args' from command line to 'None'
[0.472s] Level 5:colcon.colcon_core.verb:set package 'excavator_demo' build argument 'catkin_cmake_args' from command line to 'None'
[0.472s] Level 5:colcon.colcon_core.verb:set package 'excavator_demo' build argument 'catkin_skip_building_tests' from command line to 'False'
[0.472s] DEBUG:colcon.colcon_core.verb:Building package 'excavator_demo' with the following arguments: {'ament_cmake_args': None, 'build_base': '/home/ubuntu2204/mujoco_develop/excavator_ros2_ws/build/excavator_demo', 'catkin_cmake_args': None, 'catkin_skip_building_tests': False, 'cmake_args': None, 'cmake_clean_cache': False, 'cmake_clean_first': False, 'cmake_force_configure': False, 'cmake_target': None, 'cmake_target_skip_unavailable': False, 'install_base': '/home/ubuntu2204/mujoco_develop/excavator_ros2_ws/install/excavator_demo', 'merge_install': False, 'path': '/home/ubuntu2204/mujoco_develop/excavator_ros2_ws/src/excavator_demo', 'symlink_install': False, 'test_result_base': None}
[0.473s] Level 5:colcon.colcon_core.verb:set package 'excavator_ros2_bridge' build argument 'cmake_args' from command line to 'None'
[0.473s] Level 5:colcon.colcon_core.verb:set package 'excavator_ros2_bridge' build argument 'cmake_target' from command line to 'None'
[0.473s] Level 5:colcon.colcon_core.verb:set package 'excavator_ros2_bridge' build argument 'cmake_target_skip_unavailable' from command line to 'False'
[0.473s] Level 5:colcon.colcon_core.verb:set package 'excavator_ros2_bridge' build argument 'cmake_clean_cache' from command line to 'False'
[0.473s] Level 5:colcon.colcon_core.verb:set package 'excavator_ros2_bridge' build argument 'cmake_clean_first' from command line to 'False'
[0.473s] Level 5:colcon.colcon_core.verb:set package 'excavator_ros2_bridge' build argument 'cmake_force_configure' from command line to 'False'
[0.473s] Level 5:colcon.colcon_core.verb:set package 'excavator_ros2_bridge' build argument 'ament_cmake_args' from command line to 'None'
[0.473s] Level 5:colcon.colcon_core.verb:set package 'excavator_ros2_bridge' build argument 'catkin_cmake_args' from command line to 'None'
[0.473s] Level 5:colcon.colcon_core.verb:set package 'excavator_ros2_bridge' build argument 'catkin_skip_building_tests' from command line to 'False'
[0.473s] DEBUG:colcon.colcon_core.verb:Building package 'excavator_ros2_bridge' with the following arguments: {'ament_cmake_args': None, 'build_base': '/home/ubuntu2204/mujoco_develop/excavator_ros2_ws/build/excavator_ros2_bridge', 'catkin_cmake_args': None, 'catkin_skip_building_tests': False, 'cmake_args': None, 'cmake_clean_cache': False, 'cmake_clean_first': False, 'cmake_force_configure': False, 'cmake_target': None, 'cmake_target_skip_unavailable': False, 'install_base': '/home/ubuntu2204/mujoco_develop/excavator_ros2_ws/install/excavator_ros2_bridge', 'merge_install': False, 'path': '/home/ubuntu2204/mujoco_develop/excavator_ros2_ws/src/excavator_ros2_bridge', 'symlink_install': False, 'test_result_base': None}
[0.473s] Level 5:colcon.colcon_core.verb:set package 'excavator_simulate_ros2' build argument 'cmake_args' from command line to 'None'
[0.473s] Level 5:colcon.colcon_core.verb:set package 'excavator_simulate_ros2' build argument 'cmake_target' from command line to 'None'
[0.473s] Level 5:colcon.colcon_core.verb:set package 'excavator_simulate_ros2' build argument 'cmake_target_skip_unavailable' from command line to 'False'
[0.473s] Level 5:colcon.colcon_core.verb:set package 'excavator_simulate_ros2' build argument 'cmake_clean_cache' from command line to 'False'
[0.473s] Level 5:colcon.colcon_core.verb:set package 'excavator_simulate_ros2' build argument 'cmake_clean_first' from command line to 'False'
[0.473s] Level 5:colcon.colcon_core.verb:set package 'excavator_simulate_ros2' build argument 'cmake_force_configure' from command line to 'False'
[0.473s] Level 5:colcon.colcon_core.verb:set package 'excavator_simulate_ros2' build argument 'ament_cmake_args' from command line to 'None'
[0.473s] Level 5:colcon.colcon_core.verb:set package 'excavator_simulate_ros2' build argument 'catkin_cmake_args' from command line to 'None'
[0.473s] Level 5:colcon.colcon_core.verb:set package 'excavator_simulate_ros2' build argument 'catkin_skip_building_tests' from command line to 'False'
[0.473s] DEBUG:colcon.colcon_core.verb:Building package 'excavator_simulate_ros2' with the following arguments: {'ament_cmake_args': None, 'build_base': '/home/ubuntu2204/mujoco_develop/excavator_ros2_ws/build/excavator_simulate_ros2', 'catkin_cmake_args': None, 'catkin_skip_building_tests': False, 'cmake_args': None, 'cmake_clean_cache': False, 'cmake_clean_first': False, 'cmake_force_configure': False, 'cmake_target': None, 'cmake_target_skip_unavailable': False, 'install_base': '/home/ubuntu2204/mujoco_develop/excavator_ros2_ws/install/excavator_simulate_ros2', 'merge_install': False, 'path': '/home/ubuntu2204/mujoco_develop/excavator_ros2_ws/src/excavator_simulate_ros2', 'symlink_install': False, 'test_result_base': None}
[0.473s] Level 5:colcon.colcon_core.verb:set package 'excavator_viewer' build argument 'cmake_args' from command line to 'None'
[0.473s] Level 5:colcon.colcon_core.verb:set package 'excavator_viewer' build argument 'cmake_target' from command line to 'None'
[0.473s] Level 5:colcon.colcon_core.verb:set package 'excavator_viewer' build argument 'cmake_target_skip_unavailable' from command line to 'False'
[0.473s] Level 5:colcon.colcon_core.verb:set package 'excavator_viewer' build argument 'cmake_clean_cache' from command line to 'False'
[0.473s] Level 5:colcon.colcon_core.verb:set package 'excavator_viewer' build argument 'cmake_clean_first' from command line to 'False'
[0.473s] Level 5:colcon.colcon_core.verb:set package 'excavator_viewer' build argument 'cmake_force_configure' from command line to 'False'
[0.473s] Level 5:colcon.colcon_core.verb:set package 'excavator_viewer' build argument 'ament_cmake_args' from command line to 'None'
[0.474s] Level 5:colcon.colcon_core.verb:set package 'excavator_viewer' build argument 'catkin_cmake_args' from command line to 'None'
[0.474s] Level 5:colcon.colcon_core.verb:set package 'excavator_viewer' build argument 'catkin_skip_building_tests' from command line to 'False'
[0.474s] DEBUG:colcon.colcon_core.verb:Building package 'excavator_viewer' with the following arguments: {'ament_cmake_args': None, 'build_base': '/home/ubuntu2204/mujoco_develop/excavator_ros2_ws/build/excavator_viewer', 'catkin_cmake_args': None, 'catkin_skip_building_tests': False, 'cmake_args': None, 'cmake_clean_cache': False, 'cmake_clean_first': False, 'cmake_force_configure': False, 'cmake_target': None, 'cmake_target_skip_unavailable': False, 'install_base': '/home/ubuntu2204/mujoco_develop/excavator_ros2_ws/install/excavator_viewer', 'merge_install': False, 'path': '/home/ubuntu2204/mujoco_develop/excavator_ros2_ws/src/excavator_viewer', 'symlink_install': False, 'test_result_base': None}
[0.474s] INFO:colcon.colcon_core.executor:Executing jobs using 'parallel' executor
[0.474s] DEBUG:colcon.colcon_parallel_executor.executor.parallel:run_until_complete
[0.475s] INFO:colcon.colcon_ros.task.ament_cmake.build:Building ROS package in '/home/ubuntu2204/mujoco_develop/excavator_ros2_ws/src/excavator_auto_dig' with build type 'ament_cmake'
[0.475s] INFO:colcon.colcon_cmake.task.cmake.build:Building CMake package in '/home/ubuntu2204/mujoco_develop/excavator_ros2_ws/src/excavator_auto_dig'
[0.477s] INFO:colcon.colcon_core.plugin_system:Skipping extension 'colcon_core.shell.bat': Not used on non-Windows systems
[0.477s] INFO:colcon.colcon_core.shell:Skip shell extension 'powershell' for command environment: Not usable outside of PowerShell
[0.477s] DEBUG:colcon.colcon_core.shell:Skip shell extension 'dsv' for command environment
[0.481s] INFO:colcon.colcon_ros.task.ament_cmake.build:Building ROS package in '/home/ubuntu2204/mujoco_develop/excavator_ros2_ws/src/excavator_demo' with build type 'ament_cmake'
[0.481s] INFO:colcon.colcon_cmake.task.cmake.build:Building CMake package in '/home/ubuntu2204/mujoco_develop/excavator_ros2_ws/src/excavator_demo'
[0.481s] INFO:colcon.colcon_core.shell:Skip shell extension 'powershell' for command environment: Not usable outside of PowerShell
[0.481s] DEBUG:colcon.colcon_core.shell:Skip shell extension 'dsv' for command environment
[0.485s] INFO:colcon.colcon_ros.task.ament_cmake.build:Building ROS package in '/home/ubuntu2204/mujoco_develop/excavator_ros2_ws/src/excavator_ros2_bridge' with build type 'ament_cmake'
[0.486s] INFO:colcon.colcon_cmake.task.cmake.build:Building CMake package in '/home/ubuntu2204/mujoco_develop/excavator_ros2_ws/src/excavator_ros2_bridge'
[0.486s] INFO:colcon.colcon_core.shell:Skip shell extension 'powershell' for command environment: Not usable outside of PowerShell
[0.486s] DEBUG:colcon.colcon_core.shell:Skip shell extension 'dsv' for command environment
[0.490s] INFO:colcon.colcon_ros.task.ament_cmake.build:Building ROS package in '/home/ubuntu2204/mujoco_develop/excavator_ros2_ws/src/excavator_simulate_ros2' with build type 'ament_cmake'
[0.490s] INFO:colcon.colcon_cmake.task.cmake.build:Building CMake package in '/home/ubuntu2204/mujoco_develop/excavator_ros2_ws/src/excavator_simulate_ros2'
[0.491s] INFO:colcon.colcon_core.shell:Skip shell extension 'powershell' for command environment: Not usable outside of PowerShell
[0.491s] DEBUG:colcon.colcon_core.shell:Skip shell extension 'dsv' for command environment
[0.495s] INFO:colcon.colcon_ros.task.ament_cmake.build:Building ROS package in '/home/ubuntu2204/mujoco_develop/excavator_ros2_ws/src/excavator_viewer' with build type 'ament_cmake'
[0.495s] INFO:colcon.colcon_cmake.task.cmake.build:Building CMake package in '/home/ubuntu2204/mujoco_develop/excavator_ros2_ws/src/excavator_viewer'
[0.495s] INFO:colcon.colcon_core.shell:Skip shell extension 'powershell' for command environment: Not usable outside of PowerShell
[0.495s] DEBUG:colcon.colcon_core.shell:Skip shell extension 'dsv' for command environment
[0.507s] DEBUG:colcon.colcon_core.event_handler.log_command:Invoking command in '/home/ubuntu2204/mujoco_develop/excavator_ros2_ws/build/excavator_auto_dig': CMAKE_PREFIX_PATH=${CMAKE_PREFIX_PATH}:/home/ubuntu2204/wslearning/install/learning_urdf:/home/ubuntu2204/wslearning/install/learning_topic:/home/ubuntu2204/wslearning/install/learning_tf:/home/ubuntu2204/wslearning/install/learning_service:/home/ubuntu2204/wslearning/install/learning_qos:/home/ubuntu2204/wslearning/install/learning_pkg_python:/home/ubuntu2204/wslearning/install/learning_parameter:/home/ubuntu2204/wslearning/install/learning_node:/home/ubuntu2204/wslearning/install/learning_launch:/home/ubuntu2204/wslearning/install/learning_action:/home/ubuntu2204/wslearning/install/learning_gazebo_harmonic:/home/ubuntu2204/wslearning/install/learning_gazebo:/home/ubuntu2204/wslearning/install/learning_cv:/opt/ros/humble /usr/bin/cmake --build /home/ubuntu2204/mujoco_develop/excavator_ros2_ws/build/excavator_auto_dig -- -j12 -l12
[0.510s] DEBUG:colcon.colcon_core.event_handler.log_command:Invoking command in '/home/ubuntu2204/mujoco_develop/excavator_ros2_ws/build/excavator_demo': CMAKE_PREFIX_PATH=${CMAKE_PREFIX_PATH}:/home/ubuntu2204/wslearning/install/learning_urdf:/home/ubuntu2204/wslearning/install/learning_topic:/home/ubuntu2204/wslearning/install/learning_tf:/home/ubuntu2204/wslearning/install/learning_service:/home/ubuntu2204/wslearning/install/learning_qos:/home/ubuntu2204/wslearning/install/learning_pkg_python:/home/ubuntu2204/wslearning/install/learning_parameter:/home/ubuntu2204/wslearning/install/learning_node:/home/ubuntu2204/wslearning/install/learning_launch:/home/ubuntu2204/wslearning/install/learning_action:/home/ubuntu2204/wslearning/install/learning_gazebo_harmonic:/home/ubuntu2204/wslearning/install/learning_gazebo:/home/ubuntu2204/wslearning/install/learning_cv:/opt/ros/humble /usr/bin/cmake --build /home/ubuntu2204/mujoco_develop/excavator_ros2_ws/build/excavator_demo -- -j12 -l12
[0.514s] DEBUG:colcon.colcon_core.event_handler.log_command:Invoking command in '/home/ubuntu2204/mujoco_develop/excavator_ros2_ws/build/excavator_ros2_bridge': CMAKE_PREFIX_PATH=${CMAKE_PREFIX_PATH}:/home/ubuntu2204/wslearning/install/learning_urdf:/home/ubuntu2204/wslearning/install/learning_topic:/home/ubuntu2204/wslearning/install/learning_tf:/home/ubuntu2204/wslearning/install/learning_service:/home/ubuntu2204/wslearning/install/learning_qos:/home/ubuntu2204/wslearning/install/learning_pkg_python:/home/ubuntu2204/wslearning/install/learning_parameter:/home/ubuntu2204/wslearning/install/learning_node:/home/ubuntu2204/wslearning/install/learning_launch:/home/ubuntu2204/wslearning/install/learning_action:/home/ubuntu2204/wslearning/install/learning_gazebo_harmonic:/home/ubuntu2204/wslearning/install/learning_gazebo:/home/ubuntu2204/wslearning/install/learning_cv:/opt/ros/humble /usr/bin/cmake --build /home/ubuntu2204/mujoco_develop/excavator_ros2_ws/build/excavator_ros2_bridge -- -j12 -l12
[0.522s] DEBUG:colcon.colcon_core.event_handler.log_command:Invoking command in '/home/ubuntu2204/mujoco_develop/excavator_ros2_ws/build/excavator_simulate_ros2': CMAKE_PREFIX_PATH=${CMAKE_PREFIX_PATH}:/home/ubuntu2204/wslearning/install/learning_urdf:/home/ubuntu2204/wslearning/install/learning_topic:/home/ubuntu2204/wslearning/install/learning_tf:/home/ubuntu2204/wslearning/install/learning_service:/home/ubuntu2204/wslearning/install/learning_qos:/home/ubuntu2204/wslearning/install/learning_pkg_python:/home/ubuntu2204/wslearning/install/learning_parameter:/home/ubuntu2204/wslearning/install/learning_node:/home/ubuntu2204/wslearning/install/learning_launch:/home/ubuntu2204/wslearning/install/learning_action:/home/ubuntu2204/wslearning/install/learning_gazebo_harmonic:/home/ubuntu2204/wslearning/install/learning_gazebo:/home/ubuntu2204/wslearning/install/learning_cv:/opt/ros/humble /usr/bin/cmake --build /home/ubuntu2204/mujoco_develop/excavator_ros2_ws/build/excavator_simulate_ros2 -- -j12 -l12
[0.528s] DEBUG:colcon.colcon_core.event_handler.log_command:Invoking command in '/home/ubuntu2204/mujoco_develop/excavator_ros2_ws/build/excavator_viewer': CMAKE_PREFIX_PATH=${CMAKE_PREFIX_PATH}:/home/ubuntu2204/wslearning/install/learning_urdf:/home/ubuntu2204/wslearning/install/learning_topic:/home/ubuntu2204/wslearning/install/learning_tf:/home/ubuntu2204/wslearning/install/learning_service:/home/ubuntu2204/wslearning/install/learning_qos:/home/ubuntu2204/wslearning/install/learning_pkg_python:/home/ubuntu2204/wslearning/install/learning_parameter:/home/ubuntu2204/wslearning/install/learning_node:/home/ubuntu2204/wslearning/install/learning_launch:/home/ubuntu2204/wslearning/install/learning_action:/home/ubuntu2204/wslearning/install/learning_gazebo_harmonic:/home/ubuntu2204/wslearning/install/learning_gazebo:/home/ubuntu2204/wslearning/install/learning_cv:/opt/ros/humble /usr/bin/cmake --build /home/ubuntu2204/mujoco_develop/excavator_ros2_ws/build/excavator_viewer -- -j12 -l12
[0.577s] DEBUG:colcon.colcon_core.event_handler.log_command:Invoked command in '/home/ubuntu2204/mujoco_develop/excavator_ros2_ws/build/excavator_auto_dig' returned '0': CMAKE_PREFIX_PATH=${CMAKE_PREFIX_PATH}:/home/ubuntu2204/wslearning/install/learning_urdf:/home/ubuntu2204/wslearning/install/learning_topic:/home/ubuntu2204/wslearning/install/learning_tf:/home/ubuntu2204/wslearning/install/learning_service:/home/ubuntu2204/wslearning/install/learning_qos:/home/ubuntu2204/wslearning/install/learning_pkg_python:/home/ubuntu2204/wslearning/install/learning_parameter:/home/ubuntu2204/wslearning/install/learning_node:/home/ubuntu2204/wslearning/install/learning_launch:/home/ubuntu2204/wslearning/install/learning_action:/home/ubuntu2204/wslearning/install/learning_gazebo_harmonic:/home/ubuntu2204/wslearning/install/learning_gazebo:/home/ubuntu2204/wslearning/install/learning_cv:/opt/ros/humble /usr/bin/cmake --build /home/ubuntu2204/mujoco_develop/excavator_ros2_ws/build/excavator_auto_dig -- -j12 -l12
[0.587s] DEBUG:colcon.colcon_core.event_handler.log_command:Invoking command in '/home/ubuntu2204/mujoco_develop/excavator_ros2_ws/build/excavator_auto_dig': CMAKE_PREFIX_PATH=${CMAKE_PREFIX_PATH}:/home/ubuntu2204/wslearning/install/learning_urdf:/home/ubuntu2204/wslearning/install/learning_topic:/home/ubuntu2204/wslearning/install/learning_tf:/home/ubuntu2204/wslearning/install/learning_service:/home/ubuntu2204/wslearning/install/learning_qos:/home/ubuntu2204/wslearning/install/learning_pkg_python:/home/ubuntu2204/wslearning/install/learning_parameter:/home/ubuntu2204/wslearning/install/learning_node:/home/ubuntu2204/wslearning/install/learning_launch:/home/ubuntu2204/wslearning/install/learning_action:/home/ubuntu2204/wslearning/install/learning_gazebo_harmonic:/home/ubuntu2204/wslearning/install/learning_gazebo:/home/ubuntu2204/wslearning/install/learning_cv:/opt/ros/humble /usr/bin/cmake --install /home/ubuntu2204/mujoco_develop/excavator_ros2_ws/build/excavator_auto_dig
[0.598s] Level 1:colcon.colcon_core.environment:create_environment_scripts_only(excavator_auto_dig)
[0.599s] DEBUG:colcon.colcon_core.event_handler.log_command:Invoked command in '/home/ubuntu2204/mujoco_develop/excavator_ros2_ws/build/excavator_auto_dig' returned '0': CMAKE_PREFIX_PATH=${CMAKE_PREFIX_PATH}:/home/ubuntu2204/wslearning/install/learning_urdf:/home/ubuntu2204/wslearning/install/learning_topic:/home/ubuntu2204/wslearning/install/learning_tf:/home/ubuntu2204/wslearning/install/learning_service:/home/ubuntu2204/wslearning/install/learning_qos:/home/ubuntu2204/wslearning/install/learning_pkg_python:/home/ubuntu2204/wslearning/install/learning_parameter:/home/ubuntu2204/wslearning/install/learning_node:/home/ubuntu2204/wslearning/install/learning_launch:/home/ubuntu2204/wslearning/install/learning_action:/home/ubuntu2204/wslearning/install/learning_gazebo_harmonic:/home/ubuntu2204/wslearning/install/learning_gazebo:/home/ubuntu2204/wslearning/install/learning_cv:/opt/ros/humble /usr/bin/cmake --install /home/ubuntu2204/mujoco_develop/excavator_ros2_ws/build/excavator_auto_dig
[0.601s] Level 1:colcon.colcon_core.environment:checking '/home/ubuntu2204/mujoco_develop/excavator_ros2_ws/install/excavator_auto_dig' for CMake module files
[0.602s] Level 1:colcon.colcon_core.environment:checking '/home/ubuntu2204/mujoco_develop/excavator_ros2_ws/install/excavator_auto_dig' for CMake config files
[0.603s] Level 1:colcon.colcon_core.shell:create_environment_hook('excavator_auto_dig', 'cmake_prefix_path')
[0.603s] INFO:colcon.colcon_core.shell:Creating environment hook '/home/ubuntu2204/mujoco_develop/excavator_ros2_ws/install/excavator_auto_dig/share/excavator_auto_dig/hook/cmake_prefix_path.ps1'
[0.604s] INFO:colcon.colcon_core.shell:Creating environment descriptor '/home/ubuntu2204/mujoco_develop/excavator_ros2_ws/install/excavator_auto_dig/share/excavator_auto_dig/hook/cmake_prefix_path.dsv'
[0.604s] INFO:colcon.colcon_core.shell:Creating environment hook '/home/ubuntu2204/mujoco_develop/excavator_ros2_ws/install/excavator_auto_dig/share/excavator_auto_dig/hook/cmake_prefix_path.sh'
[0.605s] Level 1:colcon.colcon_core.environment:checking '/home/ubuntu2204/mujoco_develop/excavator_ros2_ws/install/excavator_auto_dig/lib'
[0.605s] Level 1:colcon.colcon_core.environment:checking '/home/ubuntu2204/mujoco_develop/excavator_ros2_ws/install/excavator_auto_dig/bin'
[0.605s] Level 1:colcon.colcon_core.environment:checking '/home/ubuntu2204/mujoco_develop/excavator_ros2_ws/install/excavator_auto_dig/lib/pkgconfig/excavator_auto_dig.pc'
[0.605s] Level 1:colcon.colcon_core.environment:checking '/home/ubuntu2204/mujoco_develop/excavator_ros2_ws/install/excavator_auto_dig/lib/python3.10/site-packages'
[0.606s] Level 1:colcon.colcon_core.environment:checking '/home/ubuntu2204/mujoco_develop/excavator_ros2_ws/install/excavator_auto_dig/bin'
[0.606s] INFO:colcon.colcon_core.shell:Creating package script '/home/ubuntu2204/mujoco_develop/excavator_ros2_ws/install/excavator_auto_dig/share/excavator_auto_dig/package.ps1'
[0.607s] INFO:colcon.colcon_core.shell:Creating package descriptor '/home/ubuntu2204/mujoco_develop/excavator_ros2_ws/install/excavator_auto_dig/share/excavator_auto_dig/package.dsv'
[0.607s] INFO:colcon.colcon_core.shell:Creating package script '/home/ubuntu2204/mujoco_develop/excavator_ros2_ws/install/excavator_auto_dig/share/excavator_auto_dig/package.sh'
[0.608s] INFO:colcon.colcon_core.shell:Creating package script '/home/ubuntu2204/mujoco_develop/excavator_ros2_ws/install/excavator_auto_dig/share/excavator_auto_dig/package.bash'
[0.608s] INFO:colcon.colcon_core.shell:Creating package script '/home/ubuntu2204/mujoco_develop/excavator_ros2_ws/install/excavator_auto_dig/share/excavator_auto_dig/package.zsh'
[0.609s] Level 1:colcon.colcon_core.environment:create_file_with_runtime_dependencies(/home/ubuntu2204/mujoco_develop/excavator_ros2_ws/install/excavator_auto_dig/share/colcon-core/packages/excavator_auto_dig)
[0.610s] Level 1:colcon.colcon_core.environment:create_environment_scripts_only(excavator_auto_dig)
[0.610s] Level 1:colcon.colcon_core.environment:checking '/home/ubuntu2204/mujoco_develop/excavator_ros2_ws/install/excavator_auto_dig' for CMake module files
[0.610s] Level 1:colcon.colcon_core.environment:checking '/home/ubuntu2204/mujoco_develop/excavator_ros2_ws/install/excavator_auto_dig' for CMake config files
[0.610s] Level 1:colcon.colcon_core.shell:create_environment_hook('excavator_auto_dig', 'cmake_prefix_path')
[0.610s] INFO:colcon.colcon_core.shell:Creating environment hook '/home/ubuntu2204/mujoco_develop/excavator_ros2_ws/install/excavator_auto_dig/share/excavator_auto_dig/hook/cmake_prefix_path.ps1'
[0.611s] INFO:colcon.colcon_core.shell:Creating environment descriptor '/home/ubuntu2204/mujoco_develop/excavator_ros2_ws/install/excavator_auto_dig/share/excavator_auto_dig/hook/cmake_prefix_path.dsv'
[0.611s] INFO:colcon.colcon_core.shell:Creating environment hook '/home/ubuntu2204/mujoco_develop/excavator_ros2_ws/install/excavator_auto_dig/share/excavator_auto_dig/hook/cmake_prefix_path.sh'
[0.611s] Level 1:colcon.colcon_core.environment:checking '/home/ubuntu2204/mujoco_develop/excavator_ros2_ws/install/excavator_auto_dig/lib'
[0.612s] Level 1:colcon.colcon_core.environment:checking '/home/ubuntu2204/mujoco_develop/excavator_ros2_ws/install/excavator_auto_dig/bin'
[0.612s] Level 1:colcon.colcon_core.environment:checking '/home/ubuntu2204/mujoco_develop/excavator_ros2_ws/install/excavator_auto_dig/lib/pkgconfig/excavator_auto_dig.pc'
[0.612s] Level 1:colcon.colcon_core.environment:checking '/home/ubuntu2204/mujoco_develop/excavator_ros2_ws/install/excavator_auto_dig/lib/python3.10/site-packages'
[0.612s] Level 1:colcon.colcon_core.environment:checking '/home/ubuntu2204/mujoco_develop/excavator_ros2_ws/install/excavator_auto_dig/bin'
[0.612s] INFO:colcon.colcon_core.shell:Creating package script '/home/ubuntu2204/mujoco_develop/excavator_ros2_ws/install/excavator_auto_dig/share/excavator_auto_dig/package.ps1'
[0.613s] INFO:colcon.colcon_core.shell:Creating package descriptor '/home/ubuntu2204/mujoco_develop/excavator_ros2_ws/install/excavator_auto_dig/share/excavator_auto_dig/package.dsv'
[0.613s] INFO:colcon.colcon_core.shell:Creating package script '/home/ubuntu2204/mujoco_develop/excavator_ros2_ws/install/excavator_auto_dig/share/excavator_auto_dig/package.sh'
[0.614s] INFO:colcon.colcon_core.shell:Creating package script '/home/ubuntu2204/mujoco_develop/excavator_ros2_ws/install/excavator_auto_dig/share/excavator_auto_dig/package.bash'
[0.614s] INFO:colcon.colcon_core.shell:Creating package script '/home/ubuntu2204/mujoco_develop/excavator_ros2_ws/install/excavator_auto_dig/share/excavator_auto_dig/package.zsh'
[0.615s] Level 1:colcon.colcon_core.environment:create_file_with_runtime_dependencies(/home/ubuntu2204/mujoco_develop/excavator_ros2_ws/install/excavator_auto_dig/share/colcon-core/packages/excavator_auto_dig)
[0.617s] DEBUG:colcon.colcon_core.event_handler.log_command:Invoked command in '/home/ubuntu2204/mujoco_develop/excavator_ros2_ws/build/excavator_simulate_ros2' returned '0': CMAKE_PREFIX_PATH=${CMAKE_PREFIX_PATH}:/home/ubuntu2204/wslearning/install/learning_urdf:/home/ubuntu2204/wslearning/install/learning_topic:/home/ubuntu2204/wslearning/install/learning_tf:/home/ubuntu2204/wslearning/install/learning_service:/home/ubuntu2204/wslearning/install/learning_qos:/home/ubuntu2204/wslearning/install/learning_pkg_python:/home/ubuntu2204/wslearning/install/learning_parameter:/home/ubuntu2204/wslearning/install/learning_node:/home/ubuntu2204/wslearning/install/learning_launch:/home/ubuntu2204/wslearning/install/learning_action:/home/ubuntu2204/wslearning/install/learning_gazebo_harmonic:/home/ubuntu2204/wslearning/install/learning_gazebo:/home/ubuntu2204/wslearning/install/learning_cv:/opt/ros/humble /usr/bin/cmake --build /home/ubuntu2204/mujoco_develop/excavator_ros2_ws/build/excavator_simulate_ros2 -- -j12 -l12
[0.621s] DEBUG:colcon.colcon_core.event_handler.log_command:Invoking command in '/home/ubuntu2204/mujoco_develop/excavator_ros2_ws/build/excavator_simulate_ros2': CMAKE_PREFIX_PATH=${CMAKE_PREFIX_PATH}:/home/ubuntu2204/wslearning/install/learning_urdf:/home/ubuntu2204/wslearning/install/learning_topic:/home/ubuntu2204/wslearning/install/learning_tf:/home/ubuntu2204/wslearning/install/learning_service:/home/ubuntu2204/wslearning/install/learning_qos:/home/ubuntu2204/wslearning/install/learning_pkg_python:/home/ubuntu2204/wslearning/install/learning_parameter:/home/ubuntu2204/wslearning/install/learning_node:/home/ubuntu2204/wslearning/install/learning_launch:/home/ubuntu2204/wslearning/install/learning_action:/home/ubuntu2204/wslearning/install/learning_gazebo_harmonic:/home/ubuntu2204/wslearning/install/learning_gazebo:/home/ubuntu2204/wslearning/install/learning_cv:/opt/ros/humble /usr/bin/cmake --install /home/ubuntu2204/mujoco_develop/excavator_ros2_ws/build/excavator_simulate_ros2
[0.623s] DEBUG:colcon.colcon_core.event_handler.log_command:Invoked command in '/home/ubuntu2204/mujoco_develop/excavator_ros2_ws/build/excavator_viewer' returned '0': CMAKE_PREFIX_PATH=${CMAKE_PREFIX_PATH}:/home/ubuntu2204/wslearning/install/learning_urdf:/home/ubuntu2204/wslearning/install/learning_topic:/home/ubuntu2204/wslearning/install/learning_tf:/home/ubuntu2204/wslearning/install/learning_service:/home/ubuntu2204/wslearning/install/learning_qos:/home/ubuntu2204/wslearning/install/learning_pkg_python:/home/ubuntu2204/wslearning/install/learning_parameter:/home/ubuntu2204/wslearning/install/learning_node:/home/ubuntu2204/wslearning/install/learning_launch:/home/ubuntu2204/wslearning/install/learning_action:/home/ubuntu2204/wslearning/install/learning_gazebo_harmonic:/home/ubuntu2204/wslearning/install/learning_gazebo:/home/ubuntu2204/wslearning/install/learning_cv:/opt/ros/humble /usr/bin/cmake --build /home/ubuntu2204/mujoco_develop/excavator_ros2_ws/build/excavator_viewer -- -j12 -l12
[0.626s] DEBUG:colcon.colcon_core.event_handler.log_command:Invoking command in '/home/ubuntu2204/mujoco_develop/excavator_ros2_ws/build/excavator_viewer': CMAKE_PREFIX_PATH=${CMAKE_PREFIX_PATH}:/home/ubuntu2204/wslearning/install/learning_urdf:/home/ubuntu2204/wslearning/install/learning_topic:/home/ubuntu2204/wslearning/install/learning_tf:/home/ubuntu2204/wslearning/install/learning_service:/home/ubuntu2204/wslearning/install/learning_qos:/home/ubuntu2204/wslearning/install/learning_pkg_python:/home/ubuntu2204/wslearning/install/learning_parameter:/home/ubuntu2204/wslearning/install/learning_node:/home/ubuntu2204/wslearning/install/learning_launch:/home/ubuntu2204/wslearning/install/learning_action:/home/ubuntu2204/wslearning/install/learning_gazebo_harmonic:/home/ubuntu2204/wslearning/install/learning_gazebo:/home/ubuntu2204/wslearning/install/learning_cv:/opt/ros/humble /usr/bin/cmake --install /home/ubuntu2204/mujoco_develop/excavator_ros2_ws/build/excavator_viewer
[0.627s] DEBUG:colcon.colcon_core.event_handler.log_command:Invoked command in '/home/ubuntu2204/mujoco_develop/excavator_ros2_ws/build/excavator_ros2_bridge' returned '0': CMAKE_PREFIX_PATH=${CMAKE_PREFIX_PATH}:/home/ubuntu2204/wslearning/install/learning_urdf:/home/ubuntu2204/wslearning/install/learning_topic:/home/ubuntu2204/wslearning/install/learning_tf:/home/ubuntu2204/wslearning/install/learning_service:/home/ubuntu2204/wslearning/install/learning_qos:/home/ubuntu2204/wslearning/install/learning_pkg_python:/home/ubuntu2204/wslearning/install/learning_parameter:/home/ubuntu2204/wslearning/install/learning_node:/home/ubuntu2204/wslearning/install/learning_launch:/home/ubuntu2204/wslearning/install/learning_action:/home/ubuntu2204/wslearning/install/learning_gazebo_harmonic:/home/ubuntu2204/wslearning/install/learning_gazebo:/home/ubuntu2204/wslearning/install/learning_cv:/opt/ros/humble /usr/bin/cmake --build /home/ubuntu2204/mujoco_develop/excavator_ros2_ws/build/excavator_ros2_bridge -- -j12 -l12
[0.629s] DEBUG:colcon.colcon_core.event_handler.log_command:Invoking command in '/home/ubuntu2204/mujoco_develop/excavator_ros2_ws/build/excavator_ros2_bridge': CMAKE_PREFIX_PATH=${CMAKE_PREFIX_PATH}:/home/ubuntu2204/wslearning/install/learning_urdf:/home/ubuntu2204/wslearning/install/learning_topic:/home/ubuntu2204/wslearning/install/learning_tf:/home/ubuntu2204/wslearning/install/learning_service:/home/ubuntu2204/wslearning/install/learning_qos:/home/ubuntu2204/wslearning/install/learning_pkg_python:/home/ubuntu2204/wslearning/install/learning_parameter:/home/ubuntu2204/wslearning/install/learning_node:/home/ubuntu2204/wslearning/install/learning_launch:/home/ubuntu2204/wslearning/install/learning_action:/home/ubuntu2204/wslearning/install/learning_gazebo_harmonic:/home/ubuntu2204/wslearning/install/learning_gazebo:/home/ubuntu2204/wslearning/install/learning_cv:/opt/ros/humble /usr/bin/cmake --install /home/ubuntu2204/mujoco_develop/excavator_ros2_ws/build/excavator_ros2_bridge
[0.640s] Level 1:colcon.colcon_core.environment:create_environment_scripts_only(excavator_simulate_ros2)
[0.640s] Level 1:colcon.colcon_core.environment:checking '/home/ubuntu2204/mujoco_develop/excavator_ros2_ws/install/excavator_simulate_ros2' for CMake module files
[0.643s] DEBUG:colcon.colcon_core.event_handler.log_command:Invoked command in '/home/ubuntu2204/mujoco_develop/excavator_ros2_ws/build/excavator_simulate_ros2' returned '0': CMAKE_PREFIX_PATH=${CMAKE_PREFIX_PATH}:/home/ubuntu2204/wslearning/install/learning_urdf:/home/ubuntu2204/wslearning/install/learning_topic:/home/ubuntu2204/wslearning/install/learning_tf:/home/ubuntu2204/wslearning/install/learning_service:/home/ubuntu2204/wslearning/install/learning_qos:/home/ubuntu2204/wslearning/install/learning_pkg_python:/home/ubuntu2204/wslearning/install/learning_parameter:/home/ubuntu2204/wslearning/install/learning_node:/home/ubuntu2204/wslearning/install/learning_launch:/home/ubuntu2204/wslearning/install/learning_action:/home/ubuntu2204/wslearning/install/learning_gazebo_harmonic:/home/ubuntu2204/wslearning/install/learning_gazebo:/home/ubuntu2204/wslearning/install/learning_cv:/opt/ros/humble /usr/bin/cmake --install /home/ubuntu2204/mujoco_develop/excavator_ros2_ws/build/excavator_simulate_ros2
[0.646s] Level 1:colcon.colcon_core.environment:checking '/home/ubuntu2204/mujoco_develop/excavator_ros2_ws/install/excavator_simulate_ros2' for CMake config files
[0.647s] Level 1:colcon.colcon_core.shell:create_environment_hook('excavator_simulate_ros2', 'cmake_prefix_path')
[0.648s] INFO:colcon.colcon_core.shell:Creating environment hook '/home/ubuntu2204/mujoco_develop/excavator_ros2_ws/install/excavator_simulate_ros2/share/excavator_simulate_ros2/hook/cmake_prefix_path.ps1'
[0.648s] INFO:colcon.colcon_core.shell:Creating environment descriptor '/home/ubuntu2204/mujoco_develop/excavator_ros2_ws/install/excavator_simulate_ros2/share/excavator_simulate_ros2/hook/cmake_prefix_path.dsv'
[0.648s] INFO:colcon.colcon_core.shell:Creating environment hook '/home/ubuntu2204/mujoco_develop/excavator_ros2_ws/install/excavator_simulate_ros2/share/excavator_simulate_ros2/hook/cmake_prefix_path.sh'
[0.649s] Level 1:colcon.colcon_core.environment:checking '/home/ubuntu2204/mujoco_develop/excavator_ros2_ws/install/excavator_simulate_ros2/lib'
[0.649s] Level 1:colcon.colcon_core.environment:checking '/home/ubuntu2204/mujoco_develop/excavator_ros2_ws/install/excavator_simulate_ros2/bin'
[0.649s] Level 1:colcon.colcon_core.environment:checking '/home/ubuntu2204/mujoco_develop/excavator_ros2_ws/install/excavator_simulate_ros2/lib/pkgconfig/excavator_simulate_ros2.pc'
[0.649s] Level 1:colcon.colcon_core.environment:checking '/home/ubuntu2204/mujoco_develop/excavator_ros2_ws/install/excavator_simulate_ros2/lib/python3.10/site-packages'
[0.649s] Level 1:colcon.colcon_core.environment:checking '/home/ubuntu2204/mujoco_develop/excavator_ros2_ws/install/excavator_simulate_ros2/bin'
[0.650s] INFO:colcon.colcon_core.shell:Creating package script '/home/ubuntu2204/mujoco_develop/excavator_ros2_ws/install/excavator_simulate_ros2/share/excavator_simulate_ros2/package.ps1'
[0.650s] INFO:colcon.colcon_core.shell:Creating package descriptor '/home/ubuntu2204/mujoco_develop/excavator_ros2_ws/install/excavator_simulate_ros2/share/excavator_simulate_ros2/package.dsv'
[0.650s] INFO:colcon.colcon_core.shell:Creating package script '/home/ubuntu2204/mujoco_develop/excavator_ros2_ws/install/excavator_simulate_ros2/share/excavator_simulate_ros2/package.sh'
[0.651s] INFO:colcon.colcon_core.shell:Creating package script '/home/ubuntu2204/mujoco_develop/excavator_ros2_ws/install/excavator_simulate_ros2/share/excavator_simulate_ros2/package.bash'
[0.651s] INFO:colcon.colcon_core.shell:Creating package script '/home/ubuntu2204/mujoco_develop/excavator_ros2_ws/install/excavator_simulate_ros2/share/excavator_simulate_ros2/package.zsh'
[0.651s] Level 1:colcon.colcon_core.environment:create_file_with_runtime_dependencies(/home/ubuntu2204/mujoco_develop/excavator_ros2_ws/install/excavator_simulate_ros2/share/colcon-core/packages/excavator_simulate_ros2)
[0.652s] Level 1:colcon.colcon_core.environment:create_environment_scripts_only(excavator_simulate_ros2)
[0.652s] Level 1:colcon.colcon_core.environment:checking '/home/ubuntu2204/mujoco_develop/excavator_ros2_ws/install/excavator_simulate_ros2' for CMake module files
[0.652s] Level 1:colcon.colcon_core.environment:checking '/home/ubuntu2204/mujoco_develop/excavator_ros2_ws/install/excavator_simulate_ros2' for CMake config files
[0.652s] Level 1:colcon.colcon_core.shell:create_environment_hook('excavator_simulate_ros2', 'cmake_prefix_path')
[0.652s] INFO:colcon.colcon_core.shell:Creating environment hook '/home/ubuntu2204/mujoco_develop/excavator_ros2_ws/install/excavator_simulate_ros2/share/excavator_simulate_ros2/hook/cmake_prefix_path.ps1'
[0.653s] INFO:colcon.colcon_core.shell:Creating environment descriptor '/home/ubuntu2204/mujoco_develop/excavator_ros2_ws/install/excavator_simulate_ros2/share/excavator_simulate_ros2/hook/cmake_prefix_path.dsv'
[0.653s] INFO:colcon.colcon_core.shell:Creating environment hook '/home/ubuntu2204/mujoco_develop/excavator_ros2_ws/install/excavator_simulate_ros2/share/excavator_simulate_ros2/hook/cmake_prefix_path.sh'
[0.654s] Level 1:colcon.colcon_core.environment:checking '/home/ubuntu2204/mujoco_develop/excavator_ros2_ws/install/excavator_simulate_ros2/lib'
[0.654s] Level 1:colcon.colcon_core.environment:checking '/home/ubuntu2204/mujoco_develop/excavator_ros2_ws/install/excavator_simulate_ros2/bin'
[0.654s] Level 1:colcon.colcon_core.environment:checking '/home/ubuntu2204/mujoco_develop/excavator_ros2_ws/install/excavator_simulate_ros2/lib/pkgconfig/excavator_simulate_ros2.pc'
[0.654s] Level 1:colcon.colcon_core.environment:checking '/home/ubuntu2204/mujoco_develop/excavator_ros2_ws/install/excavator_simulate_ros2/lib/python3.10/site-packages'
[0.654s] Level 1:colcon.colcon_core.environment:checking '/home/ubuntu2204/mujoco_develop/excavator_ros2_ws/install/excavator_simulate_ros2/bin'
[0.655s] INFO:colcon.colcon_core.shell:Creating package script '/home/ubuntu2204/mujoco_develop/excavator_ros2_ws/install/excavator_simulate_ros2/share/excavator_simulate_ros2/package.ps1'
[0.655s] INFO:colcon.colcon_core.shell:Creating package descriptor '/home/ubuntu2204/mujoco_develop/excavator_ros2_ws/install/excavator_simulate_ros2/share/excavator_simulate_ros2/package.dsv'
[0.655s] INFO:colcon.colcon_core.shell:Creating package script '/home/ubuntu2204/mujoco_develop/excavator_ros2_ws/install/excavator_simulate_ros2/share/excavator_simulate_ros2/package.sh'
[0.656s] INFO:colcon.colcon_core.shell:Creating package script '/home/ubuntu2204/mujoco_develop/excavator_ros2_ws/install/excavator_simulate_ros2/share/excavator_simulate_ros2/package.bash'
[0.656s] INFO:colcon.colcon_core.shell:Creating package script '/home/ubuntu2204/mujoco_develop/excavator_ros2_ws/install/excavator_simulate_ros2/share/excavator_simulate_ros2/package.zsh'
[0.656s] Level 1:colcon.colcon_core.environment:create_file_with_runtime_dependencies(/home/ubuntu2204/mujoco_develop/excavator_ros2_ws/install/excavator_simulate_ros2/share/colcon-core/packages/excavator_simulate_ros2)
[0.657s] Level 1:colcon.colcon_core.environment:create_environment_scripts_only(excavator_viewer)
[0.657s] Level 1:colcon.colcon_core.environment:checking '/home/ubuntu2204/mujoco_develop/excavator_ros2_ws/install/excavator_viewer' for CMake module files
[0.658s] DEBUG:colcon.colcon_core.event_handler.log_command:Invoked command in '/home/ubuntu2204/mujoco_develop/excavator_ros2_ws/build/excavator_viewer' returned '0': CMAKE_PREFIX_PATH=${CMAKE_PREFIX_PATH}:/home/ubuntu2204/wslearning/install/learning_urdf:/home/ubuntu2204/wslearning/install/learning_topic:/home/ubuntu2204/wslearning/install/learning_tf:/home/ubuntu2204/wslearning/install/learning_service:/home/ubuntu2204/wslearning/install/learning_qos:/home/ubuntu2204/wslearning/install/learning_pkg_python:/home/ubuntu2204/wslearning/install/learning_parameter:/home/ubuntu2204/wslearning/install/learning_node:/home/ubuntu2204/wslearning/install/learning_launch:/home/ubuntu2204/wslearning/install/learning_action:/home/ubuntu2204/wslearning/install/learning_gazebo_harmonic:/home/ubuntu2204/wslearning/install/learning_gazebo:/home/ubuntu2204/wslearning/install/learning_cv:/opt/ros/humble /usr/bin/cmake --install /home/ubuntu2204/mujoco_develop/excavator_ros2_ws/build/excavator_viewer
[0.658s] Level 1:colcon.colcon_core.environment:checking '/home/ubuntu2204/mujoco_develop/excavator_ros2_ws/install/excavator_viewer' for CMake config files
[0.660s] Level 1:colcon.colcon_core.shell:create_environment_hook('excavator_viewer', 'cmake_prefix_path')
[0.660s] INFO:colcon.colcon_core.shell:Creating environment hook '/home/ubuntu2204/mujoco_develop/excavator_ros2_ws/install/excavator_viewer/share/excavator_viewer/hook/cmake_prefix_path.ps1'
[0.660s] INFO:colcon.colcon_core.shell:Creating environment descriptor '/home/ubuntu2204/mujoco_develop/excavator_ros2_ws/install/excavator_viewer/share/excavator_viewer/hook/cmake_prefix_path.dsv'
[0.661s] INFO:colcon.colcon_core.shell:Creating environment hook '/home/ubuntu2204/mujoco_develop/excavator_ros2_ws/install/excavator_viewer/share/excavator_viewer/hook/cmake_prefix_path.sh'
[0.661s] Level 1:colcon.colcon_core.environment:checking '/home/ubuntu2204/mujoco_develop/excavator_ros2_ws/install/excavator_viewer/lib'
[0.661s] Level 1:colcon.colcon_core.environment:checking '/home/ubuntu2204/mujoco_develop/excavator_ros2_ws/install/excavator_viewer/bin'
[0.661s] Level 1:colcon.colcon_core.environment:checking '/home/ubuntu2204/mujoco_develop/excavator_ros2_ws/install/excavator_viewer/lib/pkgconfig/excavator_viewer.pc'
[0.661s] Level 1:colcon.colcon_core.environment:checking '/home/ubuntu2204/mujoco_develop/excavator_ros2_ws/install/excavator_viewer/lib/python3.10/site-packages'
[0.662s] Level 1:colcon.colcon_core.environment:checking '/home/ubuntu2204/mujoco_develop/excavator_ros2_ws/install/excavator_viewer/bin'
[0.662s] INFO:colcon.colcon_core.shell:Creating package script '/home/ubuntu2204/mujoco_develop/excavator_ros2_ws/install/excavator_viewer/share/excavator_viewer/package.ps1'
[0.662s] INFO:colcon.colcon_core.shell:Creating package descriptor '/home/ubuntu2204/mujoco_develop/excavator_ros2_ws/install/excavator_viewer/share/excavator_viewer/package.dsv'
[0.663s] INFO:colcon.colcon_core.shell:Creating package script '/home/ubuntu2204/mujoco_develop/excavator_ros2_ws/install/excavator_viewer/share/excavator_viewer/package.sh'
[0.663s] INFO:colcon.colcon_core.shell:Creating package script '/home/ubuntu2204/mujoco_develop/excavator_ros2_ws/install/excavator_viewer/share/excavator_viewer/package.bash'
[0.663s] INFO:colcon.colcon_core.shell:Creating package script '/home/ubuntu2204/mujoco_develop/excavator_ros2_ws/install/excavator_viewer/share/excavator_viewer/package.zsh'
[0.664s] Level 1:colcon.colcon_core.environment:create_file_with_runtime_dependencies(/home/ubuntu2204/mujoco_develop/excavator_ros2_ws/install/excavator_viewer/share/colcon-core/packages/excavator_viewer)
[0.664s] Level 1:colcon.colcon_core.environment:create_environment_scripts_only(excavator_viewer)
[0.664s] Level 1:colcon.colcon_core.environment:checking '/home/ubuntu2204/mujoco_develop/excavator_ros2_ws/install/excavator_viewer' for CMake module files
[0.665s] Level 1:colcon.colcon_core.environment:checking '/home/ubuntu2204/mujoco_develop/excavator_ros2_ws/install/excavator_viewer' for CMake config files
[0.665s] Level 1:colcon.colcon_core.shell:create_environment_hook('excavator_viewer', 'cmake_prefix_path')
[0.665s] INFO:colcon.colcon_core.shell:Creating environment hook '/home/ubuntu2204/mujoco_develop/excavator_ros2_ws/install/excavator_viewer/share/excavator_viewer/hook/cmake_prefix_path.ps1'
[0.665s] INFO:colcon.colcon_core.shell:Creating environment descriptor '/home/ubuntu2204/mujoco_develop/excavator_ros2_ws/install/excavator_viewer/share/excavator_viewer/hook/cmake_prefix_path.dsv'
[0.666s] INFO:colcon.colcon_core.shell:Creating environment hook '/home/ubuntu2204/mujoco_develop/excavator_ros2_ws/install/excavator_viewer/share/excavator_viewer/hook/cmake_prefix_path.sh'
[0.666s] Level 1:colcon.colcon_core.environment:checking '/home/ubuntu2204/mujoco_develop/excavator_ros2_ws/install/excavator_viewer/lib'
[0.666s] Level 1:colcon.colcon_core.environment:checking '/home/ubuntu2204/mujoco_develop/excavator_ros2_ws/install/excavator_viewer/bin'
[0.666s] Level 1:colcon.colcon_core.environment:checking '/home/ubuntu2204/mujoco_develop/excavator_ros2_ws/install/excavator_viewer/lib/pkgconfig/excavator_viewer.pc'
[0.667s] Level 1:colcon.colcon_core.environment:checking '/home/ubuntu2204/mujoco_develop/excavator_ros2_ws/install/excavator_viewer/lib/python3.10/site-packages'
[0.667s] Level 1:colcon.colcon_core.environment:checking '/home/ubuntu2204/mujoco_develop/excavator_ros2_ws/install/excavator_viewer/bin'
[0.667s] INFO:colcon.colcon_core.shell:Creating package script '/home/ubuntu2204/mujoco_develop/excavator_ros2_ws/install/excavator_viewer/share/excavator_viewer/package.ps1'
[0.668s] INFO:colcon.colcon_core.shell:Creating package descriptor '/home/ubuntu2204/mujoco_develop/excavator_ros2_ws/install/excavator_viewer/share/excavator_viewer/package.dsv'
[0.668s] INFO:colcon.colcon_core.shell:Creating package script '/home/ubuntu2204/mujoco_develop/excavator_ros2_ws/install/excavator_viewer/share/excavator_viewer/package.sh'
[0.669s] INFO:colcon.colcon_core.shell:Creating package script '/home/ubuntu2204/mujoco_develop/excavator_ros2_ws/install/excavator_viewer/share/excavator_viewer/package.bash'
[0.669s] INFO:colcon.colcon_core.shell:Creating package script '/home/ubuntu2204/mujoco_develop/excavator_ros2_ws/install/excavator_viewer/share/excavator_viewer/package.zsh'
[0.670s] Level 1:colcon.colcon_core.environment:create_file_with_runtime_dependencies(/home/ubuntu2204/mujoco_develop/excavator_ros2_ws/install/excavator_viewer/share/colcon-core/packages/excavator_viewer)
[0.671s] Level 1:colcon.colcon_core.environment:create_environment_scripts_only(excavator_ros2_bridge)
[0.671s] Level 1:colcon.colcon_core.environment:checking '/home/ubuntu2204/mujoco_develop/excavator_ros2_ws/install/excavator_ros2_bridge' for CMake module files
[0.672s] DEBUG:colcon.colcon_core.event_handler.log_command:Invoked command in '/home/ubuntu2204/mujoco_develop/excavator_ros2_ws/build/excavator_ros2_bridge' returned '0': CMAKE_PREFIX_PATH=${CMAKE_PREFIX_PATH}:/home/ubuntu2204/wslearning/install/learning_urdf:/home/ubuntu2204/wslearning/install/learning_topic:/home/ubuntu2204/wslearning/install/learning_tf:/home/ubuntu2204/wslearning/install/learning_service:/home/ubuntu2204/wslearning/install/learning_qos:/home/ubuntu2204/wslearning/install/learning_pkg_python:/home/ubuntu2204/wslearning/install/learning_parameter:/home/ubuntu2204/wslearning/install/learning_node:/home/ubuntu2204/wslearning/install/learning_launch:/home/ubuntu2204/wslearning/install/learning_action:/home/ubuntu2204/wslearning/install/learning_gazebo_harmonic:/home/ubuntu2204/wslearning/install/learning_gazebo:/home/ubuntu2204/wslearning/install/learning_cv:/opt/ros/humble /usr/bin/cmake --install /home/ubuntu2204/mujoco_develop/excavator_ros2_ws/build/excavator_ros2_bridge
[0.673s] Level 1:colcon.colcon_core.environment:checking '/home/ubuntu2204/mujoco_develop/excavator_ros2_ws/install/excavator_ros2_bridge' for CMake config files
[0.674s] Level 1:colcon.colcon_core.shell:create_environment_hook('excavator_ros2_bridge', 'cmake_prefix_path')
[0.674s] INFO:colcon.colcon_core.shell:Creating environment hook '/home/ubuntu2204/mujoco_develop/excavator_ros2_ws/install/excavator_ros2_bridge/share/excavator_ros2_bridge/hook/cmake_prefix_path.ps1'
[0.675s] INFO:colcon.colcon_core.shell:Creating environment descriptor '/home/ubuntu2204/mujoco_develop/excavator_ros2_ws/install/excavator_ros2_bridge/share/excavator_ros2_bridge/hook/cmake_prefix_path.dsv'
[0.676s] INFO:colcon.colcon_core.shell:Creating environment hook '/home/ubuntu2204/mujoco_develop/excavator_ros2_ws/install/excavator_ros2_bridge/share/excavator_ros2_bridge/hook/cmake_prefix_path.sh'
[0.676s] Level 1:colcon.colcon_core.environment:checking '/home/ubuntu2204/mujoco_develop/excavator_ros2_ws/install/excavator_ros2_bridge/lib'
[0.676s] Level 1:colcon.colcon_core.shell:create_environment_hook('excavator_ros2_bridge', 'ld_library_path_lib')
[0.677s] INFO:colcon.colcon_core.shell:Creating environment hook '/home/ubuntu2204/mujoco_develop/excavator_ros2_ws/install/excavator_ros2_bridge/share/excavator_ros2_bridge/hook/ld_library_path_lib.ps1'
[0.677s] INFO:colcon.colcon_core.shell:Creating environment descriptor '/home/ubuntu2204/mujoco_develop/excavator_ros2_ws/install/excavator_ros2_bridge/share/excavator_ros2_bridge/hook/ld_library_path_lib.dsv'
[0.678s] INFO:colcon.colcon_core.shell:Creating environment hook '/home/ubuntu2204/mujoco_develop/excavator_ros2_ws/install/excavator_ros2_bridge/share/excavator_ros2_bridge/hook/ld_library_path_lib.sh'
[0.678s] Level 1:colcon.colcon_core.environment:checking '/home/ubuntu2204/mujoco_develop/excavator_ros2_ws/install/excavator_ros2_bridge/bin'
[0.678s] Level 1:colcon.colcon_core.environment:checking '/home/ubuntu2204/mujoco_develop/excavator_ros2_ws/install/excavator_ros2_bridge/lib/pkgconfig/excavator_ros2_bridge.pc'
[0.679s] Level 1:colcon.colcon_core.environment:checking '/home/ubuntu2204/mujoco_develop/excavator_ros2_ws/install/excavator_ros2_bridge/lib/python3.10/site-packages'
[0.679s] Level 1:colcon.colcon_core.environment:checking '/home/ubuntu2204/mujoco_develop/excavator_ros2_ws/install/excavator_ros2_bridge/bin'
[0.679s] INFO:colcon.colcon_core.shell:Creating package script '/home/ubuntu2204/mujoco_develop/excavator_ros2_ws/install/excavator_ros2_bridge/share/excavator_ros2_bridge/package.ps1'
[0.680s] INFO:colcon.colcon_core.shell:Creating package descriptor '/home/ubuntu2204/mujoco_develop/excavator_ros2_ws/install/excavator_ros2_bridge/share/excavator_ros2_bridge/package.dsv'
[0.680s] INFO:colcon.colcon_core.shell:Creating package script '/home/ubuntu2204/mujoco_develop/excavator_ros2_ws/install/excavator_ros2_bridge/share/excavator_ros2_bridge/package.sh'
[0.680s] INFO:colcon.colcon_core.shell:Creating package script '/home/ubuntu2204/mujoco_develop/excavator_ros2_ws/install/excavator_ros2_bridge/share/excavator_ros2_bridge/package.bash'
[0.680s] INFO:colcon.colcon_core.shell:Creating package script '/home/ubuntu2204/mujoco_develop/excavator_ros2_ws/install/excavator_ros2_bridge/share/excavator_ros2_bridge/package.zsh'
[0.681s] Level 1:colcon.colcon_core.environment:create_file_with_runtime_dependencies(/home/ubuntu2204/mujoco_develop/excavator_ros2_ws/install/excavator_ros2_bridge/share/colcon-core/packages/excavator_ros2_bridge)
[0.681s] Level 1:colcon.colcon_core.environment:create_environment_scripts_only(excavator_ros2_bridge)
[0.681s] Level 1:colcon.colcon_core.environment:checking '/home/ubuntu2204/mujoco_develop/excavator_ros2_ws/install/excavator_ros2_bridge' for CMake module files
[0.682s] Level 1:colcon.colcon_core.environment:checking '/home/ubuntu2204/mujoco_develop/excavator_ros2_ws/install/excavator_ros2_bridge' for CMake config files
[0.682s] Level 1:colcon.colcon_core.shell:create_environment_hook('excavator_ros2_bridge', 'cmake_prefix_path')
[0.682s] INFO:colcon.colcon_core.shell:Creating environment hook '/home/ubuntu2204/mujoco_develop/excavator_ros2_ws/install/excavator_ros2_bridge/share/excavator_ros2_bridge/hook/cmake_prefix_path.ps1'
[0.682s] INFO:colcon.colcon_core.shell:Creating environment descriptor '/home/ubuntu2204/mujoco_develop/excavator_ros2_ws/install/excavator_ros2_bridge/share/excavator_ros2_bridge/hook/cmake_prefix_path.dsv'
[0.682s] INFO:colcon.colcon_core.shell:Creating environment hook '/home/ubuntu2204/mujoco_develop/excavator_ros2_ws/install/excavator_ros2_bridge/share/excavator_ros2_bridge/hook/cmake_prefix_path.sh'
[0.683s] Level 1:colcon.colcon_core.environment:checking '/home/ubuntu2204/mujoco_develop/excavator_ros2_ws/install/excavator_ros2_bridge/lib'
[0.683s] Level 1:colcon.colcon_core.shell:create_environment_hook('excavator_ros2_bridge', 'ld_library_path_lib')
[0.683s] INFO:colcon.colcon_core.shell:Creating environment hook '/home/ubuntu2204/mujoco_develop/excavator_ros2_ws/install/excavator_ros2_bridge/share/excavator_ros2_bridge/hook/ld_library_path_lib.ps1'
[0.684s] INFO:colcon.colcon_core.shell:Creating environment descriptor '/home/ubuntu2204/mujoco_develop/excavator_ros2_ws/install/excavator_ros2_bridge/share/excavator_ros2_bridge/hook/ld_library_path_lib.dsv'
[0.684s] INFO:colcon.colcon_core.shell:Creating environment hook '/home/ubuntu2204/mujoco_develop/excavator_ros2_ws/install/excavator_ros2_bridge/share/excavator_ros2_bridge/hook/ld_library_path_lib.sh'
[0.684s] Level 1:colcon.colcon_core.environment:checking '/home/ubuntu2204/mujoco_develop/excavator_ros2_ws/install/excavator_ros2_bridge/bin'
[0.684s] Level 1:colcon.colcon_core.environment:checking '/home/ubuntu2204/mujoco_develop/excavator_ros2_ws/install/excavator_ros2_bridge/lib/pkgconfig/excavator_ros2_bridge.pc'
[0.685s] Level 1:colcon.colcon_core.environment:checking '/home/ubuntu2204/mujoco_develop/excavator_ros2_ws/install/excavator_ros2_bridge/lib/python3.10/site-packages'
[0.685s] Level 1:colcon.colcon_core.environment:checking '/home/ubuntu2204/mujoco_develop/excavator_ros2_ws/install/excavator_ros2_bridge/bin'
[0.686s] INFO:colcon.colcon_core.shell:Creating package script '/home/ubuntu2204/mujoco_develop/excavator_ros2_ws/install/excavator_ros2_bridge/share/excavator_ros2_bridge/package.ps1'
[0.687s] INFO:colcon.colcon_core.shell:Creating package descriptor '/home/ubuntu2204/mujoco_develop/excavator_ros2_ws/install/excavator_ros2_bridge/share/excavator_ros2_bridge/package.dsv'
[0.687s] INFO:colcon.colcon_core.shell:Creating package script '/home/ubuntu2204/mujoco_develop/excavator_ros2_ws/install/excavator_ros2_bridge/share/excavator_ros2_bridge/package.sh'
[0.687s] INFO:colcon.colcon_core.shell:Creating package script '/home/ubuntu2204/mujoco_develop/excavator_ros2_ws/install/excavator_ros2_bridge/share/excavator_ros2_bridge/package.bash'
[0.688s] INFO:colcon.colcon_core.shell:Creating package script '/home/ubuntu2204/mujoco_develop/excavator_ros2_ws/install/excavator_ros2_bridge/share/excavator_ros2_bridge/package.zsh'
[0.688s] Level 1:colcon.colcon_core.environment:create_file_with_runtime_dependencies(/home/ubuntu2204/mujoco_develop/excavator_ros2_ws/install/excavator_ros2_bridge/share/colcon-core/packages/excavator_ros2_bridge)
[5.709s] DEBUG:colcon.colcon_core.event_handler.log_command:Invoked command in '/home/ubuntu2204/mujoco_develop/excavator_ros2_ws/build/excavator_demo' returned '0': CMAKE_PREFIX_PATH=${CMAKE_PREFIX_PATH}:/home/ubuntu2204/wslearning/install/learning_urdf:/home/ubuntu2204/wslearning/install/learning_topic:/home/ubuntu2204/wslearning/install/learning_tf:/home/ubuntu2204/wslearning/install/learning_service:/home/ubuntu2204/wslearning/install/learning_qos:/home/ubuntu2204/wslearning/install/learning_pkg_python:/home/ubuntu2204/wslearning/install/learning_parameter:/home/ubuntu2204/wslearning/install/learning_node:/home/ubuntu2204/wslearning/install/learning_launch:/home/ubuntu2204/wslearning/install/learning_action:/home/ubuntu2204/wslearning/install/learning_gazebo_harmonic:/home/ubuntu2204/wslearning/install/learning_gazebo:/home/ubuntu2204/wslearning/install/learning_cv:/opt/ros/humble /usr/bin/cmake --build /home/ubuntu2204/mujoco_develop/excavator_ros2_ws/build/excavator_demo -- -j12 -l12
[5.711s] DEBUG:colcon.colcon_core.event_handler.log_command:Invoking command in '/home/ubuntu2204/mujoco_develop/excavator_ros2_ws/build/excavator_demo': CMAKE_PREFIX_PATH=${CMAKE_PREFIX_PATH}:/home/ubuntu2204/wslearning/install/learning_urdf:/home/ubuntu2204/wslearning/install/learning_topic:/home/ubuntu2204/wslearning/install/learning_tf:/home/ubuntu2204/wslearning/install/learning_service:/home/ubuntu2204/wslearning/install/learning_qos:/home/ubuntu2204/wslearning/install/learning_pkg_python:/home/ubuntu2204/wslearning/install/learning_parameter:/home/ubuntu2204/wslearning/install/learning_node:/home/ubuntu2204/wslearning/install/learning_launch:/home/ubuntu2204/wslearning/install/learning_action:/home/ubuntu2204/wslearning/install/learning_gazebo_harmonic:/home/ubuntu2204/wslearning/install/learning_gazebo:/home/ubuntu2204/wslearning/install/learning_cv:/opt/ros/humble /usr/bin/cmake --install /home/ubuntu2204/mujoco_develop/excavator_ros2_ws/build/excavator_demo
[5.722s] Level 1:colcon.colcon_core.environment:create_environment_scripts_only(excavator_demo)
[5.723s] DEBUG:colcon.colcon_core.event_handler.log_command:Invoked command in '/home/ubuntu2204/mujoco_develop/excavator_ros2_ws/build/excavator_demo' returned '0': CMAKE_PREFIX_PATH=${CMAKE_PREFIX_PATH}:/home/ubuntu2204/wslearning/install/learning_urdf:/home/ubuntu2204/wslearning/install/learning_topic:/home/ubuntu2204/wslearning/install/learning_tf:/home/ubuntu2204/wslearning/install/learning_service:/home/ubuntu2204/wslearning/install/learning_qos:/home/ubuntu2204/wslearning/install/learning_pkg_python:/home/ubuntu2204/wslearning/install/learning_parameter:/home/ubuntu2204/wslearning/install/learning_node:/home/ubuntu2204/wslearning/install/learning_launch:/home/ubuntu2204/wslearning/install/learning_action:/home/ubuntu2204/wslearning/install/learning_gazebo_harmonic:/home/ubuntu2204/wslearning/install/learning_gazebo:/home/ubuntu2204/wslearning/install/learning_cv:/opt/ros/humble /usr/bin/cmake --install /home/ubuntu2204/mujoco_develop/excavator_ros2_ws/build/excavator_demo
[5.723s] Level 1:colcon.colcon_core.environment:checking '/home/ubuntu2204/mujoco_develop/excavator_ros2_ws/install/excavator_demo' for CMake module files
[5.724s] Level 1:colcon.colcon_core.environment:checking '/home/ubuntu2204/mujoco_develop/excavator_ros2_ws/install/excavator_demo' for CMake config files
[5.724s] Level 1:colcon.colcon_core.shell:create_environment_hook('excavator_demo', 'cmake_prefix_path')
[5.724s] INFO:colcon.colcon_core.shell:Creating environment hook '/home/ubuntu2204/mujoco_develop/excavator_ros2_ws/install/excavator_demo/share/excavator_demo/hook/cmake_prefix_path.ps1'
[5.725s] INFO:colcon.colcon_core.shell:Creating environment descriptor '/home/ubuntu2204/mujoco_develop/excavator_ros2_ws/install/excavator_demo/share/excavator_demo/hook/cmake_prefix_path.dsv'
[5.725s] INFO:colcon.colcon_core.shell:Creating environment hook '/home/ubuntu2204/mujoco_develop/excavator_ros2_ws/install/excavator_demo/share/excavator_demo/hook/cmake_prefix_path.sh'
[5.726s] Level 1:colcon.colcon_core.environment:checking '/home/ubuntu2204/mujoco_develop/excavator_ros2_ws/install/excavator_demo/lib'
[5.726s] Level 1:colcon.colcon_core.environment:checking '/home/ubuntu2204/mujoco_develop/excavator_ros2_ws/install/excavator_demo/bin'
[5.726s] Level 1:colcon.colcon_core.environment:checking '/home/ubuntu2204/mujoco_develop/excavator_ros2_ws/install/excavator_demo/lib/pkgconfig/excavator_demo.pc'
[5.726s] Level 1:colcon.colcon_core.environment:checking '/home/ubuntu2204/mujoco_develop/excavator_ros2_ws/install/excavator_demo/lib/python3.10/site-packages'
[5.726s] Level 1:colcon.colcon_core.environment:checking '/home/ubuntu2204/mujoco_develop/excavator_ros2_ws/install/excavator_demo/bin'
[5.726s] INFO:colcon.colcon_core.shell:Creating package script '/home/ubuntu2204/mujoco_develop/excavator_ros2_ws/install/excavator_demo/share/excavator_demo/package.ps1'
[5.727s] INFO:colcon.colcon_core.shell:Creating package descriptor '/home/ubuntu2204/mujoco_develop/excavator_ros2_ws/install/excavator_demo/share/excavator_demo/package.dsv'
[5.727s] INFO:colcon.colcon_core.shell:Creating package script '/home/ubuntu2204/mujoco_develop/excavator_ros2_ws/install/excavator_demo/share/excavator_demo/package.sh'
[5.727s] INFO:colcon.colcon_core.shell:Creating package script '/home/ubuntu2204/mujoco_develop/excavator_ros2_ws/install/excavator_demo/share/excavator_demo/package.bash'
[5.728s] INFO:colcon.colcon_core.shell:Creating package script '/home/ubuntu2204/mujoco_develop/excavator_ros2_ws/install/excavator_demo/share/excavator_demo/package.zsh'
[5.728s] Level 1:colcon.colcon_core.environment:create_file_with_runtime_dependencies(/home/ubuntu2204/mujoco_develop/excavator_ros2_ws/install/excavator_demo/share/colcon-core/packages/excavator_demo)
[5.729s] Level 1:colcon.colcon_core.environment:create_environment_scripts_only(excavator_demo)
[5.729s] Level 1:colcon.colcon_core.environment:checking '/home/ubuntu2204/mujoco_develop/excavator_ros2_ws/install/excavator_demo' for CMake module files
[5.729s] Level 1:colcon.colcon_core.environment:checking '/home/ubuntu2204/mujoco_develop/excavator_ros2_ws/install/excavator_demo' for CMake config files
[5.729s] Level 1:colcon.colcon_core.shell:create_environment_hook('excavator_demo', 'cmake_prefix_path')
[5.729s] INFO:colcon.colcon_core.shell:Creating environment hook '/home/ubuntu2204/mujoco_develop/excavator_ros2_ws/install/excavator_demo/share/excavator_demo/hook/cmake_prefix_path.ps1'
[5.730s] INFO:colcon.colcon_core.shell:Creating environment descriptor '/home/ubuntu2204/mujoco_develop/excavator_ros2_ws/install/excavator_demo/share/excavator_demo/hook/cmake_prefix_path.dsv'
[5.730s] INFO:colcon.colcon_core.shell:Creating environment hook '/home/ubuntu2204/mujoco_develop/excavator_ros2_ws/install/excavator_demo/share/excavator_demo/hook/cmake_prefix_path.sh'
[5.730s] Level 1:colcon.colcon_core.environment:checking '/home/ubuntu2204/mujoco_develop/excavator_ros2_ws/install/excavator_demo/lib'
[5.731s] Level 1:colcon.colcon_core.environment:checking '/home/ubuntu2204/mujoco_develop/excavator_ros2_ws/install/excavator_demo/bin'
[5.731s] Level 1:colcon.colcon_core.environment:checking '/home/ubuntu2204/mujoco_develop/excavator_ros2_ws/install/excavator_demo/lib/pkgconfig/excavator_demo.pc'
[5.731s] Level 1:colcon.colcon_core.environment:checking '/home/ubuntu2204/mujoco_develop/excavator_ros2_ws/install/excavator_demo/lib/python3.10/site-packages'
[5.731s] Level 1:colcon.colcon_core.environment:checking '/home/ubuntu2204/mujoco_develop/excavator_ros2_ws/install/excavator_demo/bin'
[5.731s] INFO:colcon.colcon_core.shell:Creating package script '/home/ubuntu2204/mujoco_develop/excavator_ros2_ws/install/excavator_demo/share/excavator_demo/package.ps1'
[5.732s] INFO:colcon.colcon_core.shell:Creating package descriptor '/home/ubuntu2204/mujoco_develop/excavator_ros2_ws/install/excavator_demo/share/excavator_demo/package.dsv'
[5.732s] INFO:colcon.colcon_core.shell:Creating package script '/home/ubuntu2204/mujoco_develop/excavator_ros2_ws/install/excavator_demo/share/excavator_demo/package.sh'
[5.733s] INFO:colcon.colcon_core.shell:Creating package script '/home/ubuntu2204/mujoco_develop/excavator_ros2_ws/install/excavator_demo/share/excavator_demo/package.bash'
[5.733s] INFO:colcon.colcon_core.shell:Creating package script '/home/ubuntu2204/mujoco_develop/excavator_ros2_ws/install/excavator_demo/share/excavator_demo/package.zsh'
[5.734s] Level 1:colcon.colcon_core.environment:create_file_with_runtime_dependencies(/home/ubuntu2204/mujoco_develop/excavator_ros2_ws/install/excavator_demo/share/colcon-core/packages/excavator_demo)
[5.734s] DEBUG:colcon.colcon_parallel_executor.executor.parallel:closing loop
[5.734s] DEBUG:colcon.colcon_parallel_executor.executor.parallel:loop closed
[5.735s] DEBUG:colcon.colcon_parallel_executor.executor.parallel:run_until_complete finished with '0'
[5.735s] DEBUG:colcon.colcon_core.event_reactor:joining thread
[5.820s] INFO:colcon.colcon_core.plugin_system:Skipping extension 'colcon_notification.desktop_notification.notify_send': Could not find 'notify-send'
[5.820s] INFO:colcon.colcon_core.plugin_system:Skipping extension 'colcon_notification.desktop_notification.terminal_notifier': Not used on non-Darwin systems
[5.820s] INFO:colcon.colcon_core.plugin_system:Skipping extension 'colcon_notification.desktop_notification.win32': Not used on non-Windows systems
[5.820s] INFO:colcon.colcon_notification.desktop_notification:Sending desktop notification using 'notify2'
[5.821s] DEBUG:colcon.colcon_notification.desktop_notification.notify2:Failed to initialize notify2: org.freedesktop.DBus.Error.ServiceUnknown: The name org.freedesktop.Notifications was not provided by any .service files
[5.822s] DEBUG:colcon.colcon_core.event_reactor:joined thread
[5.822s] INFO:colcon.colcon_core.shell:Creating prefix script '/home/ubuntu2204/mujoco_develop/excavator_ros2_ws/install/local_setup.ps1'
[5.823s] INFO:colcon.colcon_core.shell:Creating prefix util module '/home/ubuntu2204/mujoco_develop/excavator_ros2_ws/install/_local_setup_util_ps1.py'
[5.824s] INFO:colcon.colcon_core.shell:Creating prefix chain script '/home/ubuntu2204/mujoco_develop/excavator_ros2_ws/install/setup.ps1'
[5.826s] INFO:colcon.colcon_core.shell:Creating prefix script '/home/ubuntu2204/mujoco_develop/excavator_ros2_ws/install/local_setup.sh'
[5.826s] INFO:colcon.colcon_core.shell:Creating prefix util module '/home/ubuntu2204/mujoco_develop/excavator_ros2_ws/install/_local_setup_util_sh.py'
[5.827s] INFO:colcon.colcon_core.shell:Creating prefix chain script '/home/ubuntu2204/mujoco_develop/excavator_ros2_ws/install/setup.sh'
[5.828s] INFO:colcon.colcon_core.shell:Creating prefix script '/home/ubuntu2204/mujoco_develop/excavator_ros2_ws/install/local_setup.bash'
[5.828s] INFO:colcon.colcon_core.shell:Creating prefix chain script '/home/ubuntu2204/mujoco_develop/excavator_ros2_ws/install/setup.bash'
[5.830s] INFO:colcon.colcon_core.shell:Creating prefix script '/home/ubuntu2204/mujoco_develop/excavator_ros2_ws/install/local_setup.zsh'
[5.830s] INFO:colcon.colcon_core.shell:Creating prefix chain script '/home/ubuntu2204/mujoco_develop/excavator_ros2_ws/install/setup.zsh'
