[0.008s] Invoking command in '/home/ubuntu2204/mujoco_develop/excavator_ros2_ws/build/excavator_ros2_bridge': CMAKE_PREFIX_PATH=${CMAKE_PREFIX_PATH}:/home/ubuntu2204/wslearning/install/learning_urdf:/home/ubuntu2204/wslearning/install/learning_topic:/home/ubuntu2204/wslearning/install/learning_tf:/home/ubuntu2204/wslearning/install/learning_service:/home/ubuntu2204/wslearning/install/learning_qos:/home/ubuntu2204/wslearning/install/learning_pkg_python:/home/ubuntu2204/wslearning/install/learning_parameter:/home/ubuntu2204/wslearning/install/learning_node:/home/ubuntu2204/wslearning/install/learning_launch:/home/ubuntu2204/wslearning/install/learning_action:/home/ubuntu2204/wslearning/install/learning_gazebo_harmonic:/home/ubuntu2204/wslearning/install/learning_gazebo:/home/ubuntu2204/wslearning/install/learning_cv:/opt/ros/humble /usr/bin/cmake /home/ubuntu2204/mujoco_develop/excavator_ros2_ws/src/excavator_ros2_bridge -DCMAKE_INSTALL_PREFIX=/home/ubuntu2204/mujoco_develop/excavator_ros2_ws/install/excavator_ros2_bridge
[0.018s] -- Found ament_cmake: 1.3.14 (/opt/ros/humble/share/ament_cmake/cmake)
[0.112s] -- Found rclcpp: 16.0.19 (/opt/ros/humble/share/rclcpp/cmake)
[0.295s] -- Found rosidl_generator_c: 3.1.8 (/opt/ros/humble/share/rosidl_generator_c/cmake)
[0.297s] -- Found rosidl_adapter: 3.1.8 (/opt/ros/humble/share/rosidl_adapter/cmake)
[0.300s] -- Found rosidl_generator_cpp: 3.1.8 (/opt/ros/humble/share/rosidl_generator_cpp/cmake)
[0.307s] -- Using all available rosidl_typesupport_c: rosidl_typesupport_fastrtps_c;rosidl_typesupport_introspection_c
[0.315s] -- Using all available rosidl_typesupport_cpp: rosidl_typesupport_fastrtps_cpp;rosidl_typesupport_introspection_cpp
[0.336s] -- Found rmw_implementation_cmake: 6.1.2 (/opt/ros/humble/share/rmw_implementation_cmake/cmake)
[0.337s] -- Found rmw_fastrtps_cpp: 6.2.10 (/opt/ros/humble/share/rmw_fastrtps_cpp/cmake)
[6.880s] -- Using RMW implementation 'rmw_fastrtps_cpp' as default
[6.915s] -- Found hardware_interface: 2.53.1 (/opt/ros/humble/share/hardware_interface/cmake)
[8.562s] -- Found controller_interface: 2.53.1 (/opt/ros/humble/share/controller_interface/cmake)
[8.563s] -- Found controller_manager: 2.53.1 (/opt/ros/humble/share/controller_manager/cmake)
[8.636s] -- Configuring done
[8.654s] -- Generating done
[8.660s] -- Build files have been written to: /home/ubuntu2204/mujoco_develop/excavator_ros2_ws/build/excavator_ros2_bridge
[8.667s] Invoked command in '/home/ubuntu2204/mujoco_develop/excavator_ros2_ws/build/excavator_ros2_bridge' returned '0': CMAKE_PREFIX_PATH=${CMAKE_PREFIX_PATH}:/home/ubuntu2204/wslearning/install/learning_urdf:/home/ubuntu2204/wslearning/install/learning_topic:/home/ubuntu2204/wslearning/install/learning_tf:/home/ubuntu2204/wslearning/install/learning_service:/home/ubuntu2204/wslearning/install/learning_qos:/home/ubuntu2204/wslearning/install/learning_pkg_python:/home/ubuntu2204/wslearning/install/learning_parameter:/home/ubuntu2204/wslearning/install/learning_node:/home/ubuntu2204/wslearning/install/learning_launch:/home/ubuntu2204/wslearning/install/learning_action:/home/ubuntu2204/wslearning/install/learning_gazebo_harmonic:/home/ubuntu2204/wslearning/install/learning_gazebo:/home/ubuntu2204/wslearning/install/learning_cv:/opt/ros/humble /usr/bin/cmake /home/ubuntu2204/mujoco_develop/excavator_ros2_ws/src/excavator_ros2_bridge -DCMAKE_INSTALL_PREFIX=/home/ubuntu2204/mujoco_develop/excavator_ros2_ws/install/excavator_ros2_bridge
[8.669s] Invoking command in '/home/ubuntu2204/mujoco_develop/excavator_ros2_ws/build/excavator_ros2_bridge': CMAKE_PREFIX_PATH=${CMAKE_PREFIX_PATH}:/home/ubuntu2204/wslearning/install/learning_urdf:/home/ubuntu2204/wslearning/install/learning_topic:/home/ubuntu2204/wslearning/install/learning_tf:/home/ubuntu2204/wslearning/install/learning_service:/home/ubuntu2204/wslearning/install/learning_qos:/home/ubuntu2204/wslearning/install/learning_pkg_python:/home/ubuntu2204/wslearning/install/learning_parameter:/home/ubuntu2204/wslearning/install/learning_node:/home/ubuntu2204/wslearning/install/learning_launch:/home/ubuntu2204/wslearning/install/learning_action:/home/ubuntu2204/wslearning/install/learning_gazebo_harmonic:/home/ubuntu2204/wslearning/install/learning_gazebo:/home/ubuntu2204/wslearning/install/learning_cv:/opt/ros/humble /usr/bin/cmake --build /home/ubuntu2204/mujoco_develop/excavator_ros2_ws/build/excavator_ros2_bridge -- -j12 -l12
[8.696s] Consolidate compiler generated dependencies of target excavator_hardware
[8.704s] [ 20%] Building CXX object CMakeFiles/excavator_hardware.dir/src/mujoco_wrapper.cpp.o
[8.705s] [ 40%] Building CXX object CMakeFiles/excavator_hardware.dir/src/excavator_hardware_interface.cpp.o
[11.237s] [ 60%] Linking CXX shared library libexcavator_hardware.so
[11.438s] [ 60%] Built target excavator_hardware
[11.448s] Consolidate compiler generated dependencies of target bridge_node
[11.458s] [ 80%] Linking CXX executable bridge_node
[11.661s] [100%] Built target bridge_node
[11.669s] Invoked command in '/home/ubuntu2204/mujoco_develop/excavator_ros2_ws/build/excavator_ros2_bridge' returned '0': CMAKE_PREFIX_PATH=${CMAKE_PREFIX_PATH}:/home/ubuntu2204/wslearning/install/learning_urdf:/home/ubuntu2204/wslearning/install/learning_topic:/home/ubuntu2204/wslearning/install/learning_tf:/home/ubuntu2204/wslearning/install/learning_service:/home/ubuntu2204/wslearning/install/learning_qos:/home/ubuntu2204/wslearning/install/learning_pkg_python:/home/ubuntu2204/wslearning/install/learning_parameter:/home/ubuntu2204/wslearning/install/learning_node:/home/ubuntu2204/wslearning/install/learning_launch:/home/ubuntu2204/wslearning/install/learning_action:/home/ubuntu2204/wslearning/install/learning_gazebo_harmonic:/home/ubuntu2204/wslearning/install/learning_gazebo:/home/ubuntu2204/wslearning/install/learning_cv:/opt/ros/humble /usr/bin/cmake --build /home/ubuntu2204/mujoco_develop/excavator_ros2_ws/build/excavator_ros2_bridge -- -j12 -l12
[11.677s] Invoking command in '/home/ubuntu2204/mujoco_develop/excavator_ros2_ws/build/excavator_ros2_bridge': CMAKE_PREFIX_PATH=${CMAKE_PREFIX_PATH}:/home/ubuntu2204/wslearning/install/learning_urdf:/home/ubuntu2204/wslearning/install/learning_topic:/home/ubuntu2204/wslearning/install/learning_tf:/home/ubuntu2204/wslearning/install/learning_service:/home/ubuntu2204/wslearning/install/learning_qos:/home/ubuntu2204/wslearning/install/learning_pkg_python:/home/ubuntu2204/wslearning/install/learning_parameter:/home/ubuntu2204/wslearning/install/learning_node:/home/ubuntu2204/wslearning/install/learning_launch:/home/ubuntu2204/wslearning/install/learning_action:/home/ubuntu2204/wslearning/install/learning_gazebo_harmonic:/home/ubuntu2204/wslearning/install/learning_gazebo:/home/ubuntu2204/wslearning/install/learning_cv:/opt/ros/humble /usr/bin/cmake --install /home/ubuntu2204/mujoco_develop/excavator_ros2_ws/build/excavator_ros2_bridge
[11.682s] -- Install configuration: "Release"
[11.682s] -- Installing: /home/ubuntu2204/mujoco_develop/excavator_ros2_ws/install/excavator_ros2_bridge/lib/libexcavator_hardware.so
[11.683s] -- Set runtime path of "/home/ubuntu2204/mujoco_develop/excavator_ros2_ws/install/excavator_ros2_bridge/lib/libexcavator_hardware.so" to "/home/ubuntu2204/mujoco_develop/excavator_ros2_ws/src/excavator_ros2_bridge/../../../excavator_simulator_mujoco/build/lib"
[11.684s] -- Installing: /home/ubuntu2204/mujoco_develop/excavator_ros2_ws/install/excavator_ros2_bridge/lib/excavator_ros2_bridge/bridge_node
[11.684s] -- Set runtime path of "/home/ubuntu2204/mujoco_develop/excavator_ros2_ws/install/excavator_ros2_bridge/lib/excavator_ros2_bridge/bridge_node" to ""
[11.685s] -- Up-to-date: /home/ubuntu2204/mujoco_develop/excavator_ros2_ws/install/excavator_ros2_bridge/include
[11.685s] -- Up-to-date: /home/ubuntu2204/mujoco_develop/excavator_ros2_ws/install/excavator_ros2_bridge/include/excavator_ros2_bridge
[11.685s] -- Installing: /home/ubuntu2204/mujoco_develop/excavator_ros2_ws/install/excavator_ros2_bridge/include/excavator_ros2_bridge/mujoco_wrapper.hpp
[11.685s] -- Up-to-date: /home/ubuntu2204/mujoco_develop/excavator_ros2_ws/install/excavator_ros2_bridge/include/excavator_ros2_bridge/excavator_hardware_interface.hpp
[11.685s] -- Up-to-date: /home/ubuntu2204/mujoco_develop/excavator_ros2_ws/install/excavator_ros2_bridge/share/excavator_ros2_bridge/launch
[11.685s] -- Up-to-date: /home/ubuntu2204/mujoco_develop/excavator_ros2_ws/install/excavator_ros2_bridge/share/excavator_ros2_bridge/launch/excavator_bringup.launch.py
[11.685s] -- Up-to-date: /home/ubuntu2204/mujoco_develop/excavator_ros2_ws/install/excavator_ros2_bridge/share/excavator_ros2_bridge/config
[11.685s] -- Up-to-date: /home/ubuntu2204/mujoco_develop/excavator_ros2_ws/install/excavator_ros2_bridge/share/excavator_ros2_bridge/config/controllers.yaml
[11.686s] -- Installing: /home/ubuntu2204/mujoco_develop/excavator_ros2_ws/install/excavator_ros2_bridge/share/excavator_ros2_bridge/config/excavator_control.xml
[11.686s] -- Up-to-date: /home/ubuntu2204/mujoco_develop/excavator_ros2_ws/install/excavator_ros2_bridge/share/excavator_ros2_bridge/description
[11.686s] -- Installing: /home/ubuntu2204/mujoco_develop/excavator_ros2_ws/install/excavator_ros2_bridge/share/excavator_ros2_bridge/description/excavator.ros2_control.xacro
[11.686s] -- Up-to-date: /home/ubuntu2204/mujoco_develop/excavator_ros2_ws/install/excavator_ros2_bridge/share/excavator_ros2_bridge/description/excavator.urdf.xacro
[11.686s] -- Up-to-date: /home/ubuntu2204/mujoco_develop/excavator_ros2_ws/install/excavator_ros2_bridge/share/excavator_ros2_bridge/excavator_hardware.xml
[11.686s] -- Up-to-date: /home/ubuntu2204/mujoco_develop/excavator_ros2_ws/install/excavator_ros2_bridge/share/ament_index/resource_index/package_run_dependencies/excavator_ros2_bridge
[11.686s] -- Up-to-date: /home/ubuntu2204/mujoco_develop/excavator_ros2_ws/install/excavator_ros2_bridge/share/ament_index/resource_index/parent_prefix_path/excavator_ros2_bridge
[11.686s] -- Up-to-date: /home/ubuntu2204/mujoco_develop/excavator_ros2_ws/install/excavator_ros2_bridge/share/excavator_ros2_bridge/environment/ament_prefix_path.sh
[11.686s] -- Installing: /home/ubuntu2204/mujoco_develop/excavator_ros2_ws/install/excavator_ros2_bridge/share/excavator_ros2_bridge/environment/ament_prefix_path.dsv
[11.686s] -- Up-to-date: /home/ubuntu2204/mujoco_develop/excavator_ros2_ws/install/excavator_ros2_bridge/share/excavator_ros2_bridge/environment/path.sh
[11.686s] -- Installing: /home/ubuntu2204/mujoco_develop/excavator_ros2_ws/install/excavator_ros2_bridge/share/excavator_ros2_bridge/environment/path.dsv
[11.686s] -- Up-to-date: /home/ubuntu2204/mujoco_develop/excavator_ros2_ws/install/excavator_ros2_bridge/share/excavator_ros2_bridge/local_setup.bash
[11.686s] -- Up-to-date: /home/ubuntu2204/mujoco_develop/excavator_ros2_ws/install/excavator_ros2_bridge/share/excavator_ros2_bridge/local_setup.sh
[11.686s] -- Up-to-date: /home/ubuntu2204/mujoco_develop/excavator_ros2_ws/install/excavator_ros2_bridge/share/excavator_ros2_bridge/local_setup.zsh
[11.686s] -- Installing: /home/ubuntu2204/mujoco_develop/excavator_ros2_ws/install/excavator_ros2_bridge/share/excavator_ros2_bridge/local_setup.dsv
[11.686s] -- Installing: /home/ubuntu2204/mujoco_develop/excavator_ros2_ws/install/excavator_ros2_bridge/share/excavator_ros2_bridge/package.dsv
[11.686s] -- Up-to-date: /home/ubuntu2204/mujoco_develop/excavator_ros2_ws/install/excavator_ros2_bridge/share/ament_index/resource_index/packages/excavator_ros2_bridge
[11.686s] -- Up-to-date: /home/ubuntu2204/mujoco_develop/excavator_ros2_ws/install/excavator_ros2_bridge/share/ament_index/resource_index/hardware_interface__pluginlib__plugin/excavator_ros2_bridge
[11.686s] -- Up-to-date: /home/ubuntu2204/mujoco_develop/excavator_ros2_ws/install/excavator_ros2_bridge/share/excavator_ros2_bridge/cmake/excavator_ros2_bridgeConfig.cmake
[11.686s] -- Up-to-date: /home/ubuntu2204/mujoco_develop/excavator_ros2_ws/install/excavator_ros2_bridge/share/excavator_ros2_bridge/cmake/excavator_ros2_bridgeConfig-version.cmake
[11.686s] -- Up-to-date: /home/ubuntu2204/mujoco_develop/excavator_ros2_ws/install/excavator_ros2_bridge/share/excavator_ros2_bridge/package.xml
[11.687s] Invoked command in '/home/ubuntu2204/mujoco_develop/excavator_ros2_ws/build/excavator_ros2_bridge' returned '0': CMAKE_PREFIX_PATH=${CMAKE_PREFIX_PATH}:/home/ubuntu2204/wslearning/install/learning_urdf:/home/ubuntu2204/wslearning/install/learning_topic:/home/ubuntu2204/wslearning/install/learning_tf:/home/ubuntu2204/wslearning/install/learning_service:/home/ubuntu2204/wslearning/install/learning_qos:/home/ubuntu2204/wslearning/install/learning_pkg_python:/home/ubuntu2204/wslearning/install/learning_parameter:/home/ubuntu2204/wslearning/install/learning_node:/home/ubuntu2204/wslearning/install/learning_launch:/home/ubuntu2204/wslearning/install/learning_action:/home/ubuntu2204/wslearning/install/learning_gazebo_harmonic:/home/ubuntu2204/wslearning/install/learning_gazebo:/home/ubuntu2204/wslearning/install/learning_cv:/opt/ros/humble /usr/bin/cmake --install /home/ubuntu2204/mujoco_develop/excavator_ros2_ws/build/excavator_ros2_bridge
