Consolidate compiler generated dependencies of target simulate_ros2
[ 50%] Building CXX object CMakeFiles/simulate_ros2.dir/src/main.cc.o
[100%] Linking CXX executable simulate_ros2
[100%] Built target simulate_ros2
-- Install configuration: ""
-- Installing: /home/ubuntu2204/mujoco_develop/excavator_ros2_ws/install/excavator_simulate_ros2/lib/excavator_simulate_ros2/simulate_ros2
-- Set runtime path of "/home/ubuntu2204/mujoco_develop/excavator_ros2_ws/install/excavator_simulate_ros2/lib/excavator_simulate_ros2/simulate_ros2" to "/home/ubuntu2204/mujoco_develop/excavator_ros2_ws/src/excavator_simulate_ros2/../../../excavator_simulator_mujoco/build/lib"
-- Up-to-date: /home/ubuntu2204/mujoco_develop/excavator_ros2_ws/install/excavator_simulate_ros2/share/ament_index/resource_index/package_run_dependencies/excavator_simulate_ros2
-- Up-to-date: /home/ubuntu2204/mujoco_develop/excavator_ros2_ws/install/excavator_simulate_ros2/share/ament_index/resource_index/parent_prefix_path/excavator_simulate_ros2
-- Up-to-date: /home/ubuntu2204/mujoco_develop/excavator_ros2_ws/install/excavator_simulate_ros2/share/excavator_simulate_ros2/environment/ament_prefix_path.sh
-- Up-to-date: /home/ubuntu2204/mujoco_develop/excavator_ros2_ws/install/excavator_simulate_ros2/share/excavator_simulate_ros2/environment/ament_prefix_path.dsv
-- Up-to-date: /home/ubuntu2204/mujoco_develop/excavator_ros2_ws/install/excavator_simulate_ros2/share/excavator_simulate_ros2/environment/path.sh
-- Up-to-date: /home/ubuntu2204/mujoco_develop/excavator_ros2_ws/install/excavator_simulate_ros2/share/excavator_simulate_ros2/environment/path.dsv
-- Up-to-date: /home/ubuntu2204/mujoco_develop/excavator_ros2_ws/install/excavator_simulate_ros2/share/excavator_simulate_ros2/local_setup.bash
-- Up-to-date: /home/ubuntu2204/mujoco_develop/excavator_ros2_ws/install/excavator_simulate_ros2/share/excavator_simulate_ros2/local_setup.sh
-- Up-to-date: /home/ubuntu2204/mujoco_develop/excavator_ros2_ws/install/excavator_simulate_ros2/share/excavator_simulate_ros2/local_setup.zsh
-- Up-to-date: /home/ubuntu2204/mujoco_develop/excavator_ros2_ws/install/excavator_simulate_ros2/share/excavator_simulate_ros2/local_setup.dsv
-- Installing: /home/ubuntu2204/mujoco_develop/excavator_ros2_ws/install/excavator_simulate_ros2/share/excavator_simulate_ros2/package.dsv
-- Up-to-date: /home/ubuntu2204/mujoco_develop/excavator_ros2_ws/install/excavator_simulate_ros2/share/ament_index/resource_index/packages/excavator_simulate_ros2
-- Up-to-date: /home/ubuntu2204/mujoco_develop/excavator_ros2_ws/install/excavator_simulate_ros2/share/excavator_simulate_ros2/cmake/excavator_simulate_ros2Config.cmake
-- Up-to-date: /home/ubuntu2204/mujoco_develop/excavator_ros2_ws/install/excavator_simulate_ros2/share/excavator_simulate_ros2/cmake/excavator_simulate_ros2Config-version.cmake
-- Up-to-date: /home/ubuntu2204/mujoco_develop/excavator_ros2_ws/install/excavator_simulate_ros2/share/excavator_simulate_ros2/package.xml
