[0.011s] Invoking command in '/home/ubuntu2204/mujoco_develop/excavator_ros2_ws/build/excavator_ros2_bridge': CMAKE_PREFIX_PATH=${CMAKE_PREFIX_PATH}:/home/ubuntu2204/wslearning/install/learning_urdf:/home/ubuntu2204/wslearning/install/learning_topic:/home/ubuntu2204/wslearning/install/learning_tf:/home/ubuntu2204/wslearning/install/learning_service:/home/ubuntu2204/wslearning/install/learning_qos:/home/ubuntu2204/wslearning/install/learning_pkg_python:/home/ubuntu2204/wslearning/install/learning_parameter:/home/ubuntu2204/wslearning/install/learning_node:/home/ubuntu2204/wslearning/install/learning_launch:/home/ubuntu2204/wslearning/install/learning_action:/home/ubuntu2204/wslearning/install/learning_gazebo_harmonic:/home/ubuntu2204/wslearning/install/learning_gazebo:/home/ubuntu2204/wslearning/install/learning_cv:/opt/ros/humble /usr/bin/cmake --build /home/ubuntu2204/mujoco_develop/excavator_ros2_ws/build/excavator_ros2_bridge -- -j12 -l12
[0.049s] Consolidate compiler generated dependencies of target excavator_hardware
[0.060s] [ 20%] Building CXX object CMakeFiles/excavator_hardware.dir/src/excavator_hardware_interface.cpp.o
[0.060s] [ 40%] Building CXX object CMakeFiles/excavator_hardware.dir/src/mujoco_wrapper.cpp.o
[3.194s] [ 60%] Linking CXX shared library libexcavator_hardware.so
[3.486s] [ 60%] Built target excavator_hardware
[3.511s] [ 80%] Linking CXX executable bridge_node
[3.795s] [100%] Built target bridge_node
[3.804s] Invoked command in '/home/ubuntu2204/mujoco_develop/excavator_ros2_ws/build/excavator_ros2_bridge' returned '0': CMAKE_PREFIX_PATH=${CMAKE_PREFIX_PATH}:/home/ubuntu2204/wslearning/install/learning_urdf:/home/ubuntu2204/wslearning/install/learning_topic:/home/ubuntu2204/wslearning/install/learning_tf:/home/ubuntu2204/wslearning/install/learning_service:/home/ubuntu2204/wslearning/install/learning_qos:/home/ubuntu2204/wslearning/install/learning_pkg_python:/home/ubuntu2204/wslearning/install/learning_parameter:/home/ubuntu2204/wslearning/install/learning_node:/home/ubuntu2204/wslearning/install/learning_launch:/home/ubuntu2204/wslearning/install/learning_action:/home/ubuntu2204/wslearning/install/learning_gazebo_harmonic:/home/ubuntu2204/wslearning/install/learning_gazebo:/home/ubuntu2204/wslearning/install/learning_cv:/opt/ros/humble /usr/bin/cmake --build /home/ubuntu2204/mujoco_develop/excavator_ros2_ws/build/excavator_ros2_bridge -- -j12 -l12
[3.815s] Invoking command in '/home/ubuntu2204/mujoco_develop/excavator_ros2_ws/build/excavator_ros2_bridge': CMAKE_PREFIX_PATH=${CMAKE_PREFIX_PATH}:/home/ubuntu2204/wslearning/install/learning_urdf:/home/ubuntu2204/wslearning/install/learning_topic:/home/ubuntu2204/wslearning/install/learning_tf:/home/ubuntu2204/wslearning/install/learning_service:/home/ubuntu2204/wslearning/install/learning_qos:/home/ubuntu2204/wslearning/install/learning_pkg_python:/home/ubuntu2204/wslearning/install/learning_parameter:/home/ubuntu2204/wslearning/install/learning_node:/home/ubuntu2204/wslearning/install/learning_launch:/home/ubuntu2204/wslearning/install/learning_action:/home/ubuntu2204/wslearning/install/learning_gazebo_harmonic:/home/ubuntu2204/wslearning/install/learning_gazebo:/home/ubuntu2204/wslearning/install/learning_cv:/opt/ros/humble /usr/bin/cmake --install /home/ubuntu2204/mujoco_develop/excavator_ros2_ws/build/excavator_ros2_bridge
[3.821s] -- Install configuration: "Release"
[3.821s] -- Installing: /home/ubuntu2204/mujoco_develop/excavator_ros2_ws/install/excavator_ros2_bridge/lib/libexcavator_hardware.so
[3.822s] -- Set runtime path of "/home/ubuntu2204/mujoco_develop/excavator_ros2_ws/install/excavator_ros2_bridge/lib/libexcavator_hardware.so" to "/home/ubuntu2204/mujoco_develop/excavator_ros2_ws/src/excavator_ros2_bridge/../../../excavator_simulator_mujoco/build/lib"
[3.822s] -- Installing: /home/ubuntu2204/mujoco_develop/excavator_ros2_ws/install/excavator_ros2_bridge/lib/excavator_ros2_bridge/bridge_node
[3.822s] -- Set runtime path of "/home/ubuntu2204/mujoco_develop/excavator_ros2_ws/install/excavator_ros2_bridge/lib/excavator_ros2_bridge/bridge_node" to ""
[3.822s] -- Up-to-date: /home/ubuntu2204/mujoco_develop/excavator_ros2_ws/install/excavator_ros2_bridge/include
[3.822s] -- Up-to-date: /home/ubuntu2204/mujoco_develop/excavator_ros2_ws/install/excavator_ros2_bridge/include/excavator_ros2_bridge
[3.822s] -- Installing: /home/ubuntu2204/mujoco_develop/excavator_ros2_ws/install/excavator_ros2_bridge/include/excavator_ros2_bridge/mujoco_wrapper.hpp
[3.823s] -- Up-to-date: /home/ubuntu2204/mujoco_develop/excavator_ros2_ws/install/excavator_ros2_bridge/include/excavator_ros2_bridge/excavator_hardware_interface.hpp
[3.823s] -- Up-to-date: /home/ubuntu2204/mujoco_develop/excavator_ros2_ws/install/excavator_ros2_bridge/share/excavator_ros2_bridge/launch
[3.823s] -- Up-to-date: /home/ubuntu2204/mujoco_develop/excavator_ros2_ws/install/excavator_ros2_bridge/share/excavator_ros2_bridge/launch/excavator_bringup.launch.py
[3.823s] -- Up-to-date: /home/ubuntu2204/mujoco_develop/excavator_ros2_ws/install/excavator_ros2_bridge/share/excavator_ros2_bridge/config
[3.823s] -- Up-to-date: /home/ubuntu2204/mujoco_develop/excavator_ros2_ws/install/excavator_ros2_bridge/share/excavator_ros2_bridge/config/controllers.yaml
[3.823s] -- Up-to-date: /home/ubuntu2204/mujoco_develop/excavator_ros2_ws/install/excavator_ros2_bridge/share/excavator_ros2_bridge/description
[3.823s] -- Up-to-date: /home/ubuntu2204/mujoco_develop/excavator_ros2_ws/install/excavator_ros2_bridge/share/excavator_ros2_bridge/description/excavator.ros2_control.xacro
[3.823s] -- Up-to-date: /home/ubuntu2204/mujoco_develop/excavator_ros2_ws/install/excavator_ros2_bridge/share/excavator_ros2_bridge/description/excavator.urdf.xacro
[3.824s] -- Up-to-date: /home/ubuntu2204/mujoco_develop/excavator_ros2_ws/install/excavator_ros2_bridge/share/excavator_ros2_bridge/excavator_hardware.xml
[3.824s] -- Up-to-date: /home/ubuntu2204/mujoco_develop/excavator_ros2_ws/install/excavator_ros2_bridge/share/ament_index/resource_index/package_run_dependencies/excavator_ros2_bridge
[3.824s] -- Up-to-date: /home/ubuntu2204/mujoco_develop/excavator_ros2_ws/install/excavator_ros2_bridge/share/ament_index/resource_index/parent_prefix_path/excavator_ros2_bridge
[3.824s] -- Up-to-date: /home/ubuntu2204/mujoco_develop/excavator_ros2_ws/install/excavator_ros2_bridge/share/excavator_ros2_bridge/environment/ament_prefix_path.sh
[3.825s] -- Up-to-date: /home/ubuntu2204/mujoco_develop/excavator_ros2_ws/install/excavator_ros2_bridge/share/excavator_ros2_bridge/environment/ament_prefix_path.dsv
[3.825s] -- Up-to-date: /home/ubuntu2204/mujoco_develop/excavator_ros2_ws/install/excavator_ros2_bridge/share/excavator_ros2_bridge/environment/path.sh
[3.825s] -- Up-to-date: /home/ubuntu2204/mujoco_develop/excavator_ros2_ws/install/excavator_ros2_bridge/share/excavator_ros2_bridge/environment/path.dsv
[3.825s] -- Up-to-date: /home/ubuntu2204/mujoco_develop/excavator_ros2_ws/install/excavator_ros2_bridge/share/excavator_ros2_bridge/local_setup.bash
[3.825s] -- Up-to-date: /home/ubuntu2204/mujoco_develop/excavator_ros2_ws/install/excavator_ros2_bridge/share/excavator_ros2_bridge/local_setup.sh
[3.826s] -- Up-to-date: /home/ubuntu2204/mujoco_develop/excavator_ros2_ws/install/excavator_ros2_bridge/share/excavator_ros2_bridge/local_setup.zsh
[3.826s] -- Up-to-date: /home/ubuntu2204/mujoco_develop/excavator_ros2_ws/install/excavator_ros2_bridge/share/excavator_ros2_bridge/local_setup.dsv
[3.826s] -- Installing: /home/ubuntu2204/mujoco_develop/excavator_ros2_ws/install/excavator_ros2_bridge/share/excavator_ros2_bridge/package.dsv
[3.826s] -- Up-to-date: /home/ubuntu2204/mujoco_develop/excavator_ros2_ws/install/excavator_ros2_bridge/share/ament_index/resource_index/packages/excavator_ros2_bridge
[3.826s] -- Up-to-date: /home/ubuntu2204/mujoco_develop/excavator_ros2_ws/install/excavator_ros2_bridge/share/ament_index/resource_index/hardware_interface__pluginlib__plugin/excavator_ros2_bridge
[3.826s] -- Up-to-date: /home/ubuntu2204/mujoco_develop/excavator_ros2_ws/install/excavator_ros2_bridge/share/excavator_ros2_bridge/cmake/excavator_ros2_bridgeConfig.cmake
[3.826s] -- Up-to-date: /home/ubuntu2204/mujoco_develop/excavator_ros2_ws/install/excavator_ros2_bridge/share/excavator_ros2_bridge/cmake/excavator_ros2_bridgeConfig-version.cmake
[3.827s] -- Up-to-date: /home/ubuntu2204/mujoco_develop/excavator_ros2_ws/install/excavator_ros2_bridge/share/excavator_ros2_bridge/package.xml
[3.827s] Invoked command in '/home/ubuntu2204/mujoco_develop/excavator_ros2_ws/build/excavator_ros2_bridge' returned '0': CMAKE_PREFIX_PATH=${CMAKE_PREFIX_PATH}:/home/ubuntu2204/wslearning/install/learning_urdf:/home/ubuntu2204/wslearning/install/learning_topic:/home/ubuntu2204/wslearning/install/learning_tf:/home/ubuntu2204/wslearning/install/learning_service:/home/ubuntu2204/wslearning/install/learning_qos:/home/ubuntu2204/wslearning/install/learning_pkg_python:/home/ubuntu2204/wslearning/install/learning_parameter:/home/ubuntu2204/wslearning/install/learning_node:/home/ubuntu2204/wslearning/install/learning_launch:/home/ubuntu2204/wslearning/install/learning_action:/home/ubuntu2204/wslearning/install/learning_gazebo_harmonic:/home/ubuntu2204/wslearning/install/learning_gazebo:/home/ubuntu2204/wslearning/install/learning_cv:/opt/ros/humble /usr/bin/cmake --install /home/ubuntu2204/mujoco_develop/excavator_ros2_ws/build/excavator_ros2_bridge
