[0.013s] Invoking command in '/home/ubuntu2204/mujoco_develop/excavator_ros2_ws/build/excavator_ros2_bridge': CMAKE_PREFIX_PATH=${CMAKE_PREFIX_PATH}:/home/ubuntu2204/wslearning/install/learning_urdf:/home/ubuntu2204/wslearning/install/learning_topic:/home/ubuntu2204/wslearning/install/learning_tf:/home/ubuntu2204/wslearning/install/learning_service:/home/ubuntu2204/wslearning/install/learning_qos:/home/ubuntu2204/wslearning/install/learning_pkg_python:/home/ubuntu2204/wslearning/install/learning_parameter:/home/ubuntu2204/wslearning/install/learning_node:/home/ubuntu2204/wslearning/install/learning_launch:/home/ubuntu2204/wslearning/install/learning_action:/home/ubuntu2204/wslearning/install/learning_gazebo_harmonic:/home/ubuntu2204/wslearning/install/learning_gazebo:/home/ubuntu2204/wslearning/install/learning_cv:/opt/ros/humble /usr/bin/cmake /home/ubuntu2204/mujoco_develop/excavator_ros2_ws/src/excavator_ros2_bridge -DCMAKE_BUILD_TYPE=Release -DCMAKE_INSTALL_PREFIX=/home/ubuntu2204/mujoco_develop/excavator_ros2_ws/install/excavator_ros2_bridge
[0.072s] -- Found ament_cmake: 1.3.14 (/opt/ros/humble/share/ament_cmake/cmake)
[0.192s] -- Found rclcpp: 16.0.19 (/opt/ros/humble/share/rclcpp/cmake)
[0.415s] -- Found rosidl_generator_c: 3.1.8 (/opt/ros/humble/share/rosidl_generator_c/cmake)
[0.418s] -- Found rosidl_adapter: 3.1.8 (/opt/ros/humble/share/rosidl_adapter/cmake)
[0.428s] -- Found rosidl_generator_cpp: 3.1.8 (/opt/ros/humble/share/rosidl_generator_cpp/cmake)
[0.441s] -- Using all available rosidl_typesupport_c: rosidl_typesupport_fastrtps_c;rosidl_typesupport_introspection_c
[0.457s] -- Using all available rosidl_typesupport_cpp: rosidl_typesupport_fastrtps_cpp;rosidl_typesupport_introspection_cpp
[0.497s] -- Found rmw_implementation_cmake: 6.1.2 (/opt/ros/humble/share/rmw_implementation_cmake/cmake)
[0.500s] -- Found rmw_fastrtps_cpp: 6.2.10 (/opt/ros/humble/share/rmw_fastrtps_cpp/cmake)
[7.291s] -- Using RMW implementation 'rmw_fastrtps_cpp' as default
[7.351s] -- Found hardware_interface: 2.53.1 (/opt/ros/humble/share/hardware_interface/cmake)
[9.113s] -- Found controller_interface: 2.53.1 (/opt/ros/humble/share/controller_interface/cmake)
[9.115s] -- Found controller_manager: 2.53.1 (/opt/ros/humble/share/controller_manager/cmake)
[9.202s] -- Configuring done
[9.219s] -- Generating done
[9.224s] -- Build files have been written to: /home/ubuntu2204/mujoco_develop/excavator_ros2_ws/build/excavator_ros2_bridge
[9.230s] Invoked command in '/home/ubuntu2204/mujoco_develop/excavator_ros2_ws/build/excavator_ros2_bridge' returned '0': CMAKE_PREFIX_PATH=${CMAKE_PREFIX_PATH}:/home/ubuntu2204/wslearning/install/learning_urdf:/home/ubuntu2204/wslearning/install/learning_topic:/home/ubuntu2204/wslearning/install/learning_tf:/home/ubuntu2204/wslearning/install/learning_service:/home/ubuntu2204/wslearning/install/learning_qos:/home/ubuntu2204/wslearning/install/learning_pkg_python:/home/ubuntu2204/wslearning/install/learning_parameter:/home/ubuntu2204/wslearning/install/learning_node:/home/ubuntu2204/wslearning/install/learning_launch:/home/ubuntu2204/wslearning/install/learning_action:/home/ubuntu2204/wslearning/install/learning_gazebo_harmonic:/home/ubuntu2204/wslearning/install/learning_gazebo:/home/ubuntu2204/wslearning/install/learning_cv:/opt/ros/humble /usr/bin/cmake /home/ubuntu2204/mujoco_develop/excavator_ros2_ws/src/excavator_ros2_bridge -DCMAKE_BUILD_TYPE=Release -DCMAKE_INSTALL_PREFIX=/home/ubuntu2204/mujoco_develop/excavator_ros2_ws/install/excavator_ros2_bridge
[9.232s] Invoking command in '/home/ubuntu2204/mujoco_develop/excavator_ros2_ws/build/excavator_ros2_bridge': CMAKE_PREFIX_PATH=${CMAKE_PREFIX_PATH}:/home/ubuntu2204/wslearning/install/learning_urdf:/home/ubuntu2204/wslearning/install/learning_topic:/home/ubuntu2204/wslearning/install/learning_tf:/home/ubuntu2204/wslearning/install/learning_service:/home/ubuntu2204/wslearning/install/learning_qos:/home/ubuntu2204/wslearning/install/learning_pkg_python:/home/ubuntu2204/wslearning/install/learning_parameter:/home/ubuntu2204/wslearning/install/learning_node:/home/ubuntu2204/wslearning/install/learning_launch:/home/ubuntu2204/wslearning/install/learning_action:/home/ubuntu2204/wslearning/install/learning_gazebo_harmonic:/home/ubuntu2204/wslearning/install/learning_gazebo:/home/ubuntu2204/wslearning/install/learning_cv:/opt/ros/humble /usr/bin/cmake --build /home/ubuntu2204/mujoco_develop/excavator_ros2_ws/build/excavator_ros2_bridge -- -j12 -l12
[9.269s] [ 20%] Building CXX object CMakeFiles/excavator_hardware.dir/src/excavator_hardware_interface.cpp.o
[9.269s] [ 40%] Building CXX object CMakeFiles/excavator_hardware.dir/src/mujoco_wrapper.cpp.o
[9.949s] /home/ubuntu2204/mujoco_develop/excavator_ros2_ws/src/excavator_ros2_bridge/src/excavator_hardware_interface.cpp: In member function ‘virtual excavator_ros2_bridge::CallbackReturn excavator_ros2_bridge::ExcavatorHardwareInterface::on_init(const hardware_interface::HardwareInfo&)’:
[9.949s] /home/ubuntu2204/mujoco_develop/excavator_ros2_ws/src/excavator_ros2_bridge/src/excavator_hardware_interface.cpp:58:28: error: ‘get_logger’ is not a member of ‘rclcpp’
[9.949s]    58 |       RCLCPP_FATAL(rclcpp::get_logger("ExcavatorHardwareInterface"),
[9.949s]       |                            ^~~~~~~~~~
[9.954s] /home/ubuntu2204/mujoco_develop/excavator_ros2_ws/src/excavator_ros2_bridge/src/excavator_hardware_interface.cpp:58:7: error: ‘RCLCPP_FATAL’ was not declared in this scope; did you mean ‘RCLCPP_LOCAL’?
[9.954s]    58 |       RCLCPP_FATAL(rclcpp::get_logger("ExcavatorHardwareInterface"),
[9.954s]       |       ^~~~~~~~~~~~
[9.954s]       |       RCLCPP_LOCAL
[9.955s] /home/ubuntu2204/mujoco_develop/excavator_ros2_ws/src/excavator_ros2_bridge/src/excavator_hardware_interface.cpp:65:23: error: ‘get_logger’ is not a member of ‘rclcpp’
[9.955s]    65 |   RCLCPP_INFO(rclcpp::get_logger("ExcavatorHardwareInterface"),
[9.955s]       |                       ^~~~~~~~~~
[9.959s] /home/ubuntu2204/mujoco_develop/excavator_ros2_ws/src/excavator_ros2_bridge/src/excavator_hardware_interface.cpp:65:3: error: ‘RCLCPP_INFO’ was not declared in this scope; did you mean ‘RCLCPP_IMPORT’?
[9.959s]    65 |   RCLCPP_INFO(rclcpp::get_logger("ExcavatorHardwareInterface"),
[9.959s]       |   ^~~~~~~~~~~
[9.959s]       |   RCLCPP_IMPORT
[9.961s] /home/ubuntu2204/mujoco_develop/excavator_ros2_ws/src/excavator_ros2_bridge/src/excavator_hardware_interface.cpp: In member function ‘virtual excavator_ros2_bridge::CallbackReturn excavator_ros2_bridge::ExcavatorHardwareInterface::on_configure(const rclcpp_lifecycle::State&)’:
[9.961s] /home/ubuntu2204/mujoco_develop/excavator_ros2_ws/src/excavator_ros2_bridge/src/excavator_hardware_interface.cpp:83:26: error: ‘get_logger’ is not a member of ‘rclcpp’
[9.961s]    83 |     RCLCPP_FATAL(rclcpp::get_logger("ExcavatorHardwareInterface"),
[9.961s]       |                          ^~~~~~~~~~
[9.965s] /home/ubuntu2204/mujoco_develop/excavator_ros2_ws/src/excavator_ros2_bridge/src/excavator_hardware_interface.cpp:83:5: error: ‘RCLCPP_FATAL’ was not declared in this scope; did you mean ‘RCLCPP_LOCAL’?
[9.965s]    83 |     RCLCPP_FATAL(rclcpp::get_logger("ExcavatorHardwareInterface"),
[9.965s]       |     ^~~~~~~~~~~~
[9.965s]       |     RCLCPP_LOCAL
[9.966s] /home/ubuntu2204/mujoco_develop/excavator_ros2_ws/src/excavator_ros2_bridge/src/excavator_hardware_interface.cpp:91:26: error: ‘get_logger’ is not a member of ‘rclcpp’
[9.966s]    91 |     RCLCPP_FATAL(rclcpp::get_logger("ExcavatorHardwareInterface"),
[9.966s]       |                          ^~~~~~~~~~
[9.970s] /home/ubuntu2204/mujoco_develop/excavator_ros2_ws/src/excavator_ros2_bridge/src/excavator_hardware_interface.cpp:91:5: error: ‘RCLCPP_FATAL’ was not declared in this scope; did you mean ‘RCLCPP_LOCAL’?
[9.970s]    91 |     RCLCPP_FATAL(rclcpp::get_logger("ExcavatorHardwareInterface"),
[9.970s]       |     ^~~~~~~~~~~~
[9.970s]       |     RCLCPP_LOCAL
[9.971s] /home/ubuntu2204/mujoco_develop/excavator_ros2_ws/src/excavator_ros2_bridge/src/excavator_hardware_interface.cpp:114:28: error: ‘get_logger’ is not a member of ‘rclcpp’
[9.971s]   114 |       RCLCPP_FATAL(rclcpp::get_logger("ExcavatorHardwareInterface"),
[9.971s]       |                            ^~~~~~~~~~
[9.976s] /home/ubuntu2204/mujoco_develop/excavator_ros2_ws/src/excavator_ros2_bridge/src/excavator_hardware_interface.cpp:114:7: error: ‘RCLCPP_FATAL’ was not declared in this scope; did you mean ‘RCLCPP_LOCAL’?
[9.976s]   114 |       RCLCPP_FATAL(rclcpp::get_logger("ExcavatorHardwareInterface"),
[9.976s]       |       ^~~~~~~~~~~~
[9.976s]       |       RCLCPP_LOCAL
[9.976s] /home/ubuntu2204/mujoco_develop/excavator_ros2_ws/src/excavator_ros2_bridge/src/excavator_hardware_interface.cpp:119:28: error: ‘get_logger’ is not a member of ‘rclcpp’
[9.976s]   119 |       RCLCPP_FATAL(rclcpp::get_logger("ExcavatorHardwareInterface"),
[9.976s]       |                            ^~~~~~~~~~
[9.982s] /home/ubuntu2204/mujoco_develop/excavator_ros2_ws/src/excavator_ros2_bridge/src/excavator_hardware_interface.cpp:119:7: error: ‘RCLCPP_FATAL’ was not declared in this scope; did you mean ‘RCLCPP_LOCAL’?
[9.982s]   119 |       RCLCPP_FATAL(rclcpp::get_logger("ExcavatorHardwareInterface"),
[9.982s]       |       ^~~~~~~~~~~~
[9.982s]       |       RCLCPP_LOCAL
[9.982s] /home/ubuntu2204/mujoco_develop/excavator_ros2_ws/src/excavator_ros2_bridge/src/excavator_hardware_interface.cpp:124:25: error: ‘get_logger’ is not a member of ‘rclcpp’
[9.982s]   124 |     RCLCPP_INFO(rclcpp::get_logger("ExcavatorHardwareInterface"),
[9.982s]       |                         ^~~~~~~~~~
[9.988s] /home/ubuntu2204/mujoco_develop/excavator_ros2_ws/src/excavator_ros2_bridge/src/excavator_hardware_interface.cpp:124:5: error: ‘RCLCPP_INFO’ was not declared in this scope; did you mean ‘RCLCPP_IMPORT’?
[9.988s]   124 |     RCLCPP_INFO(rclcpp::get_logger("ExcavatorHardwareInterface"),
[9.988s]       |     ^~~~~~~~~~~
[9.988s]       |     RCLCPP_IMPORT
[9.988s] /home/ubuntu2204/mujoco_develop/excavator_ros2_ws/src/excavator_ros2_bridge/src/excavator_hardware_interface.cpp:129:23: error: ‘get_logger’ is not a member of ‘rclcpp’
[9.988s]   129 |   RCLCPP_INFO(rclcpp::get_logger("ExcavatorHardwareInterface"),
[9.988s]       |                       ^~~~~~~~~~
[9.993s] /home/ubuntu2204/mujoco_develop/excavator_ros2_ws/src/excavator_ros2_bridge/src/excavator_hardware_interface.cpp:129:3: error: ‘RCLCPP_INFO’ was not declared in this scope; did you mean ‘RCLCPP_IMPORT’?
[9.993s]   129 |   RCLCPP_INFO(rclcpp::get_logger("ExcavatorHardwareInterface"),
[9.993s]       |   ^~~~~~~~~~~
[9.993s]       |   RCLCPP_IMPORT
[9.994s] /home/ubuntu2204/mujoco_develop/excavator_ros2_ws/src/excavator_ros2_bridge/src/excavator_hardware_interface.cpp: In member function ‘virtual excavator_ros2_bridge::CallbackReturn excavator_ros2_bridge::ExcavatorHardwareInterface::on_activate(const rclcpp_lifecycle::State&)’:
[9.994s] /home/ubuntu2204/mujoco_develop/excavator_ros2_ws/src/excavator_ros2_bridge/src/excavator_hardware_interface.cpp:148:23: error: ‘get_logger’ is not a member of ‘rclcpp’
[9.994s]   148 |   RCLCPP_INFO(rclcpp::get_logger("ExcavatorHardwareInterface"),
[9.994s]       |                       ^~~~~~~~~~
[9.999s] /home/ubuntu2204/mujoco_develop/excavator_ros2_ws/src/excavator_ros2_bridge/src/excavator_hardware_interface.cpp:148:3: error: ‘RCLCPP_INFO’ was not declared in this scope; did you mean ‘RCLCPP_IMPORT’?
[9.999s]   148 |   RCLCPP_INFO(rclcpp::get_logger("ExcavatorHardwareInterface"),
[9.999s]       |   ^~~~~~~~~~~
[9.999s]       |   RCLCPP_IMPORT
[9.999s] /home/ubuntu2204/mujoco_develop/excavator_ros2_ws/src/excavator_ros2_bridge/src/excavator_hardware_interface.cpp:151:25: error: ‘get_logger’ is not a member of ‘rclcpp’
[9.999s]   151 |     RCLCPP_INFO(rclcpp::get_logger("ExcavatorHardwareInterface"),
[9.999s]       |                         ^~~~~~~~~~
[9.999s] /home/ubuntu2204/mujoco_develop/excavator_ros2_ws/src/excavator_ros2_bridge/src/excavator_hardware_interface.cpp: In member function ‘virtual excavator_ros2_bridge::CallbackReturn excavator_ros2_bridge::ExcavatorHardwareInterface::on_deactivate(const rclcpp_lifecycle::State&)’:
[9.999s] /home/ubuntu2204/mujoco_develop/excavator_ros2_ws/src/excavator_ros2_bridge/src/excavator_hardware_interface.cpp:169:23: error: ‘get_logger’ is not a member of ‘rclcpp’
[9.999s]   169 |   RCLCPP_INFO(rclcpp::get_logger("ExcavatorHardwareInterface"), "硬件已停用");
[10.000s]       |                       ^~~~~~~~~~
[10.004s] /home/ubuntu2204/mujoco_develop/excavator_ros2_ws/src/excavator_ros2_bridge/src/excavator_hardware_interface.cpp:169:3: error: ‘RCLCPP_INFO’ was not declared in this scope; did you mean ‘RCLCPP_IMPORT’?
[10.004s]   169 |   RCLCPP_INFO(rclcpp::get_logger("ExcavatorHardwareInterface"), "硬件已停用");
[10.004s]       |   ^~~~~~~~~~~
[10.004s]       |   RCLCPP_IMPORT
[10.221s] gmake[2]: *** [CMakeFiles/excavator_hardware.dir/build.make:90: CMakeFiles/excavator_hardware.dir/src/excavator_hardware_interface.cpp.o] Error 1
[10.221s] gmake[1]: *** [CMakeFiles/Makefile2:139: CMakeFiles/excavator_hardware.dir/all] Error 2
[10.221s] gmake: *** [Makefile:146: all] Error 2
[10.222s] Invoked command in '/home/ubuntu2204/mujoco_develop/excavator_ros2_ws/build/excavator_ros2_bridge' returned '2': CMAKE_PREFIX_PATH=${CMAKE_PREFIX_PATH}:/home/ubuntu2204/wslearning/install/learning_urdf:/home/ubuntu2204/wslearning/install/learning_topic:/home/ubuntu2204/wslearning/install/learning_tf:/home/ubuntu2204/wslearning/install/learning_service:/home/ubuntu2204/wslearning/install/learning_qos:/home/ubuntu2204/wslearning/install/learning_pkg_python:/home/ubuntu2204/wslearning/install/learning_parameter:/home/ubuntu2204/wslearning/install/learning_node:/home/ubuntu2204/wslearning/install/learning_launch:/home/ubuntu2204/wslearning/install/learning_action:/home/ubuntu2204/wslearning/install/learning_gazebo_harmonic:/home/ubuntu2204/wslearning/install/learning_gazebo:/home/ubuntu2204/wslearning/install/learning_cv:/opt/ros/humble /usr/bin/cmake --build /home/ubuntu2204/mujoco_develop/excavator_ros2_ws/build/excavator_ros2_bridge -- -j12 -l12
