[0.176s] DEBUG:colcon:Command line arguments: ['/usr/bin/colcon', 'build', '--packages-select', 'excavator_ros2_bridge']
[0.176s] DEBUG:colcon:Parsed command line arguments: Namespace(log_base=None, log_level=None, verb_name='build', build_base='build', install_base='install', merge_install=False, symlink_install=False, test_result_base=None, continue_on_error=False, executor='parallel', parallel_workers=12, event_handlers=None, ignore_user_meta=False, metas=['./colcon.meta'], base_paths=['.'], packages_ignore=None, packages_ignore_regex=None, paths=None, packages_up_to=None, packages_up_to_regex=None, packages_above=None, packages_above_and_dependencies=None, packages_above_depth=None, packages_select_by_dep=None, packages_skip_by_dep=None, packages_skip_up_to=None, packages_select_build_failed=False, packages_skip_build_finished=False, packages_select_test_failures=False, packages_skip_test_passed=False, packages_select=['excavator_ros2_bridge'], packages_skip=None, packages_select_regex=None, packages_skip_regex=None, packages_start=None, packages_end=None, allow_overriding=[], cmake_args=None, cmake_target=None, cmake_target_skip_unavailable=False, cmake_clean_cache=False, cmake_clean_first=False, cmake_force_configure=False, ament_cmake_args=None, catkin_cmake_args=None, catkin_skip_building_tests=False, verb_parser=<colcon_defaults.argument_parser.defaults.DefaultArgumentsDecorator object at 0x763cca05fc40>, verb_extension=<colcon_core.verb.build.BuildVerb object at 0x763cca05f700>, main=<bound method BuildVerb.main of <colcon_core.verb.build.BuildVerb object at 0x763cca05f700>>)
[0.287s] Level 1:colcon.colcon_core.package_discovery:discover_packages(colcon_meta) check parameters
[0.287s] Level 1:colcon.colcon_core.package_discovery:discover_packages(recursive) check parameters
[0.287s] Level 1:colcon.colcon_core.package_discovery:discover_packages(ignore) check parameters
[0.287s] Level 1:colcon.colcon_core.package_discovery:discover_packages(path) check parameters
[0.287s] Level 1:colcon.colcon_core.package_discovery:discover_packages(colcon_meta) discover
[0.287s] Level 1:colcon.colcon_core.package_discovery:discover_packages(recursive) discover
[0.287s] INFO:colcon.colcon_core.package_discovery:Crawling recursively for packages in '/home/ubuntu2204/mujoco_develop/excavator_ros2_ws'
[0.288s] Level 1:colcon.colcon_core.package_identification:_identify(.) by extensions ['ignore', 'ignore_ament_install']
[0.288s] Level 1:colcon.colcon_core.package_identification:_identify(.) by extension 'ignore'
[0.288s] Level 1:colcon.colcon_core.package_identification:_identify(.) by extension 'ignore_ament_install'
[0.288s] Level 1:colcon.colcon_core.package_identification:_identify(.) by extensions ['colcon_pkg']
[0.288s] Level 1:colcon.colcon_core.package_identification:_identify(.) by extension 'colcon_pkg'
[0.288s] Level 1:colcon.colcon_core.package_identification:_identify(.) by extensions ['colcon_meta']
[0.288s] Level 1:colcon.colcon_core.package_identification:_identify(.) by extension 'colcon_meta'
[0.288s] Level 1:colcon.colcon_core.package_identification:_identify(.) by extensions ['ros']
[0.288s] Level 1:colcon.colcon_core.package_identification:_identify(.) by extension 'ros'
[0.295s] Level 1:colcon.colcon_core.package_identification:_identify(.) by extensions ['cmake', 'python']
[0.295s] Level 1:colcon.colcon_core.package_identification:_identify(.) by extension 'cmake'
[0.295s] Level 1:colcon.colcon_core.package_identification:_identify(.) by extension 'python'
[0.295s] Level 1:colcon.colcon_core.package_identification:_identify(.) by extensions ['python_setup_py']
[0.295s] Level 1:colcon.colcon_core.package_identification:_identify(.) by extension 'python_setup_py'
[0.295s] Level 1:colcon.colcon_core.package_identification:_identify(build) by extensions ['ignore', 'ignore_ament_install']
[0.295s] Level 1:colcon.colcon_core.package_identification:_identify(build) by extension 'ignore'
[0.295s] Level 1:colcon.colcon_core.package_identification:_identify(build) ignored
[0.295s] Level 1:colcon.colcon_core.package_identification:_identify(install) by extensions ['ignore', 'ignore_ament_install']
[0.295s] Level 1:colcon.colcon_core.package_identification:_identify(install) by extension 'ignore'
[0.295s] Level 1:colcon.colcon_core.package_identification:_identify(install) ignored
[0.295s] Level 1:colcon.colcon_core.package_identification:_identify(log) by extensions ['ignore', 'ignore_ament_install']
[0.295s] Level 1:colcon.colcon_core.package_identification:_identify(log) by extension 'ignore'
[0.295s] Level 1:colcon.colcon_core.package_identification:_identify(log) ignored
[0.295s] Level 1:colcon.colcon_core.package_identification:_identify(src) by extensions ['ignore', 'ignore_ament_install']
[0.295s] Level 1:colcon.colcon_core.package_identification:_identify(src) by extension 'ignore'
[0.295s] Level 1:colcon.colcon_core.package_identification:_identify(src) by extension 'ignore_ament_install'
[0.296s] Level 1:colcon.colcon_core.package_identification:_identify(src) by extensions ['colcon_pkg']
[0.296s] Level 1:colcon.colcon_core.package_identification:_identify(src) by extension 'colcon_pkg'
[0.296s] Level 1:colcon.colcon_core.package_identification:_identify(src) by extensions ['colcon_meta']
[0.296s] Level 1:colcon.colcon_core.package_identification:_identify(src) by extension 'colcon_meta'
[0.296s] Level 1:colcon.colcon_core.package_identification:_identify(src) by extensions ['ros']
[0.296s] Level 1:colcon.colcon_core.package_identification:_identify(src) by extension 'ros'
[0.296s] Level 1:colcon.colcon_core.package_identification:_identify(src) by extensions ['cmake', 'python']
[0.296s] Level 1:colcon.colcon_core.package_identification:_identify(src) by extension 'cmake'
[0.296s] Level 1:colcon.colcon_core.package_identification:_identify(src) by extension 'python'
[0.296s] Level 1:colcon.colcon_core.package_identification:_identify(src) by extensions ['python_setup_py']
[0.296s] Level 1:colcon.colcon_core.package_identification:_identify(src) by extension 'python_setup_py'
[0.296s] Level 1:colcon.colcon_core.package_identification:_identify(src/excavator_auto_dig) by extensions ['ignore', 'ignore_ament_install']
[0.296s] Level 1:colcon.colcon_core.package_identification:_identify(src/excavator_auto_dig) by extension 'ignore'
[0.296s] Level 1:colcon.colcon_core.package_identification:_identify(src/excavator_auto_dig) by extension 'ignore_ament_install'
[0.296s] Level 1:colcon.colcon_core.package_identification:_identify(src/excavator_auto_dig) by extensions ['colcon_pkg']
[0.296s] Level 1:colcon.colcon_core.package_identification:_identify(src/excavator_auto_dig) by extension 'colcon_pkg'
[0.296s] Level 1:colcon.colcon_core.package_identification:_identify(src/excavator_auto_dig) by extensions ['colcon_meta']
[0.296s] Level 1:colcon.colcon_core.package_identification:_identify(src/excavator_auto_dig) by extension 'colcon_meta'
[0.296s] Level 1:colcon.colcon_core.package_identification:_identify(src/excavator_auto_dig) by extensions ['ros']
[0.296s] Level 1:colcon.colcon_core.package_identification:_identify(src/excavator_auto_dig) by extension 'ros'
[0.297s] DEBUG:colcon.colcon_core.package_identification:Package 'src/excavator_auto_dig' with type 'ros.ament_cmake' and name 'excavator_auto_dig'
[0.298s] Level 1:colcon.colcon_core.package_identification:_identify(src/excavator_ros2_bridge) by extensions ['ignore', 'ignore_ament_install']
[0.298s] Level 1:colcon.colcon_core.package_identification:_identify(src/excavator_ros2_bridge) by extension 'ignore'
[0.298s] Level 1:colcon.colcon_core.package_identification:_identify(src/excavator_ros2_bridge) by extension 'ignore_ament_install'
[0.298s] Level 1:colcon.colcon_core.package_identification:_identify(src/excavator_ros2_bridge) by extensions ['colcon_pkg']
[0.298s] Level 1:colcon.colcon_core.package_identification:_identify(src/excavator_ros2_bridge) by extension 'colcon_pkg'
[0.298s] Level 1:colcon.colcon_core.package_identification:_identify(src/excavator_ros2_bridge) by extensions ['colcon_meta']
[0.298s] Level 1:colcon.colcon_core.package_identification:_identify(src/excavator_ros2_bridge) by extension 'colcon_meta'
[0.298s] Level 1:colcon.colcon_core.package_identification:_identify(src/excavator_ros2_bridge) by extensions ['ros']
[0.298s] Level 1:colcon.colcon_core.package_identification:_identify(src/excavator_ros2_bridge) by extension 'ros'
[0.299s] DEBUG:colcon.colcon_core.package_identification:Package 'src/excavator_ros2_bridge' with type 'ros.ament_cmake' and name 'excavator_ros2_bridge'
[0.299s] Level 1:colcon.colcon_core.package_identification:_identify(src/excavator_viewer) by extensions ['ignore', 'ignore_ament_install']
[0.299s] Level 1:colcon.colcon_core.package_identification:_identify(src/excavator_viewer) by extension 'ignore'
[0.299s] Level 1:colcon.colcon_core.package_identification:_identify(src/excavator_viewer) by extension 'ignore_ament_install'
[0.299s] Level 1:colcon.colcon_core.package_identification:_identify(src/excavator_viewer) by extensions ['colcon_pkg']
[0.299s] Level 1:colcon.colcon_core.package_identification:_identify(src/excavator_viewer) by extension 'colcon_pkg'
[0.299s] Level 1:colcon.colcon_core.package_identification:_identify(src/excavator_viewer) by extensions ['colcon_meta']
[0.299s] Level 1:colcon.colcon_core.package_identification:_identify(src/excavator_viewer) by extension 'colcon_meta'
[0.299s] Level 1:colcon.colcon_core.package_identification:_identify(src/excavator_viewer) by extensions ['ros']
[0.299s] Level 1:colcon.colcon_core.package_identification:_identify(src/excavator_viewer) by extension 'ros'
[0.300s] DEBUG:colcon.colcon_core.package_identification:Package 'src/excavator_viewer' with type 'ros.ament_cmake' and name 'excavator_viewer'
[0.300s] Level 1:colcon.colcon_core.package_discovery:discover_packages(recursive) using defaults
[0.300s] Level 1:colcon.colcon_core.package_discovery:discover_packages(ignore) discover
[0.300s] Level 1:colcon.colcon_core.package_discovery:discover_packages(ignore) using defaults
[0.300s] Level 1:colcon.colcon_core.package_discovery:discover_packages(path) discover
[0.300s] Level 1:colcon.colcon_core.package_discovery:discover_packages(path) using defaults
[0.321s] INFO:colcon.colcon_core.package_selection:Skipping not selected package 'excavator_auto_dig' in 'src/excavator_auto_dig'
[0.321s] INFO:colcon.colcon_core.package_selection:Skipping not selected package 'excavator_viewer' in 'src/excavator_viewer'
[0.321s] Level 1:colcon.colcon_core.package_discovery:discover_packages(prefix_path) check parameters
[0.321s] Level 1:colcon.colcon_core.package_discovery:discover_packages(prefix_path) discover
[0.323s] DEBUG:colcon.colcon_installed_package_information.package_discovery:Found 21 installed packages in /home/ubuntu2204/wslearning/install
[0.324s] DEBUG:colcon.colcon_installed_package_information.package_discovery:Found 468 installed packages in /opt/ros/humble
[0.325s] Level 1:colcon.colcon_core.package_discovery:discover_packages(prefix_path) using defaults
[0.358s] Level 5:colcon.colcon_core.verb:set package 'excavator_ros2_bridge' build argument 'cmake_args' from command line to 'None'
[0.358s] Level 5:colcon.colcon_core.verb:set package 'excavator_ros2_bridge' build argument 'cmake_target' from command line to 'None'
[0.358s] Level 5:colcon.colcon_core.verb:set package 'excavator_ros2_bridge' build argument 'cmake_target_skip_unavailable' from command line to 'False'
[0.358s] Level 5:colcon.colcon_core.verb:set package 'excavator_ros2_bridge' build argument 'cmake_clean_cache' from command line to 'False'
[0.358s] Level 5:colcon.colcon_core.verb:set package 'excavator_ros2_bridge' build argument 'cmake_clean_first' from command line to 'False'
[0.358s] Level 5:colcon.colcon_core.verb:set package 'excavator_ros2_bridge' build argument 'cmake_force_configure' from command line to 'False'
[0.358s] Level 5:colcon.colcon_core.verb:set package 'excavator_ros2_bridge' build argument 'ament_cmake_args' from command line to 'None'
[0.358s] Level 5:colcon.colcon_core.verb:set package 'excavator_ros2_bridge' build argument 'catkin_cmake_args' from command line to 'None'
[0.358s] Level 5:colcon.colcon_core.verb:set package 'excavator_ros2_bridge' build argument 'catkin_skip_building_tests' from command line to 'False'
[0.358s] DEBUG:colcon.colcon_core.verb:Building package 'excavator_ros2_bridge' with the following arguments: {'ament_cmake_args': None, 'build_base': '/home/ubuntu2204/mujoco_develop/excavator_ros2_ws/build/excavator_ros2_bridge', 'catkin_cmake_args': None, 'catkin_skip_building_tests': False, 'cmake_args': None, 'cmake_clean_cache': False, 'cmake_clean_first': False, 'cmake_force_configure': False, 'cmake_target': None, 'cmake_target_skip_unavailable': False, 'install_base': '/home/ubuntu2204/mujoco_develop/excavator_ros2_ws/install/excavator_ros2_bridge', 'merge_install': False, 'path': '/home/ubuntu2204/mujoco_develop/excavator_ros2_ws/src/excavator_ros2_bridge', 'symlink_install': False, 'test_result_base': None}
[0.358s] INFO:colcon.colcon_core.executor:Executing jobs using 'parallel' executor
[0.359s] DEBUG:colcon.colcon_parallel_executor.executor.parallel:run_until_complete
[0.359s] INFO:colcon.colcon_ros.task.ament_cmake.build:Building ROS package in '/home/ubuntu2204/mujoco_develop/excavator_ros2_ws/src/excavator_ros2_bridge' with build type 'ament_cmake'
[0.359s] INFO:colcon.colcon_cmake.task.cmake.build:Building CMake package in '/home/ubuntu2204/mujoco_develop/excavator_ros2_ws/src/excavator_ros2_bridge'
[0.361s] INFO:colcon.colcon_core.plugin_system:Skipping extension 'colcon_core.shell.bat': Not used on non-Windows systems
[0.361s] INFO:colcon.colcon_core.shell:Skip shell extension 'powershell' for command environment: Not usable outside of PowerShell
[0.361s] DEBUG:colcon.colcon_core.shell:Skip shell extension 'dsv' for command environment
[0.368s] DEBUG:colcon.colcon_core.event_handler.log_command:Invoking command in '/home/ubuntu2204/mujoco_develop/excavator_ros2_ws/build/excavator_ros2_bridge': CMAKE_PREFIX_PATH=${CMAKE_PREFIX_PATH}:/home/ubuntu2204/wslearning/install/learning_urdf:/home/ubuntu2204/wslearning/install/learning_topic:/home/ubuntu2204/wslearning/install/learning_tf:/home/ubuntu2204/wslearning/install/learning_service:/home/ubuntu2204/wslearning/install/learning_qos:/home/ubuntu2204/wslearning/install/learning_pkg_python:/home/ubuntu2204/wslearning/install/learning_parameter:/home/ubuntu2204/wslearning/install/learning_node:/home/ubuntu2204/wslearning/install/learning_launch:/home/ubuntu2204/wslearning/install/learning_action:/home/ubuntu2204/wslearning/install/learning_gazebo_harmonic:/home/ubuntu2204/wslearning/install/learning_gazebo:/home/ubuntu2204/wslearning/install/learning_cv:/opt/ros/humble /usr/bin/cmake /home/ubuntu2204/mujoco_develop/excavator_ros2_ws/src/excavator_ros2_bridge -DCMAKE_INSTALL_PREFIX=/home/ubuntu2204/mujoco_develop/excavator_ros2_ws/install/excavator_ros2_bridge
[9.027s] DEBUG:colcon.colcon_core.event_handler.log_command:Invoked command in '/home/ubuntu2204/mujoco_develop/excavator_ros2_ws/build/excavator_ros2_bridge' returned '0': CMAKE_PREFIX_PATH=${CMAKE_PREFIX_PATH}:/home/ubuntu2204/wslearning/install/learning_urdf:/home/ubuntu2204/wslearning/install/learning_topic:/home/ubuntu2204/wslearning/install/learning_tf:/home/ubuntu2204/wslearning/install/learning_service:/home/ubuntu2204/wslearning/install/learning_qos:/home/ubuntu2204/wslearning/install/learning_pkg_python:/home/ubuntu2204/wslearning/install/learning_parameter:/home/ubuntu2204/wslearning/install/learning_node:/home/ubuntu2204/wslearning/install/learning_launch:/home/ubuntu2204/wslearning/install/learning_action:/home/ubuntu2204/wslearning/install/learning_gazebo_harmonic:/home/ubuntu2204/wslearning/install/learning_gazebo:/home/ubuntu2204/wslearning/install/learning_cv:/opt/ros/humble /usr/bin/cmake /home/ubuntu2204/mujoco_develop/excavator_ros2_ws/src/excavator_ros2_bridge -DCMAKE_INSTALL_PREFIX=/home/ubuntu2204/mujoco_develop/excavator_ros2_ws/install/excavator_ros2_bridge
[9.029s] DEBUG:colcon.colcon_core.event_handler.log_command:Invoking command in '/home/ubuntu2204/mujoco_develop/excavator_ros2_ws/build/excavator_ros2_bridge': CMAKE_PREFIX_PATH=${CMAKE_PREFIX_PATH}:/home/ubuntu2204/wslearning/install/learning_urdf:/home/ubuntu2204/wslearning/install/learning_topic:/home/ubuntu2204/wslearning/install/learning_tf:/home/ubuntu2204/wslearning/install/learning_service:/home/ubuntu2204/wslearning/install/learning_qos:/home/ubuntu2204/wslearning/install/learning_pkg_python:/home/ubuntu2204/wslearning/install/learning_parameter:/home/ubuntu2204/wslearning/install/learning_node:/home/ubuntu2204/wslearning/install/learning_launch:/home/ubuntu2204/wslearning/install/learning_action:/home/ubuntu2204/wslearning/install/learning_gazebo_harmonic:/home/ubuntu2204/wslearning/install/learning_gazebo:/home/ubuntu2204/wslearning/install/learning_cv:/opt/ros/humble /usr/bin/cmake --build /home/ubuntu2204/mujoco_develop/excavator_ros2_ws/build/excavator_ros2_bridge -- -j12 -l12
[12.029s] DEBUG:colcon.colcon_core.event_handler.log_command:Invoked command in '/home/ubuntu2204/mujoco_develop/excavator_ros2_ws/build/excavator_ros2_bridge' returned '0': CMAKE_PREFIX_PATH=${CMAKE_PREFIX_PATH}:/home/ubuntu2204/wslearning/install/learning_urdf:/home/ubuntu2204/wslearning/install/learning_topic:/home/ubuntu2204/wslearning/install/learning_tf:/home/ubuntu2204/wslearning/install/learning_service:/home/ubuntu2204/wslearning/install/learning_qos:/home/ubuntu2204/wslearning/install/learning_pkg_python:/home/ubuntu2204/wslearning/install/learning_parameter:/home/ubuntu2204/wslearning/install/learning_node:/home/ubuntu2204/wslearning/install/learning_launch:/home/ubuntu2204/wslearning/install/learning_action:/home/ubuntu2204/wslearning/install/learning_gazebo_harmonic:/home/ubuntu2204/wslearning/install/learning_gazebo:/home/ubuntu2204/wslearning/install/learning_cv:/opt/ros/humble /usr/bin/cmake --build /home/ubuntu2204/mujoco_develop/excavator_ros2_ws/build/excavator_ros2_bridge -- -j12 -l12
[12.037s] DEBUG:colcon.colcon_core.event_handler.log_command:Invoking command in '/home/ubuntu2204/mujoco_develop/excavator_ros2_ws/build/excavator_ros2_bridge': CMAKE_PREFIX_PATH=${CMAKE_PREFIX_PATH}:/home/ubuntu2204/wslearning/install/learning_urdf:/home/ubuntu2204/wslearning/install/learning_topic:/home/ubuntu2204/wslearning/install/learning_tf:/home/ubuntu2204/wslearning/install/learning_service:/home/ubuntu2204/wslearning/install/learning_qos:/home/ubuntu2204/wslearning/install/learning_pkg_python:/home/ubuntu2204/wslearning/install/learning_parameter:/home/ubuntu2204/wslearning/install/learning_node:/home/ubuntu2204/wslearning/install/learning_launch:/home/ubuntu2204/wslearning/install/learning_action:/home/ubuntu2204/wslearning/install/learning_gazebo_harmonic:/home/ubuntu2204/wslearning/install/learning_gazebo:/home/ubuntu2204/wslearning/install/learning_cv:/opt/ros/humble /usr/bin/cmake --install /home/ubuntu2204/mujoco_develop/excavator_ros2_ws/build/excavator_ros2_bridge
[12.047s] Level 1:colcon.colcon_core.environment:create_environment_scripts_only(excavator_ros2_bridge)
[12.047s] DEBUG:colcon.colcon_core.event_handler.log_command:Invoked command in '/home/ubuntu2204/mujoco_develop/excavator_ros2_ws/build/excavator_ros2_bridge' returned '0': CMAKE_PREFIX_PATH=${CMAKE_PREFIX_PATH}:/home/ubuntu2204/wslearning/install/learning_urdf:/home/ubuntu2204/wslearning/install/learning_topic:/home/ubuntu2204/wslearning/install/learning_tf:/home/ubuntu2204/wslearning/install/learning_service:/home/ubuntu2204/wslearning/install/learning_qos:/home/ubuntu2204/wslearning/install/learning_pkg_python:/home/ubuntu2204/wslearning/install/learning_parameter:/home/ubuntu2204/wslearning/install/learning_node:/home/ubuntu2204/wslearning/install/learning_launch:/home/ubuntu2204/wslearning/install/learning_action:/home/ubuntu2204/wslearning/install/learning_gazebo_harmonic:/home/ubuntu2204/wslearning/install/learning_gazebo:/home/ubuntu2204/wslearning/install/learning_cv:/opt/ros/humble /usr/bin/cmake --install /home/ubuntu2204/mujoco_develop/excavator_ros2_ws/build/excavator_ros2_bridge
[12.049s] Level 1:colcon.colcon_core.environment:checking '/home/ubuntu2204/mujoco_develop/excavator_ros2_ws/install/excavator_ros2_bridge' for CMake module files
[12.049s] Level 1:colcon.colcon_core.environment:checking '/home/ubuntu2204/mujoco_develop/excavator_ros2_ws/install/excavator_ros2_bridge' for CMake config files
[12.049s] Level 1:colcon.colcon_core.shell:create_environment_hook('excavator_ros2_bridge', 'cmake_prefix_path')
[12.050s] INFO:colcon.colcon_core.shell:Creating environment hook '/home/ubuntu2204/mujoco_develop/excavator_ros2_ws/install/excavator_ros2_bridge/share/excavator_ros2_bridge/hook/cmake_prefix_path.ps1'
[12.050s] INFO:colcon.colcon_core.shell:Creating environment descriptor '/home/ubuntu2204/mujoco_develop/excavator_ros2_ws/install/excavator_ros2_bridge/share/excavator_ros2_bridge/hook/cmake_prefix_path.dsv'
[12.050s] INFO:colcon.colcon_core.shell:Creating environment hook '/home/ubuntu2204/mujoco_develop/excavator_ros2_ws/install/excavator_ros2_bridge/share/excavator_ros2_bridge/hook/cmake_prefix_path.sh'
[12.051s] Level 1:colcon.colcon_core.environment:checking '/home/ubuntu2204/mujoco_develop/excavator_ros2_ws/install/excavator_ros2_bridge/lib'
[12.051s] Level 1:colcon.colcon_core.shell:create_environment_hook('excavator_ros2_bridge', 'ld_library_path_lib')
[12.051s] INFO:colcon.colcon_core.shell:Creating environment hook '/home/ubuntu2204/mujoco_develop/excavator_ros2_ws/install/excavator_ros2_bridge/share/excavator_ros2_bridge/hook/ld_library_path_lib.ps1'
[12.051s] INFO:colcon.colcon_core.shell:Creating environment descriptor '/home/ubuntu2204/mujoco_develop/excavator_ros2_ws/install/excavator_ros2_bridge/share/excavator_ros2_bridge/hook/ld_library_path_lib.dsv'
[12.051s] INFO:colcon.colcon_core.shell:Creating environment hook '/home/ubuntu2204/mujoco_develop/excavator_ros2_ws/install/excavator_ros2_bridge/share/excavator_ros2_bridge/hook/ld_library_path_lib.sh'
[12.052s] Level 1:colcon.colcon_core.environment:checking '/home/ubuntu2204/mujoco_develop/excavator_ros2_ws/install/excavator_ros2_bridge/bin'
[12.052s] Level 1:colcon.colcon_core.environment:checking '/home/ubuntu2204/mujoco_develop/excavator_ros2_ws/install/excavator_ros2_bridge/lib/pkgconfig/excavator_ros2_bridge.pc'
[12.052s] Level 1:colcon.colcon_core.environment:checking '/home/ubuntu2204/mujoco_develop/excavator_ros2_ws/install/excavator_ros2_bridge/lib/python3.10/site-packages'
[12.052s] Level 1:colcon.colcon_core.environment:checking '/home/ubuntu2204/mujoco_develop/excavator_ros2_ws/install/excavator_ros2_bridge/bin'
[12.052s] INFO:colcon.colcon_core.shell:Creating package script '/home/ubuntu2204/mujoco_develop/excavator_ros2_ws/install/excavator_ros2_bridge/share/excavator_ros2_bridge/package.ps1'
[12.053s] INFO:colcon.colcon_core.shell:Creating package descriptor '/home/ubuntu2204/mujoco_develop/excavator_ros2_ws/install/excavator_ros2_bridge/share/excavator_ros2_bridge/package.dsv'
[12.053s] INFO:colcon.colcon_core.shell:Creating package script '/home/ubuntu2204/mujoco_develop/excavator_ros2_ws/install/excavator_ros2_bridge/share/excavator_ros2_bridge/package.sh'
[12.054s] INFO:colcon.colcon_core.shell:Creating package script '/home/ubuntu2204/mujoco_develop/excavator_ros2_ws/install/excavator_ros2_bridge/share/excavator_ros2_bridge/package.bash'
[12.054s] INFO:colcon.colcon_core.shell:Creating package script '/home/ubuntu2204/mujoco_develop/excavator_ros2_ws/install/excavator_ros2_bridge/share/excavator_ros2_bridge/package.zsh'
[12.055s] Level 1:colcon.colcon_core.environment:create_file_with_runtime_dependencies(/home/ubuntu2204/mujoco_develop/excavator_ros2_ws/install/excavator_ros2_bridge/share/colcon-core/packages/excavator_ros2_bridge)
[12.055s] Level 1:colcon.colcon_core.environment:create_environment_scripts_only(excavator_ros2_bridge)
[12.055s] Level 1:colcon.colcon_core.environment:checking '/home/ubuntu2204/mujoco_develop/excavator_ros2_ws/install/excavator_ros2_bridge' for CMake module files
[12.055s] Level 1:colcon.colcon_core.environment:checking '/home/ubuntu2204/mujoco_develop/excavator_ros2_ws/install/excavator_ros2_bridge' for CMake config files
[12.055s] Level 1:colcon.colcon_core.shell:create_environment_hook('excavator_ros2_bridge', 'cmake_prefix_path')
[12.056s] INFO:colcon.colcon_core.shell:Creating environment hook '/home/ubuntu2204/mujoco_develop/excavator_ros2_ws/install/excavator_ros2_bridge/share/excavator_ros2_bridge/hook/cmake_prefix_path.ps1'
[12.056s] INFO:colcon.colcon_core.shell:Creating environment descriptor '/home/ubuntu2204/mujoco_develop/excavator_ros2_ws/install/excavator_ros2_bridge/share/excavator_ros2_bridge/hook/cmake_prefix_path.dsv'
[12.056s] INFO:colcon.colcon_core.shell:Creating environment hook '/home/ubuntu2204/mujoco_develop/excavator_ros2_ws/install/excavator_ros2_bridge/share/excavator_ros2_bridge/hook/cmake_prefix_path.sh'
[12.057s] Level 1:colcon.colcon_core.environment:checking '/home/ubuntu2204/mujoco_develop/excavator_ros2_ws/install/excavator_ros2_bridge/lib'
[12.057s] Level 1:colcon.colcon_core.shell:create_environment_hook('excavator_ros2_bridge', 'ld_library_path_lib')
[12.057s] INFO:colcon.colcon_core.shell:Creating environment hook '/home/ubuntu2204/mujoco_develop/excavator_ros2_ws/install/excavator_ros2_bridge/share/excavator_ros2_bridge/hook/ld_library_path_lib.ps1'
[12.058s] INFO:colcon.colcon_core.shell:Creating environment descriptor '/home/ubuntu2204/mujoco_develop/excavator_ros2_ws/install/excavator_ros2_bridge/share/excavator_ros2_bridge/hook/ld_library_path_lib.dsv'
[12.058s] INFO:colcon.colcon_core.shell:Creating environment hook '/home/ubuntu2204/mujoco_develop/excavator_ros2_ws/install/excavator_ros2_bridge/share/excavator_ros2_bridge/hook/ld_library_path_lib.sh'
[12.058s] Level 1:colcon.colcon_core.environment:checking '/home/ubuntu2204/mujoco_develop/excavator_ros2_ws/install/excavator_ros2_bridge/bin'
[12.058s] Level 1:colcon.colcon_core.environment:checking '/home/ubuntu2204/mujoco_develop/excavator_ros2_ws/install/excavator_ros2_bridge/lib/pkgconfig/excavator_ros2_bridge.pc'
[12.058s] Level 1:colcon.colcon_core.environment:checking '/home/ubuntu2204/mujoco_develop/excavator_ros2_ws/install/excavator_ros2_bridge/lib/python3.10/site-packages'
[12.058s] Level 1:colcon.colcon_core.environment:checking '/home/ubuntu2204/mujoco_develop/excavator_ros2_ws/install/excavator_ros2_bridge/bin'
[12.059s] INFO:colcon.colcon_core.shell:Creating package script '/home/ubuntu2204/mujoco_develop/excavator_ros2_ws/install/excavator_ros2_bridge/share/excavator_ros2_bridge/package.ps1'
[12.059s] INFO:colcon.colcon_core.shell:Creating package descriptor '/home/ubuntu2204/mujoco_develop/excavator_ros2_ws/install/excavator_ros2_bridge/share/excavator_ros2_bridge/package.dsv'
[12.059s] INFO:colcon.colcon_core.shell:Creating package script '/home/ubuntu2204/mujoco_develop/excavator_ros2_ws/install/excavator_ros2_bridge/share/excavator_ros2_bridge/package.sh'
[12.060s] INFO:colcon.colcon_core.shell:Creating package script '/home/ubuntu2204/mujoco_develop/excavator_ros2_ws/install/excavator_ros2_bridge/share/excavator_ros2_bridge/package.bash'
[12.060s] INFO:colcon.colcon_core.shell:Creating package script '/home/ubuntu2204/mujoco_develop/excavator_ros2_ws/install/excavator_ros2_bridge/share/excavator_ros2_bridge/package.zsh'
[12.060s] Level 1:colcon.colcon_core.environment:create_file_with_runtime_dependencies(/home/ubuntu2204/mujoco_develop/excavator_ros2_ws/install/excavator_ros2_bridge/share/colcon-core/packages/excavator_ros2_bridge)
[12.060s] DEBUG:colcon.colcon_parallel_executor.executor.parallel:closing loop
[12.061s] DEBUG:colcon.colcon_parallel_executor.executor.parallel:loop closed
[12.061s] DEBUG:colcon.colcon_parallel_executor.executor.parallel:run_until_complete finished with '0'
[12.061s] DEBUG:colcon.colcon_core.event_reactor:joining thread
[12.112s] INFO:colcon.colcon_core.plugin_system:Skipping extension 'colcon_notification.desktop_notification.notify_send': Could not find 'notify-send'
[12.112s] INFO:colcon.colcon_core.plugin_system:Skipping extension 'colcon_notification.desktop_notification.terminal_notifier': Not used on non-Darwin systems
[12.112s] INFO:colcon.colcon_core.plugin_system:Skipping extension 'colcon_notification.desktop_notification.win32': Not used on non-Windows systems
[12.112s] INFO:colcon.colcon_notification.desktop_notification:Sending desktop notification using 'notify2'
[12.114s] DEBUG:colcon.colcon_notification.desktop_notification.notify2:Failed to initialize notify2: org.freedesktop.DBus.Error.ServiceUnknown: The name org.freedesktop.Notifications was not provided by any .service files
[12.114s] DEBUG:colcon.colcon_core.event_reactor:joined thread
[12.114s] INFO:colcon.colcon_core.shell:Creating prefix script '/home/ubuntu2204/mujoco_develop/excavator_ros2_ws/install/local_setup.ps1'
[12.115s] INFO:colcon.colcon_core.shell:Creating prefix util module '/home/ubuntu2204/mujoco_develop/excavator_ros2_ws/install/_local_setup_util_ps1.py'
[12.116s] INFO:colcon.colcon_core.shell:Creating prefix chain script '/home/ubuntu2204/mujoco_develop/excavator_ros2_ws/install/setup.ps1'
[12.116s] INFO:colcon.colcon_core.shell:Creating prefix script '/home/ubuntu2204/mujoco_develop/excavator_ros2_ws/install/local_setup.sh'
[12.117s] INFO:colcon.colcon_core.shell:Creating prefix util module '/home/ubuntu2204/mujoco_develop/excavator_ros2_ws/install/_local_setup_util_sh.py'
[12.117s] INFO:colcon.colcon_core.shell:Creating prefix chain script '/home/ubuntu2204/mujoco_develop/excavator_ros2_ws/install/setup.sh'
[12.118s] INFO:colcon.colcon_core.shell:Creating prefix script '/home/ubuntu2204/mujoco_develop/excavator_ros2_ws/install/local_setup.bash'
[12.119s] INFO:colcon.colcon_core.shell:Creating prefix chain script '/home/ubuntu2204/mujoco_develop/excavator_ros2_ws/install/setup.bash'
[12.120s] INFO:colcon.colcon_core.shell:Creating prefix script '/home/ubuntu2204/mujoco_develop/excavator_ros2_ws/install/local_setup.zsh'
[12.120s] INFO:colcon.colcon_core.shell:Creating prefix chain script '/home/ubuntu2204/mujoco_develop/excavator_ros2_ws/install/setup.zsh'
