[0.176s] DEBUG:colcon:Command line arguments: ['/usr/bin/colcon', 'build', '--packages-select', 'excavator_ros2_bridge', 'excavator_viewer']
[0.177s] DEBUG:colcon:Parsed command line arguments: Namespace(log_base=None, log_level=None, verb_name='build', build_base='build', install_base='install', merge_install=False, symlink_install=False, test_result_base=None, continue_on_error=False, executor='parallel', parallel_workers=12, event_handlers=None, ignore_user_meta=False, metas=['./colcon.meta'], base_paths=['.'], packages_ignore=None, packages_ignore_regex=None, paths=None, packages_up_to=None, packages_up_to_regex=None, packages_above=None, packages_above_and_dependencies=None, packages_above_depth=None, packages_select_by_dep=None, packages_skip_by_dep=None, packages_skip_up_to=None, packages_select_build_failed=False, packages_skip_build_finished=False, packages_select_test_failures=False, packages_skip_test_passed=False, packages_select=['excavator_ros2_bridge', 'excavator_viewer'], packages_skip=None, packages_select_regex=None, packages_skip_regex=None, packages_start=None, packages_end=None, allow_overriding=[], cmake_args=None, cmake_target=None, cmake_target_skip_unavailable=False, cmake_clean_cache=False, cmake_clean_first=False, cmake_force_configure=False, ament_cmake_args=None, catkin_cmake_args=None, catkin_skip_building_tests=False, verb_parser=<colcon_defaults.argument_parser.defaults.DefaultArgumentsDecorator object at 0x7223d593fc70>, verb_extension=<colcon_core.verb.build.BuildVerb object at 0x7223d593f730>, main=<bound method BuildVerb.main of <colcon_core.verb.build.BuildVerb object at 0x7223d593f730>>)
[0.293s] Level 1:colcon.colcon_core.package_discovery:discover_packages(colcon_meta) check parameters
[0.293s] Level 1:colcon.colcon_core.package_discovery:discover_packages(recursive) check parameters
[0.293s] Level 1:colcon.colcon_core.package_discovery:discover_packages(ignore) check parameters
[0.293s] Level 1:colcon.colcon_core.package_discovery:discover_packages(path) check parameters
[0.293s] Level 1:colcon.colcon_core.package_discovery:discover_packages(colcon_meta) discover
[0.293s] Level 1:colcon.colcon_core.package_discovery:discover_packages(recursive) discover
[0.293s] INFO:colcon.colcon_core.package_discovery:Crawling recursively for packages in '/home/ubuntu2204/mujoco_develop/excavator_ros2_ws'
[0.293s] Level 1:colcon.colcon_core.package_identification:_identify(.) by extensions ['ignore', 'ignore_ament_install']
[0.293s] Level 1:colcon.colcon_core.package_identification:_identify(.) by extension 'ignore'
[0.293s] Level 1:colcon.colcon_core.package_identification:_identify(.) by extension 'ignore_ament_install'
[0.293s] Level 1:colcon.colcon_core.package_identification:_identify(.) by extensions ['colcon_pkg']
[0.293s] Level 1:colcon.colcon_core.package_identification:_identify(.) by extension 'colcon_pkg'
[0.294s] Level 1:colcon.colcon_core.package_identification:_identify(.) by extensions ['colcon_meta']
[0.294s] Level 1:colcon.colcon_core.package_identification:_identify(.) by extension 'colcon_meta'
[0.294s] Level 1:colcon.colcon_core.package_identification:_identify(.) by extensions ['ros']
[0.294s] Level 1:colcon.colcon_core.package_identification:_identify(.) by extension 'ros'
[0.300s] Level 1:colcon.colcon_core.package_identification:_identify(.) by extensions ['cmake', 'python']
[0.300s] Level 1:colcon.colcon_core.package_identification:_identify(.) by extension 'cmake'
[0.301s] Level 1:colcon.colcon_core.package_identification:_identify(.) by extension 'python'
[0.301s] Level 1:colcon.colcon_core.package_identification:_identify(.) by extensions ['python_setup_py']
[0.301s] Level 1:colcon.colcon_core.package_identification:_identify(.) by extension 'python_setup_py'
[0.301s] Level 1:colcon.colcon_core.package_identification:_identify(build) by extensions ['ignore', 'ignore_ament_install']
[0.301s] Level 1:colcon.colcon_core.package_identification:_identify(build) by extension 'ignore'
[0.301s] Level 1:colcon.colcon_core.package_identification:_identify(build) ignored
[0.301s] Level 1:colcon.colcon_core.package_identification:_identify(install) by extensions ['ignore', 'ignore_ament_install']
[0.301s] Level 1:colcon.colcon_core.package_identification:_identify(install) by extension 'ignore'
[0.301s] Level 1:colcon.colcon_core.package_identification:_identify(install) ignored
[0.301s] Level 1:colcon.colcon_core.package_identification:_identify(log) by extensions ['ignore', 'ignore_ament_install']
[0.301s] Level 1:colcon.colcon_core.package_identification:_identify(log) by extension 'ignore'
[0.301s] Level 1:colcon.colcon_core.package_identification:_identify(log) ignored
[0.301s] Level 1:colcon.colcon_core.package_identification:_identify(src) by extensions ['ignore', 'ignore_ament_install']
[0.301s] Level 1:colcon.colcon_core.package_identification:_identify(src) by extension 'ignore'
[0.301s] Level 1:colcon.colcon_core.package_identification:_identify(src) by extension 'ignore_ament_install'
[0.301s] Level 1:colcon.colcon_core.package_identification:_identify(src) by extensions ['colcon_pkg']
[0.301s] Level 1:colcon.colcon_core.package_identification:_identify(src) by extension 'colcon_pkg'
[0.301s] Level 1:colcon.colcon_core.package_identification:_identify(src) by extensions ['colcon_meta']
[0.301s] Level 1:colcon.colcon_core.package_identification:_identify(src) by extension 'colcon_meta'
[0.301s] Level 1:colcon.colcon_core.package_identification:_identify(src) by extensions ['ros']
[0.301s] Level 1:colcon.colcon_core.package_identification:_identify(src) by extension 'ros'
[0.301s] Level 1:colcon.colcon_core.package_identification:_identify(src) by extensions ['cmake', 'python']
[0.301s] Level 1:colcon.colcon_core.package_identification:_identify(src) by extension 'cmake'
[0.301s] Level 1:colcon.colcon_core.package_identification:_identify(src) by extension 'python'
[0.301s] Level 1:colcon.colcon_core.package_identification:_identify(src) by extensions ['python_setup_py']
[0.301s] Level 1:colcon.colcon_core.package_identification:_identify(src) by extension 'python_setup_py'
[0.302s] Level 1:colcon.colcon_core.package_identification:_identify(src/excavator_auto_dig) by extensions ['ignore', 'ignore_ament_install']
[0.302s] Level 1:colcon.colcon_core.package_identification:_identify(src/excavator_auto_dig) by extension 'ignore'
[0.302s] Level 1:colcon.colcon_core.package_identification:_identify(src/excavator_auto_dig) by extension 'ignore_ament_install'
[0.302s] Level 1:colcon.colcon_core.package_identification:_identify(src/excavator_auto_dig) by extensions ['colcon_pkg']
[0.302s] Level 1:colcon.colcon_core.package_identification:_identify(src/excavator_auto_dig) by extension 'colcon_pkg'
[0.302s] Level 1:colcon.colcon_core.package_identification:_identify(src/excavator_auto_dig) by extensions ['colcon_meta']
[0.302s] Level 1:colcon.colcon_core.package_identification:_identify(src/excavator_auto_dig) by extension 'colcon_meta'
[0.302s] Level 1:colcon.colcon_core.package_identification:_identify(src/excavator_auto_dig) by extensions ['ros']
[0.302s] Level 1:colcon.colcon_core.package_identification:_identify(src/excavator_auto_dig) by extension 'ros'
[0.303s] DEBUG:colcon.colcon_core.package_identification:Package 'src/excavator_auto_dig' with type 'ros.ament_cmake' and name 'excavator_auto_dig'
[0.304s] Level 1:colcon.colcon_core.package_identification:_identify(src/excavator_ros2_bridge) by extensions ['ignore', 'ignore_ament_install']
[0.304s] Level 1:colcon.colcon_core.package_identification:_identify(src/excavator_ros2_bridge) by extension 'ignore'
[0.304s] Level 1:colcon.colcon_core.package_identification:_identify(src/excavator_ros2_bridge) by extension 'ignore_ament_install'
[0.304s] Level 1:colcon.colcon_core.package_identification:_identify(src/excavator_ros2_bridge) by extensions ['colcon_pkg']
[0.304s] Level 1:colcon.colcon_core.package_identification:_identify(src/excavator_ros2_bridge) by extension 'colcon_pkg'
[0.304s] Level 1:colcon.colcon_core.package_identification:_identify(src/excavator_ros2_bridge) by extensions ['colcon_meta']
[0.304s] Level 1:colcon.colcon_core.package_identification:_identify(src/excavator_ros2_bridge) by extension 'colcon_meta'
[0.304s] Level 1:colcon.colcon_core.package_identification:_identify(src/excavator_ros2_bridge) by extensions ['ros']
[0.304s] Level 1:colcon.colcon_core.package_identification:_identify(src/excavator_ros2_bridge) by extension 'ros'
[0.305s] DEBUG:colcon.colcon_core.package_identification:Package 'src/excavator_ros2_bridge' with type 'ros.ament_cmake' and name 'excavator_ros2_bridge'
[0.305s] Level 1:colcon.colcon_core.package_identification:_identify(src/excavator_viewer) by extensions ['ignore', 'ignore_ament_install']
[0.306s] Level 1:colcon.colcon_core.package_identification:_identify(src/excavator_viewer) by extension 'ignore'
[0.306s] Level 1:colcon.colcon_core.package_identification:_identify(src/excavator_viewer) by extension 'ignore_ament_install'
[0.306s] Level 1:colcon.colcon_core.package_identification:_identify(src/excavator_viewer) by extensions ['colcon_pkg']
[0.306s] Level 1:colcon.colcon_core.package_identification:_identify(src/excavator_viewer) by extension 'colcon_pkg'
[0.306s] Level 1:colcon.colcon_core.package_identification:_identify(src/excavator_viewer) by extensions ['colcon_meta']
[0.306s] Level 1:colcon.colcon_core.package_identification:_identify(src/excavator_viewer) by extension 'colcon_meta'
[0.306s] Level 1:colcon.colcon_core.package_identification:_identify(src/excavator_viewer) by extensions ['ros']
[0.306s] Level 1:colcon.colcon_core.package_identification:_identify(src/excavator_viewer) by extension 'ros'
[0.306s] DEBUG:colcon.colcon_core.package_identification:Package 'src/excavator_viewer' with type 'ros.ament_cmake' and name 'excavator_viewer'
[0.306s] Level 1:colcon.colcon_core.package_discovery:discover_packages(recursive) using defaults
[0.306s] Level 1:colcon.colcon_core.package_discovery:discover_packages(ignore) discover
[0.306s] Level 1:colcon.colcon_core.package_discovery:discover_packages(ignore) using defaults
[0.306s] Level 1:colcon.colcon_core.package_discovery:discover_packages(path) discover
[0.306s] Level 1:colcon.colcon_core.package_discovery:discover_packages(path) using defaults
[0.325s] INFO:colcon.colcon_core.package_selection:Skipping not selected package 'excavator_auto_dig' in 'src/excavator_auto_dig'
[0.326s] Level 1:colcon.colcon_core.package_discovery:discover_packages(prefix_path) check parameters
[0.326s] Level 1:colcon.colcon_core.package_discovery:discover_packages(prefix_path) discover
[0.328s] DEBUG:colcon.colcon_installed_package_information.package_discovery:Found 21 installed packages in /home/ubuntu2204/wslearning/install
[0.329s] DEBUG:colcon.colcon_installed_package_information.package_discovery:Found 468 installed packages in /opt/ros/humble
[0.330s] Level 1:colcon.colcon_core.package_discovery:discover_packages(prefix_path) using defaults
[0.368s] Level 5:colcon.colcon_core.verb:set package 'excavator_ros2_bridge' build argument 'cmake_args' from command line to 'None'
[0.368s] Level 5:colcon.colcon_core.verb:set package 'excavator_ros2_bridge' build argument 'cmake_target' from command line to 'None'
[0.368s] Level 5:colcon.colcon_core.verb:set package 'excavator_ros2_bridge' build argument 'cmake_target_skip_unavailable' from command line to 'False'
[0.368s] Level 5:colcon.colcon_core.verb:set package 'excavator_ros2_bridge' build argument 'cmake_clean_cache' from command line to 'False'
[0.368s] Level 5:colcon.colcon_core.verb:set package 'excavator_ros2_bridge' build argument 'cmake_clean_first' from command line to 'False'
[0.368s] Level 5:colcon.colcon_core.verb:set package 'excavator_ros2_bridge' build argument 'cmake_force_configure' from command line to 'False'
[0.368s] Level 5:colcon.colcon_core.verb:set package 'excavator_ros2_bridge' build argument 'ament_cmake_args' from command line to 'None'
[0.368s] Level 5:colcon.colcon_core.verb:set package 'excavator_ros2_bridge' build argument 'catkin_cmake_args' from command line to 'None'
[0.368s] Level 5:colcon.colcon_core.verb:set package 'excavator_ros2_bridge' build argument 'catkin_skip_building_tests' from command line to 'False'
[0.368s] DEBUG:colcon.colcon_core.verb:Building package 'excavator_ros2_bridge' with the following arguments: {'ament_cmake_args': None, 'build_base': '/home/ubuntu2204/mujoco_develop/excavator_ros2_ws/build/excavator_ros2_bridge', 'catkin_cmake_args': None, 'catkin_skip_building_tests': False, 'cmake_args': None, 'cmake_clean_cache': False, 'cmake_clean_first': False, 'cmake_force_configure': False, 'cmake_target': None, 'cmake_target_skip_unavailable': False, 'install_base': '/home/ubuntu2204/mujoco_develop/excavator_ros2_ws/install/excavator_ros2_bridge', 'merge_install': False, 'path': '/home/ubuntu2204/mujoco_develop/excavator_ros2_ws/src/excavator_ros2_bridge', 'symlink_install': False, 'test_result_base': None}
[0.369s] Level 5:colcon.colcon_core.verb:set package 'excavator_viewer' build argument 'cmake_args' from command line to 'None'
[0.369s] Level 5:colcon.colcon_core.verb:set package 'excavator_viewer' build argument 'cmake_target' from command line to 'None'
[0.369s] Level 5:colcon.colcon_core.verb:set package 'excavator_viewer' build argument 'cmake_target_skip_unavailable' from command line to 'False'
[0.369s] Level 5:colcon.colcon_core.verb:set package 'excavator_viewer' build argument 'cmake_clean_cache' from command line to 'False'
[0.369s] Level 5:colcon.colcon_core.verb:set package 'excavator_viewer' build argument 'cmake_clean_first' from command line to 'False'
[0.369s] Level 5:colcon.colcon_core.verb:set package 'excavator_viewer' build argument 'cmake_force_configure' from command line to 'False'
[0.369s] Level 5:colcon.colcon_core.verb:set package 'excavator_viewer' build argument 'ament_cmake_args' from command line to 'None'
[0.369s] Level 5:colcon.colcon_core.verb:set package 'excavator_viewer' build argument 'catkin_cmake_args' from command line to 'None'
[0.369s] Level 5:colcon.colcon_core.verb:set package 'excavator_viewer' build argument 'catkin_skip_building_tests' from command line to 'False'
[0.369s] DEBUG:colcon.colcon_core.verb:Building package 'excavator_viewer' with the following arguments: {'ament_cmake_args': None, 'build_base': '/home/ubuntu2204/mujoco_develop/excavator_ros2_ws/build/excavator_viewer', 'catkin_cmake_args': None, 'catkin_skip_building_tests': False, 'cmake_args': None, 'cmake_clean_cache': False, 'cmake_clean_first': False, 'cmake_force_configure': False, 'cmake_target': None, 'cmake_target_skip_unavailable': False, 'install_base': '/home/ubuntu2204/mujoco_develop/excavator_ros2_ws/install/excavator_viewer', 'merge_install': False, 'path': '/home/ubuntu2204/mujoco_develop/excavator_ros2_ws/src/excavator_viewer', 'symlink_install': False, 'test_result_base': None}
[0.369s] INFO:colcon.colcon_core.executor:Executing jobs using 'parallel' executor
[0.370s] DEBUG:colcon.colcon_parallel_executor.executor.parallel:run_until_complete
[0.370s] INFO:colcon.colcon_ros.task.ament_cmake.build:Building ROS package in '/home/ubuntu2204/mujoco_develop/excavator_ros2_ws/src/excavator_ros2_bridge' with build type 'ament_cmake'
[0.370s] INFO:colcon.colcon_cmake.task.cmake.build:Building CMake package in '/home/ubuntu2204/mujoco_develop/excavator_ros2_ws/src/excavator_ros2_bridge'
[0.372s] INFO:colcon.colcon_core.plugin_system:Skipping extension 'colcon_core.shell.bat': Not used on non-Windows systems
[0.372s] INFO:colcon.colcon_core.shell:Skip shell extension 'powershell' for command environment: Not usable outside of PowerShell
[0.372s] DEBUG:colcon.colcon_core.shell:Skip shell extension 'dsv' for command environment
[0.375s] INFO:colcon.colcon_ros.task.ament_cmake.build:Building ROS package in '/home/ubuntu2204/mujoco_develop/excavator_ros2_ws/src/excavator_viewer' with build type 'ament_cmake'
[0.375s] INFO:colcon.colcon_cmake.task.cmake.build:Building CMake package in '/home/ubuntu2204/mujoco_develop/excavator_ros2_ws/src/excavator_viewer'
[0.375s] INFO:colcon.colcon_core.shell:Skip shell extension 'powershell' for command environment: Not usable outside of PowerShell
[0.375s] DEBUG:colcon.colcon_core.shell:Skip shell extension 'dsv' for command environment
[0.382s] DEBUG:colcon.colcon_core.event_handler.log_command:Invoking command in '/home/ubuntu2204/mujoco_develop/excavator_ros2_ws/build/excavator_ros2_bridge': CMAKE_PREFIX_PATH=${CMAKE_PREFIX_PATH}:/home/ubuntu2204/wslearning/install/learning_urdf:/home/ubuntu2204/wslearning/install/learning_topic:/home/ubuntu2204/wslearning/install/learning_tf:/home/ubuntu2204/wslearning/install/learning_service:/home/ubuntu2204/wslearning/install/learning_qos:/home/ubuntu2204/wslearning/install/learning_pkg_python:/home/ubuntu2204/wslearning/install/learning_parameter:/home/ubuntu2204/wslearning/install/learning_node:/home/ubuntu2204/wslearning/install/learning_launch:/home/ubuntu2204/wslearning/install/learning_action:/home/ubuntu2204/wslearning/install/learning_gazebo_harmonic:/home/ubuntu2204/wslearning/install/learning_gazebo:/home/ubuntu2204/wslearning/install/learning_cv:/opt/ros/humble /usr/bin/cmake --build /home/ubuntu2204/mujoco_develop/excavator_ros2_ws/build/excavator_ros2_bridge -- -j12 -l12
[0.386s] DEBUG:colcon.colcon_core.event_handler.log_command:Invoking command in '/home/ubuntu2204/mujoco_develop/excavator_ros2_ws/build/excavator_viewer': CMAKE_PREFIX_PATH=${CMAKE_PREFIX_PATH}:/home/ubuntu2204/wslearning/install/learning_urdf:/home/ubuntu2204/wslearning/install/learning_topic:/home/ubuntu2204/wslearning/install/learning_tf:/home/ubuntu2204/wslearning/install/learning_service:/home/ubuntu2204/wslearning/install/learning_qos:/home/ubuntu2204/wslearning/install/learning_pkg_python:/home/ubuntu2204/wslearning/install/learning_parameter:/home/ubuntu2204/wslearning/install/learning_node:/home/ubuntu2204/wslearning/install/learning_launch:/home/ubuntu2204/wslearning/install/learning_action:/home/ubuntu2204/wslearning/install/learning_gazebo_harmonic:/home/ubuntu2204/wslearning/install/learning_gazebo:/home/ubuntu2204/wslearning/install/learning_cv:/opt/ros/humble /usr/bin/cmake /home/ubuntu2204/mujoco_develop/excavator_ros2_ws/src/excavator_viewer -DCMAKE_INSTALL_PREFIX=/home/ubuntu2204/mujoco_develop/excavator_ros2_ws/install/excavator_viewer
[0.450s] DEBUG:colcon.colcon_core.event_handler.log_command:Invoked command in '/home/ubuntu2204/mujoco_develop/excavator_ros2_ws/build/excavator_ros2_bridge' returned '0': CMAKE_PREFIX_PATH=${CMAKE_PREFIX_PATH}:/home/ubuntu2204/wslearning/install/learning_urdf:/home/ubuntu2204/wslearning/install/learning_topic:/home/ubuntu2204/wslearning/install/learning_tf:/home/ubuntu2204/wslearning/install/learning_service:/home/ubuntu2204/wslearning/install/learning_qos:/home/ubuntu2204/wslearning/install/learning_pkg_python:/home/ubuntu2204/wslearning/install/learning_parameter:/home/ubuntu2204/wslearning/install/learning_node:/home/ubuntu2204/wslearning/install/learning_launch:/home/ubuntu2204/wslearning/install/learning_action:/home/ubuntu2204/wslearning/install/learning_gazebo_harmonic:/home/ubuntu2204/wslearning/install/learning_gazebo:/home/ubuntu2204/wslearning/install/learning_cv:/opt/ros/humble /usr/bin/cmake --build /home/ubuntu2204/mujoco_develop/excavator_ros2_ws/build/excavator_ros2_bridge -- -j12 -l12
[0.458s] DEBUG:colcon.colcon_core.event_handler.log_command:Invoking command in '/home/ubuntu2204/mujoco_develop/excavator_ros2_ws/build/excavator_ros2_bridge': CMAKE_PREFIX_PATH=${CMAKE_PREFIX_PATH}:/home/ubuntu2204/wslearning/install/learning_urdf:/home/ubuntu2204/wslearning/install/learning_topic:/home/ubuntu2204/wslearning/install/learning_tf:/home/ubuntu2204/wslearning/install/learning_service:/home/ubuntu2204/wslearning/install/learning_qos:/home/ubuntu2204/wslearning/install/learning_pkg_python:/home/ubuntu2204/wslearning/install/learning_parameter:/home/ubuntu2204/wslearning/install/learning_node:/home/ubuntu2204/wslearning/install/learning_launch:/home/ubuntu2204/wslearning/install/learning_action:/home/ubuntu2204/wslearning/install/learning_gazebo_harmonic:/home/ubuntu2204/wslearning/install/learning_gazebo:/home/ubuntu2204/wslearning/install/learning_cv:/opt/ros/humble /usr/bin/cmake --install /home/ubuntu2204/mujoco_develop/excavator_ros2_ws/build/excavator_ros2_bridge
[0.467s] Level 1:colcon.colcon_core.environment:create_environment_scripts_only(excavator_ros2_bridge)
[0.468s] DEBUG:colcon.colcon_core.event_handler.log_command:Invoked command in '/home/ubuntu2204/mujoco_develop/excavator_ros2_ws/build/excavator_ros2_bridge' returned '0': CMAKE_PREFIX_PATH=${CMAKE_PREFIX_PATH}:/home/ubuntu2204/wslearning/install/learning_urdf:/home/ubuntu2204/wslearning/install/learning_topic:/home/ubuntu2204/wslearning/install/learning_tf:/home/ubuntu2204/wslearning/install/learning_service:/home/ubuntu2204/wslearning/install/learning_qos:/home/ubuntu2204/wslearning/install/learning_pkg_python:/home/ubuntu2204/wslearning/install/learning_parameter:/home/ubuntu2204/wslearning/install/learning_node:/home/ubuntu2204/wslearning/install/learning_launch:/home/ubuntu2204/wslearning/install/learning_action:/home/ubuntu2204/wslearning/install/learning_gazebo_harmonic:/home/ubuntu2204/wslearning/install/learning_gazebo:/home/ubuntu2204/wslearning/install/learning_cv:/opt/ros/humble /usr/bin/cmake --install /home/ubuntu2204/mujoco_develop/excavator_ros2_ws/build/excavator_ros2_bridge
[0.470s] Level 1:colcon.colcon_core.environment:checking '/home/ubuntu2204/mujoco_develop/excavator_ros2_ws/install/excavator_ros2_bridge' for CMake module files
[0.470s] Level 1:colcon.colcon_core.environment:checking '/home/ubuntu2204/mujoco_develop/excavator_ros2_ws/install/excavator_ros2_bridge' for CMake config files
[0.470s] Level 1:colcon.colcon_core.shell:create_environment_hook('excavator_ros2_bridge', 'cmake_prefix_path')
[0.470s] INFO:colcon.colcon_core.shell:Creating environment hook '/home/ubuntu2204/mujoco_develop/excavator_ros2_ws/install/excavator_ros2_bridge/share/excavator_ros2_bridge/hook/cmake_prefix_path.ps1'
[0.471s] INFO:colcon.colcon_core.shell:Creating environment descriptor '/home/ubuntu2204/mujoco_develop/excavator_ros2_ws/install/excavator_ros2_bridge/share/excavator_ros2_bridge/hook/cmake_prefix_path.dsv'
[0.471s] INFO:colcon.colcon_core.shell:Creating environment hook '/home/ubuntu2204/mujoco_develop/excavator_ros2_ws/install/excavator_ros2_bridge/share/excavator_ros2_bridge/hook/cmake_prefix_path.sh'
[0.472s] Level 1:colcon.colcon_core.environment:checking '/home/ubuntu2204/mujoco_develop/excavator_ros2_ws/install/excavator_ros2_bridge/lib'
[0.472s] Level 1:colcon.colcon_core.shell:create_environment_hook('excavator_ros2_bridge', 'ld_library_path_lib')
[0.472s] INFO:colcon.colcon_core.shell:Creating environment hook '/home/ubuntu2204/mujoco_develop/excavator_ros2_ws/install/excavator_ros2_bridge/share/excavator_ros2_bridge/hook/ld_library_path_lib.ps1'
[0.472s] INFO:colcon.colcon_core.shell:Creating environment descriptor '/home/ubuntu2204/mujoco_develop/excavator_ros2_ws/install/excavator_ros2_bridge/share/excavator_ros2_bridge/hook/ld_library_path_lib.dsv'
[0.473s] INFO:colcon.colcon_core.shell:Creating environment hook '/home/ubuntu2204/mujoco_develop/excavator_ros2_ws/install/excavator_ros2_bridge/share/excavator_ros2_bridge/hook/ld_library_path_lib.sh'
[0.473s] Level 1:colcon.colcon_core.environment:checking '/home/ubuntu2204/mujoco_develop/excavator_ros2_ws/install/excavator_ros2_bridge/bin'
[0.473s] Level 1:colcon.colcon_core.environment:checking '/home/ubuntu2204/mujoco_develop/excavator_ros2_ws/install/excavator_ros2_bridge/lib/pkgconfig/excavator_ros2_bridge.pc'
[0.473s] Level 1:colcon.colcon_core.environment:checking '/home/ubuntu2204/mujoco_develop/excavator_ros2_ws/install/excavator_ros2_bridge/lib/python3.10/site-packages'
[0.473s] Level 1:colcon.colcon_core.environment:checking '/home/ubuntu2204/mujoco_develop/excavator_ros2_ws/install/excavator_ros2_bridge/bin'
[0.474s] INFO:colcon.colcon_core.shell:Creating package script '/home/ubuntu2204/mujoco_develop/excavator_ros2_ws/install/excavator_ros2_bridge/share/excavator_ros2_bridge/package.ps1'
[0.474s] INFO:colcon.colcon_core.shell:Creating package descriptor '/home/ubuntu2204/mujoco_develop/excavator_ros2_ws/install/excavator_ros2_bridge/share/excavator_ros2_bridge/package.dsv'
[0.475s] INFO:colcon.colcon_core.shell:Creating package script '/home/ubuntu2204/mujoco_develop/excavator_ros2_ws/install/excavator_ros2_bridge/share/excavator_ros2_bridge/package.sh'
[0.475s] INFO:colcon.colcon_core.shell:Creating package script '/home/ubuntu2204/mujoco_develop/excavator_ros2_ws/install/excavator_ros2_bridge/share/excavator_ros2_bridge/package.bash'
[0.476s] INFO:colcon.colcon_core.shell:Creating package script '/home/ubuntu2204/mujoco_develop/excavator_ros2_ws/install/excavator_ros2_bridge/share/excavator_ros2_bridge/package.zsh'
[0.476s] Level 1:colcon.colcon_core.environment:create_file_with_runtime_dependencies(/home/ubuntu2204/mujoco_develop/excavator_ros2_ws/install/excavator_ros2_bridge/share/colcon-core/packages/excavator_ros2_bridge)
[0.476s] Level 1:colcon.colcon_core.environment:create_environment_scripts_only(excavator_ros2_bridge)
[0.477s] Level 1:colcon.colcon_core.environment:checking '/home/ubuntu2204/mujoco_develop/excavator_ros2_ws/install/excavator_ros2_bridge' for CMake module files
[0.477s] Level 1:colcon.colcon_core.environment:checking '/home/ubuntu2204/mujoco_develop/excavator_ros2_ws/install/excavator_ros2_bridge' for CMake config files
[0.477s] Level 1:colcon.colcon_core.shell:create_environment_hook('excavator_ros2_bridge', 'cmake_prefix_path')
[0.477s] INFO:colcon.colcon_core.shell:Creating environment hook '/home/ubuntu2204/mujoco_develop/excavator_ros2_ws/install/excavator_ros2_bridge/share/excavator_ros2_bridge/hook/cmake_prefix_path.ps1'
[0.478s] INFO:colcon.colcon_core.shell:Creating environment descriptor '/home/ubuntu2204/mujoco_develop/excavator_ros2_ws/install/excavator_ros2_bridge/share/excavator_ros2_bridge/hook/cmake_prefix_path.dsv'
[0.478s] INFO:colcon.colcon_core.shell:Creating environment hook '/home/ubuntu2204/mujoco_develop/excavator_ros2_ws/install/excavator_ros2_bridge/share/excavator_ros2_bridge/hook/cmake_prefix_path.sh'
[0.479s] Level 1:colcon.colcon_core.environment:checking '/home/ubuntu2204/mujoco_develop/excavator_ros2_ws/install/excavator_ros2_bridge/lib'
[0.479s] Level 1:colcon.colcon_core.shell:create_environment_hook('excavator_ros2_bridge', 'ld_library_path_lib')
[0.479s] INFO:colcon.colcon_core.shell:Creating environment hook '/home/ubuntu2204/mujoco_develop/excavator_ros2_ws/install/excavator_ros2_bridge/share/excavator_ros2_bridge/hook/ld_library_path_lib.ps1'
[0.479s] INFO:colcon.colcon_core.shell:Creating environment descriptor '/home/ubuntu2204/mujoco_develop/excavator_ros2_ws/install/excavator_ros2_bridge/share/excavator_ros2_bridge/hook/ld_library_path_lib.dsv'
[0.479s] INFO:colcon.colcon_core.shell:Creating environment hook '/home/ubuntu2204/mujoco_develop/excavator_ros2_ws/install/excavator_ros2_bridge/share/excavator_ros2_bridge/hook/ld_library_path_lib.sh'
[0.480s] Level 1:colcon.colcon_core.environment:checking '/home/ubuntu2204/mujoco_develop/excavator_ros2_ws/install/excavator_ros2_bridge/bin'
[0.480s] Level 1:colcon.colcon_core.environment:checking '/home/ubuntu2204/mujoco_develop/excavator_ros2_ws/install/excavator_ros2_bridge/lib/pkgconfig/excavator_ros2_bridge.pc'
[0.480s] Level 1:colcon.colcon_core.environment:checking '/home/ubuntu2204/mujoco_develop/excavator_ros2_ws/install/excavator_ros2_bridge/lib/python3.10/site-packages'
[0.480s] Level 1:colcon.colcon_core.environment:checking '/home/ubuntu2204/mujoco_develop/excavator_ros2_ws/install/excavator_ros2_bridge/bin'
[0.480s] INFO:colcon.colcon_core.shell:Creating package script '/home/ubuntu2204/mujoco_develop/excavator_ros2_ws/install/excavator_ros2_bridge/share/excavator_ros2_bridge/package.ps1'
[0.481s] INFO:colcon.colcon_core.shell:Creating package descriptor '/home/ubuntu2204/mujoco_develop/excavator_ros2_ws/install/excavator_ros2_bridge/share/excavator_ros2_bridge/package.dsv'
[0.481s] INFO:colcon.colcon_core.shell:Creating package script '/home/ubuntu2204/mujoco_develop/excavator_ros2_ws/install/excavator_ros2_bridge/share/excavator_ros2_bridge/package.sh'
[0.481s] INFO:colcon.colcon_core.shell:Creating package script '/home/ubuntu2204/mujoco_develop/excavator_ros2_ws/install/excavator_ros2_bridge/share/excavator_ros2_bridge/package.bash'
[0.482s] INFO:colcon.colcon_core.shell:Creating package script '/home/ubuntu2204/mujoco_develop/excavator_ros2_ws/install/excavator_ros2_bridge/share/excavator_ros2_bridge/package.zsh'
[0.482s] Level 1:colcon.colcon_core.environment:create_file_with_runtime_dependencies(/home/ubuntu2204/mujoco_develop/excavator_ros2_ws/install/excavator_ros2_bridge/share/colcon-core/packages/excavator_ros2_bridge)
[9.012s] DEBUG:colcon.colcon_core.event_handler.log_command:Invoked command in '/home/ubuntu2204/mujoco_develop/excavator_ros2_ws/build/excavator_viewer' returned '0': CMAKE_PREFIX_PATH=${CMAKE_PREFIX_PATH}:/home/ubuntu2204/wslearning/install/learning_urdf:/home/ubuntu2204/wslearning/install/learning_topic:/home/ubuntu2204/wslearning/install/learning_tf:/home/ubuntu2204/wslearning/install/learning_service:/home/ubuntu2204/wslearning/install/learning_qos:/home/ubuntu2204/wslearning/install/learning_pkg_python:/home/ubuntu2204/wslearning/install/learning_parameter:/home/ubuntu2204/wslearning/install/learning_node:/home/ubuntu2204/wslearning/install/learning_launch:/home/ubuntu2204/wslearning/install/learning_action:/home/ubuntu2204/wslearning/install/learning_gazebo_harmonic:/home/ubuntu2204/wslearning/install/learning_gazebo:/home/ubuntu2204/wslearning/install/learning_cv:/opt/ros/humble /usr/bin/cmake /home/ubuntu2204/mujoco_develop/excavator_ros2_ws/src/excavator_viewer -DCMAKE_INSTALL_PREFIX=/home/ubuntu2204/mujoco_develop/excavator_ros2_ws/install/excavator_viewer
[9.013s] DEBUG:colcon.colcon_core.event_handler.log_command:Invoking command in '/home/ubuntu2204/mujoco_develop/excavator_ros2_ws/build/excavator_viewer': CMAKE_PREFIX_PATH=${CMAKE_PREFIX_PATH}:/home/ubuntu2204/wslearning/install/learning_urdf:/home/ubuntu2204/wslearning/install/learning_topic:/home/ubuntu2204/wslearning/install/learning_tf:/home/ubuntu2204/wslearning/install/learning_service:/home/ubuntu2204/wslearning/install/learning_qos:/home/ubuntu2204/wslearning/install/learning_pkg_python:/home/ubuntu2204/wslearning/install/learning_parameter:/home/ubuntu2204/wslearning/install/learning_node:/home/ubuntu2204/wslearning/install/learning_launch:/home/ubuntu2204/wslearning/install/learning_action:/home/ubuntu2204/wslearning/install/learning_gazebo_harmonic:/home/ubuntu2204/wslearning/install/learning_gazebo:/home/ubuntu2204/wslearning/install/learning_cv:/opt/ros/humble /usr/bin/cmake --build /home/ubuntu2204/mujoco_develop/excavator_ros2_ws/build/excavator_viewer -- -j12 -l12
[16.798s] DEBUG:colcon.colcon_core.event_handler.log_command:Invoked command in '/home/ubuntu2204/mujoco_develop/excavator_ros2_ws/build/excavator_viewer' returned '0': CMAKE_PREFIX_PATH=${CMAKE_PREFIX_PATH}:/home/ubuntu2204/wslearning/install/learning_urdf:/home/ubuntu2204/wslearning/install/learning_topic:/home/ubuntu2204/wslearning/install/learning_tf:/home/ubuntu2204/wslearning/install/learning_service:/home/ubuntu2204/wslearning/install/learning_qos:/home/ubuntu2204/wslearning/install/learning_pkg_python:/home/ubuntu2204/wslearning/install/learning_parameter:/home/ubuntu2204/wslearning/install/learning_node:/home/ubuntu2204/wslearning/install/learning_launch:/home/ubuntu2204/wslearning/install/learning_action:/home/ubuntu2204/wslearning/install/learning_gazebo_harmonic:/home/ubuntu2204/wslearning/install/learning_gazebo:/home/ubuntu2204/wslearning/install/learning_cv:/opt/ros/humble /usr/bin/cmake --build /home/ubuntu2204/mujoco_develop/excavator_ros2_ws/build/excavator_viewer -- -j12 -l12
[16.799s] DEBUG:colcon.colcon_core.event_handler.log_command:Invoking command in '/home/ubuntu2204/mujoco_develop/excavator_ros2_ws/build/excavator_viewer': CMAKE_PREFIX_PATH=${CMAKE_PREFIX_PATH}:/home/ubuntu2204/wslearning/install/learning_urdf:/home/ubuntu2204/wslearning/install/learning_topic:/home/ubuntu2204/wslearning/install/learning_tf:/home/ubuntu2204/wslearning/install/learning_service:/home/ubuntu2204/wslearning/install/learning_qos:/home/ubuntu2204/wslearning/install/learning_pkg_python:/home/ubuntu2204/wslearning/install/learning_parameter:/home/ubuntu2204/wslearning/install/learning_node:/home/ubuntu2204/wslearning/install/learning_launch:/home/ubuntu2204/wslearning/install/learning_action:/home/ubuntu2204/wslearning/install/learning_gazebo_harmonic:/home/ubuntu2204/wslearning/install/learning_gazebo:/home/ubuntu2204/wslearning/install/learning_cv:/opt/ros/humble /usr/bin/cmake --install /home/ubuntu2204/mujoco_develop/excavator_ros2_ws/build/excavator_viewer
[16.809s] Level 1:colcon.colcon_core.environment:create_environment_scripts_only(excavator_viewer)
[16.810s] Level 1:colcon.colcon_core.environment:checking '/home/ubuntu2204/mujoco_develop/excavator_ros2_ws/install/excavator_viewer' for CMake module files
[16.810s] DEBUG:colcon.colcon_core.event_handler.log_command:Invoked command in '/home/ubuntu2204/mujoco_develop/excavator_ros2_ws/build/excavator_viewer' returned '0': CMAKE_PREFIX_PATH=${CMAKE_PREFIX_PATH}:/home/ubuntu2204/wslearning/install/learning_urdf:/home/ubuntu2204/wslearning/install/learning_topic:/home/ubuntu2204/wslearning/install/learning_tf:/home/ubuntu2204/wslearning/install/learning_service:/home/ubuntu2204/wslearning/install/learning_qos:/home/ubuntu2204/wslearning/install/learning_pkg_python:/home/ubuntu2204/wslearning/install/learning_parameter:/home/ubuntu2204/wslearning/install/learning_node:/home/ubuntu2204/wslearning/install/learning_launch:/home/ubuntu2204/wslearning/install/learning_action:/home/ubuntu2204/wslearning/install/learning_gazebo_harmonic:/home/ubuntu2204/wslearning/install/learning_gazebo:/home/ubuntu2204/wslearning/install/learning_cv:/opt/ros/humble /usr/bin/cmake --install /home/ubuntu2204/mujoco_develop/excavator_ros2_ws/build/excavator_viewer
[16.810s] Level 1:colcon.colcon_core.environment:checking '/home/ubuntu2204/mujoco_develop/excavator_ros2_ws/install/excavator_viewer' for CMake config files
[16.811s] Level 1:colcon.colcon_core.shell:create_environment_hook('excavator_viewer', 'cmake_prefix_path')
[16.811s] INFO:colcon.colcon_core.shell:Creating environment hook '/home/ubuntu2204/mujoco_develop/excavator_ros2_ws/install/excavator_viewer/share/excavator_viewer/hook/cmake_prefix_path.ps1'
[16.812s] INFO:colcon.colcon_core.shell:Creating environment descriptor '/home/ubuntu2204/mujoco_develop/excavator_ros2_ws/install/excavator_viewer/share/excavator_viewer/hook/cmake_prefix_path.dsv'
[16.812s] INFO:colcon.colcon_core.shell:Creating environment hook '/home/ubuntu2204/mujoco_develop/excavator_ros2_ws/install/excavator_viewer/share/excavator_viewer/hook/cmake_prefix_path.sh'
[16.813s] Level 1:colcon.colcon_core.environment:checking '/home/ubuntu2204/mujoco_develop/excavator_ros2_ws/install/excavator_viewer/lib'
[16.813s] Level 1:colcon.colcon_core.environment:checking '/home/ubuntu2204/mujoco_develop/excavator_ros2_ws/install/excavator_viewer/bin'
[16.813s] Level 1:colcon.colcon_core.environment:checking '/home/ubuntu2204/mujoco_develop/excavator_ros2_ws/install/excavator_viewer/lib/pkgconfig/excavator_viewer.pc'
[16.813s] Level 1:colcon.colcon_core.environment:checking '/home/ubuntu2204/mujoco_develop/excavator_ros2_ws/install/excavator_viewer/lib/python3.10/site-packages'
[16.814s] Level 1:colcon.colcon_core.environment:checking '/home/ubuntu2204/mujoco_develop/excavator_ros2_ws/install/excavator_viewer/bin'
[16.814s] INFO:colcon.colcon_core.shell:Creating package script '/home/ubuntu2204/mujoco_develop/excavator_ros2_ws/install/excavator_viewer/share/excavator_viewer/package.ps1'
[16.814s] INFO:colcon.colcon_core.shell:Creating package descriptor '/home/ubuntu2204/mujoco_develop/excavator_ros2_ws/install/excavator_viewer/share/excavator_viewer/package.dsv'
[16.815s] INFO:colcon.colcon_core.shell:Creating package script '/home/ubuntu2204/mujoco_develop/excavator_ros2_ws/install/excavator_viewer/share/excavator_viewer/package.sh'
[16.815s] INFO:colcon.colcon_core.shell:Creating package script '/home/ubuntu2204/mujoco_develop/excavator_ros2_ws/install/excavator_viewer/share/excavator_viewer/package.bash'
[16.816s] INFO:colcon.colcon_core.shell:Creating package script '/home/ubuntu2204/mujoco_develop/excavator_ros2_ws/install/excavator_viewer/share/excavator_viewer/package.zsh'
[16.816s] Level 1:colcon.colcon_core.environment:create_file_with_runtime_dependencies(/home/ubuntu2204/mujoco_develop/excavator_ros2_ws/install/excavator_viewer/share/colcon-core/packages/excavator_viewer)
[16.817s] Level 1:colcon.colcon_core.environment:create_environment_scripts_only(excavator_viewer)
[16.817s] Level 1:colcon.colcon_core.environment:checking '/home/ubuntu2204/mujoco_develop/excavator_ros2_ws/install/excavator_viewer' for CMake module files
[16.817s] Level 1:colcon.colcon_core.environment:checking '/home/ubuntu2204/mujoco_develop/excavator_ros2_ws/install/excavator_viewer' for CMake config files
[16.817s] Level 1:colcon.colcon_core.shell:create_environment_hook('excavator_viewer', 'cmake_prefix_path')
[16.818s] INFO:colcon.colcon_core.shell:Creating environment hook '/home/ubuntu2204/mujoco_develop/excavator_ros2_ws/install/excavator_viewer/share/excavator_viewer/hook/cmake_prefix_path.ps1'
[16.818s] INFO:colcon.colcon_core.shell:Creating environment descriptor '/home/ubuntu2204/mujoco_develop/excavator_ros2_ws/install/excavator_viewer/share/excavator_viewer/hook/cmake_prefix_path.dsv'
[16.818s] INFO:colcon.colcon_core.shell:Creating environment hook '/home/ubuntu2204/mujoco_develop/excavator_ros2_ws/install/excavator_viewer/share/excavator_viewer/hook/cmake_prefix_path.sh'
[16.819s] Level 1:colcon.colcon_core.environment:checking '/home/ubuntu2204/mujoco_develop/excavator_ros2_ws/install/excavator_viewer/lib'
[16.819s] Level 1:colcon.colcon_core.environment:checking '/home/ubuntu2204/mujoco_develop/excavator_ros2_ws/install/excavator_viewer/bin'
[16.819s] Level 1:colcon.colcon_core.environment:checking '/home/ubuntu2204/mujoco_develop/excavator_ros2_ws/install/excavator_viewer/lib/pkgconfig/excavator_viewer.pc'
[16.819s] Level 1:colcon.colcon_core.environment:checking '/home/ubuntu2204/mujoco_develop/excavator_ros2_ws/install/excavator_viewer/lib/python3.10/site-packages'
[16.819s] Level 1:colcon.colcon_core.environment:checking '/home/ubuntu2204/mujoco_develop/excavator_ros2_ws/install/excavator_viewer/bin'
[16.820s] INFO:colcon.colcon_core.shell:Creating package script '/home/ubuntu2204/mujoco_develop/excavator_ros2_ws/install/excavator_viewer/share/excavator_viewer/package.ps1'
[16.820s] INFO:colcon.colcon_core.shell:Creating package descriptor '/home/ubuntu2204/mujoco_develop/excavator_ros2_ws/install/excavator_viewer/share/excavator_viewer/package.dsv'
[16.821s] INFO:colcon.colcon_core.shell:Creating package script '/home/ubuntu2204/mujoco_develop/excavator_ros2_ws/install/excavator_viewer/share/excavator_viewer/package.sh'
[16.821s] INFO:colcon.colcon_core.shell:Creating package script '/home/ubuntu2204/mujoco_develop/excavator_ros2_ws/install/excavator_viewer/share/excavator_viewer/package.bash'
[16.821s] INFO:colcon.colcon_core.shell:Creating package script '/home/ubuntu2204/mujoco_develop/excavator_ros2_ws/install/excavator_viewer/share/excavator_viewer/package.zsh'
[16.822s] Level 1:colcon.colcon_core.environment:create_file_with_runtime_dependencies(/home/ubuntu2204/mujoco_develop/excavator_ros2_ws/install/excavator_viewer/share/colcon-core/packages/excavator_viewer)
[16.822s] DEBUG:colcon.colcon_parallel_executor.executor.parallel:closing loop
[16.823s] DEBUG:colcon.colcon_parallel_executor.executor.parallel:loop closed
[16.823s] DEBUG:colcon.colcon_parallel_executor.executor.parallel:run_until_complete finished with '0'
[16.823s] DEBUG:colcon.colcon_core.event_reactor:joining thread
[16.891s] INFO:colcon.colcon_core.plugin_system:Skipping extension 'colcon_notification.desktop_notification.notify_send': Could not find 'notify-send'
[16.891s] INFO:colcon.colcon_core.plugin_system:Skipping extension 'colcon_notification.desktop_notification.terminal_notifier': Not used on non-Darwin systems
[16.891s] INFO:colcon.colcon_core.plugin_system:Skipping extension 'colcon_notification.desktop_notification.win32': Not used on non-Windows systems
[16.891s] INFO:colcon.colcon_notification.desktop_notification:Sending desktop notification using 'notify2'
[16.892s] DEBUG:colcon.colcon_notification.desktop_notification.notify2:Failed to initialize notify2: org.freedesktop.DBus.Error.ServiceUnknown: The name org.freedesktop.Notifications was not provided by any .service files
[16.892s] DEBUG:colcon.colcon_core.event_reactor:joined thread
[16.892s] INFO:colcon.colcon_core.shell:Creating prefix script '/home/ubuntu2204/mujoco_develop/excavator_ros2_ws/install/local_setup.ps1'
[16.893s] INFO:colcon.colcon_core.shell:Creating prefix util module '/home/ubuntu2204/mujoco_develop/excavator_ros2_ws/install/_local_setup_util_ps1.py'
[16.894s] INFO:colcon.colcon_core.shell:Creating prefix chain script '/home/ubuntu2204/mujoco_develop/excavator_ros2_ws/install/setup.ps1'
[16.895s] INFO:colcon.colcon_core.shell:Creating prefix script '/home/ubuntu2204/mujoco_develop/excavator_ros2_ws/install/local_setup.sh'
[16.896s] INFO:colcon.colcon_core.shell:Creating prefix util module '/home/ubuntu2204/mujoco_develop/excavator_ros2_ws/install/_local_setup_util_sh.py'
[16.896s] INFO:colcon.colcon_core.shell:Creating prefix chain script '/home/ubuntu2204/mujoco_develop/excavator_ros2_ws/install/setup.sh'
[16.897s] INFO:colcon.colcon_core.shell:Creating prefix script '/home/ubuntu2204/mujoco_develop/excavator_ros2_ws/install/local_setup.bash'
[16.897s] INFO:colcon.colcon_core.shell:Creating prefix chain script '/home/ubuntu2204/mujoco_develop/excavator_ros2_ws/install/setup.bash'
[16.898s] INFO:colcon.colcon_core.shell:Creating prefix script '/home/ubuntu2204/mujoco_develop/excavator_ros2_ws/install/local_setup.zsh'
[16.899s] INFO:colcon.colcon_core.shell:Creating prefix chain script '/home/ubuntu2204/mujoco_develop/excavator_ros2_ws/install/setup.zsh'
